2026-08-23T12:33:37.479411Z  INFO rockstream_cli: metrics server started metrics_addr=127.0.0.1:60796
2026-08-23T12:33:37.479842Z  INFO slatedb::db::builder: opening SlateDB database [path=gateway, settings={"flush_interval":"100ms","manifest_poll_interval":"1s","manifest_update_timeout":"300s","min_filter_keys":1000,"l0_sst_size_bytes":67108864,"max_wal_flushes_before_l0_flush":4096,"l0_max_ssts":8,"l0_max_ssts_per_key":8,"l0_flush_parallelism":4,"max_unflushed_bytes":1073741824,"compactor_options":{"poll_interval":"5s","manifest_update_timeout":"300s","max_sst_size":268435456,"max_concurrent_compactions":4,"max_fetch_tasks":4,"scheduler_options":{}},"compression_codec":null,"object_store_cache_options":{"root_folder":null,"max_cache_size_bytes":17179869184,"part_size_bytes":4194304,"cache_puts":false,"preload_disk_cache_on_startup":null,"scan_interval":"3600s","max_open_file_handles":1000},"garbage_collector_options":{"manifest_options":{"interval":"60s","min_age":"300s"},"wal_options":{"interval":"60s","min_age":"300s"},"compacted_options":{"interval":"60s","min_age":"300s"},"compactions_options":{"interval":"60s","min_age":"300s"},"detach_options":{"interval":"60s"}},"default_ttl":null}]
2026-08-23T12:33:37.483000Z  INFO slatedb::compactor_state_protocols: creating new compactions file [compactor_epoch=0]
2026-08-23T12:33:37.488321Z  INFO rockstream_cli: Gateway server starting with auth mode: off
2026-08-23T12:33:37.488529Z  INFO rockstream_cli: PostgreSQL wire gateway ready — connect with: psql -h 127.0.0.1 -p 60791 -U rockstream addr=127.0.0.1:60791
2026-08-23T12:38:37.562290Z  INFO slatedb::db_reader: refreshed checkpoint [checkpoint_id=7546e948-a4c2-461e-a604-870d0afadd9f, expire_time=Some(2026-08-23T12:48:37.557800958Z)]
2026-08-23T12:38:47.573440Z  INFO slatedb::db_reader: refreshed checkpoint [checkpoint_id=7546e948-a4c2-461e-a604-870d0afadd9f, expire_time=Some(2026-08-23T12:48:47.567825Z)]
2026-08-23T12:38:57.570864Z  INFO slatedb::db_reader: refreshed checkpoint [checkpoint_id=7546e948-a4c2-461e-a604-870d0afadd9f, expire_time=Some(2026-08-23T12:48:57.566108Z)]
2026-08-23T12:39:07.580825Z  INFO slatedb::db_reader: refreshed checkpoint [checkpoint_id=7546e948-a4c2-461e-a604-870d0afadd9f, expire_time=Some(2026-08-23T12:49:07.574367666Z)]
2026-08-23T12:39:17.582273Z  INFO slatedb::db_reader: refreshed checkpoint [checkpoint_id=7546e948-a4c2-461e-a604-870d0afadd9f, expire_time=Some(2026-08-23T12:49:17.576094333Z)]
2026-08-23T12:39:27.574289Z  INFO slatedb::db_reader: refreshed checkpoint [checkpoint_id=7546e948-a4c2-461e-a604-870d0afadd9f, expire_time=Some(2026-08-23T12:49:27.569098Z)]
2026-08-23T12:39:37.577173Z  INFO slatedb::db_reader: refreshed checkpoint [checkpoint_id=7546e948-a4c2-461e-a604-870d0afadd9f, expire_time=Some(2026-08-23T12:49:37.571825833Z)]
2026-08-23T12:39:47.582734Z  INFO slatedb::db_reader: refreshed checkpoint [checkpoint_id=7546e948-a4c2-461e-a604-870d0afadd9f, expire_time=Some(2026-08-23T12:49:47.576966833Z)]
2026-08-23T12:39:57.590194Z  INFO slatedb::db_reader: refreshed checkpoint [checkpoint_id=7546e948-a4c2-461e-a604-870d0afadd9f, expire_time=Some(2026-08-23T12:49:57.583653291Z)]
2026-08-23T12:40:07.592292Z  INFO slatedb::db_reader: refreshed checkpoint [checkpoint_id=7546e948-a4c2-461e-a604-870d0afadd9f, expire_time=Some(2026-08-23T12:50:07.585625791Z)]
2026-08-23T12:40:17.593474Z  INFO slatedb::db_reader: refreshed checkpoint [checkpoint_id=7546e948-a4c2-461e-a604-870d0afadd9f, expire_time=Some(2026-08-23T12:50:17.587052250Z)]
2026-08-23T12:40:27.599375Z  INFO slatedb::db_reader: refreshed checkpoint [checkpoint_id=7546e948-a4c2-461e-a604-870d0afadd9f, expire_time=Some(2026-08-23T12:50:27.592617208Z)]
2026-08-23T12:40:37.593416Z  INFO slatedb::db_reader: refreshed checkpoint [checkpoint_id=7546e948-a4c2-461e-a604-870d0afadd9f, expire_time=Some(2026-08-23T12:50:37.587260291Z)]
2026-08-23T12:40:47.601309Z  INFO slatedb::db_reader: refreshed checkpoint [checkpoint_id=7546e948-a4c2-461e-a604-870d0afadd9f, expire_time=Some(2026-08-23T12:50:47.595065333Z)]
2026-08-23T12:40:57.597345Z  INFO slatedb::db_reader: refreshed checkpoint [checkpoint_id=7546e948-a4c2-461e-a604-870d0afadd9f, expire_time=Some(2026-08-23T12:50:57.590993875Z)]
2026-08-23T12:41:07.613604Z  INFO slatedb::db_reader: refreshed checkpoint [checkpoint_id=7546e948-a4c2-461e-a604-870d0afadd9f, expire_time=Some(2026-08-23T12:51:07.604798125Z)]
2026-08-23T12:41:17.615828Z  INFO slatedb::db_reader: refreshed checkpoint [checkpoint_id=7546e948-a4c2-461e-a604-870d0afadd9f, expire_time=Some(2026-08-23T12:51:17.608215416Z)]
2026-08-23T12:41:27.616453Z  INFO slatedb::db_reader: refreshed checkpoint [checkpoint_id=7546e948-a4c2-461e-a604-870d0afadd9f, expire_time=Some(2026-08-23T12:51:27.608646791Z)]
2026-08-23T12:41:37.611757Z  INFO slatedb::db_reader: refreshed checkpoint [checkpoint_id=7546e948-a4c2-461e-a604-870d0afadd9f, expire_time=Some(2026-08-23T12:51:37.604852666Z)]
2026-08-23T12:41:47.625026Z  INFO slatedb::db_reader: refreshed checkpoint [checkpoint_id=7546e948-a4c2-461e-a604-870d0afadd9f, expire_time=Some(2026-08-23T12:51:47.617130625Z)]
2026-08-23T12:41:57.625798Z  INFO slatedb::db_reader: refreshed checkpoint [checkpoint_id=7546e948-a4c2-461e-a604-870d0afadd9f, expire_time=Some(2026-08-23T12:51:57.617650375Z)]
2026-08-23T12:42:07.630203Z  INFO slatedb::db_reader: refreshed checkpoint [checkpoint_id=7546e948-a4c2-461e-a604-870d0afadd9f, expire_time=Some(2026-08-23T12:52:07.621761791Z)]
2026-08-23T12:42:17.638715Z  INFO slatedb::db_reader: refreshed checkpoint [checkpoint_id=7546e948-a4c2-461e-a604-870d0afadd9f, expire_time=Some(2026-08-23T12:52:17.629953375Z)]
2026-08-23T12:42:27.642693Z  INFO slatedb::db_reader: refreshed checkpoint [checkpoint_id=7546e948-a4c2-461e-a604-870d0afadd9f, expire_time=Some(2026-08-23T12:52:27.633840458Z)]
2026-08-23T12:42:37.626481Z  INFO slatedb::db_reader: refreshed checkpoint [checkpoint_id=7546e948-a4c2-461e-a604-870d0afadd9f, expire_time=Some(2026-08-23T12:52:37.618788041Z)]
2026-08-23T12:42:47.639860Z  INFO slatedb::db_reader: refreshed checkpoint [checkpoint_id=7546e948-a4c2-461e-a604-870d0afadd9f, expire_time=Some(2026-08-23T12:52:47.632013583Z)]
2026-08-23T12:42:57.646032Z  INFO slatedb::db_reader: refreshed checkpoint [checkpoint_id=7546e948-a4c2-461e-a604-870d0afadd9f, expire_time=Some(2026-08-23T12:52:57.636908875Z)]
2026-08-23T12:43:07.650282Z  INFO slatedb::db_reader: refreshed checkpoint [checkpoint_id=7546e948-a4c2-461e-a604-870d0afadd9f, expire_time=Some(2026-08-23T12:53:07.641197500Z)]
2026-08-23T12:43:17.651015Z  INFO slatedb::db_reader: refreshed checkpoint [checkpoint_id=7546e948-a4c2-461e-a604-870d0afadd9f, expire_time=Some(2026-08-23T12:53:17.641451958Z)]
2026-08-23T12:43:27.652066Z  INFO slatedb::db_reader: refreshed checkpoint [checkpoint_id=7546e948-a4c2-461e-a604-870d0afadd9f, expire_time=Some(2026-08-23T12:53:27.642873Z)]
2026-08-23T12:43:37.642095Z  INFO slatedb::db_reader: refreshed checkpoint [checkpoint_id=7546e948-a4c2-461e-a604-870d0afadd9f, expire_time=Some(2026-08-23T12:53:37.633493Z)]
2026-08-23T12:43:47.651547Z  INFO slatedb::db_reader: refreshed checkpoint [checkpoint_id=7546e948-a4c2-461e-a604-870d0afadd9f, expire_time=Some(2026-08-23T12:53:47.642398791Z)]
2026-08-23T12:43:57.653078Z  INFO slatedb::db_reader: refreshed checkpoint [checkpoint_id=7546e948-a4c2-461e-a604-870d0afadd9f, expire_time=Some(2026-08-23T12:53:57.643934125Z)]
2026-08-23T12:44:07.651369Z  INFO slatedb::db_reader: refreshed checkpoint [checkpoint_id=7546e948-a4c2-461e-a604-870d0afadd9f, expire_time=Some(2026-08-23T12:54:07.642501833Z)]
2026-08-23T12:44:17.655158Z  INFO slatedb::db_reader: refreshed checkpoint [checkpoint_id=7546e948-a4c2-461e-a604-870d0afadd9f, expire_time=Some(2026-08-23T12:54:17.646157416Z)]
2026-08-23T12:44:27.661882Z  INFO slatedb::db_reader: refreshed checkpoint [checkpoint_id=7546e948-a4c2-461e-a604-870d0afadd9f, expire_time=Some(2026-08-23T12:54:27.652498791Z)]
2026-08-23T12:44:37.658627Z  INFO slatedb::db_reader: refreshed checkpoint [checkpoint_id=7546e948-a4c2-461e-a604-870d0afadd9f, expire_time=Some(2026-08-23T12:54:37.649446833Z)]
2026-08-23T12:44:47.669123Z  INFO slatedb::db_reader: refreshed checkpoint [checkpoint_id=7546e948-a4c2-461e-a604-870d0afadd9f, expire_time=Some(2026-08-23T12:54:47.659508291Z)]
2026-08-23T12:44:57.682845Z  INFO slatedb::db_reader: refreshed checkpoint [checkpoint_id=7546e948-a4c2-461e-a604-870d0afadd9f, expire_time=Some(2026-08-23T12:54:57.672857166Z)]
2026-08-23T12:45:07.673726Z  INFO slatedb::db_reader: refreshed checkpoint [checkpoint_id=7546e948-a4c2-461e-a604-870d0afadd9f, expire_time=Some(2026-08-23T12:55:07.663787708Z)]
2026-08-23T12:45:17.689958Z  INFO slatedb::db_reader: refreshed checkpoint [checkpoint_id=7546e948-a4c2-461e-a604-870d0afadd9f, expire_time=Some(2026-08-23T12:55:17.679260291Z)]
2026-08-23T12:45:27.679516Z  INFO slatedb::db_reader: refreshed checkpoint [checkpoint_id=7546e948-a4c2-461e-a604-870d0afadd9f, expire_time=Some(2026-08-23T12:55:27.669638125Z)]
2026-08-23T12:45:37.686433Z  INFO slatedb::db_reader: refreshed checkpoint [checkpoint_id=7546e948-a4c2-461e-a604-870d0afadd9f, expire_time=Some(2026-08-23T12:55:37.676334958Z)]
2026-08-23T12:45:47.683466Z  INFO slatedb::db_reader: refreshed checkpoint [checkpoint_id=7546e948-a4c2-461e-a604-870d0afadd9f, expire_time=Some(2026-08-23T12:55:47.673331250Z)]
2026-08-23T12:45:57.703219Z  INFO slatedb::db_reader: refreshed checkpoint [checkpoint_id=7546e948-a4c2-461e-a604-870d0afadd9f, expire_time=Some(2026-08-23T12:55:57.691748291Z)]
2026-08-23T12:46:07.710240Z  INFO slatedb::db_reader: refreshed checkpoint [checkpoint_id=7546e948-a4c2-461e-a604-870d0afadd9f, expire_time=Some(2026-08-23T12:56:07.698662250Z)]
2026-08-23T12:46:17.708323Z  INFO slatedb::db_reader: refreshed checkpoint [checkpoint_id=7546e948-a4c2-461e-a604-870d0afadd9f, expire_time=Some(2026-08-23T12:56:17.696908041Z)]
2026-08-23T12:46:27.691781Z  INFO slatedb::db_reader: refreshed checkpoint [checkpoint_id=7546e948-a4c2-461e-a604-870d0afadd9f, expire_time=Some(2026-08-23T12:56:27.681150500Z)]
2026-08-23T12:46:37.695328Z  INFO slatedb::db_reader: refreshed checkpoint [checkpoint_id=7546e948-a4c2-461e-a604-870d0afadd9f, expire_time=Some(2026-08-23T12:56:37.684551833Z)]
2026-08-23T12:46:47.752483Z  INFO slatedb::db_reader: refreshed checkpoint [checkpoint_id=7546e948-a4c2-461e-a604-870d0afadd9f, expire_time=Some(2026-08-23T12:56:47.740906583Z)]
2026-08-23T12:46:57.716475Z  INFO slatedb::db_reader: refreshed checkpoint [checkpoint_id=7546e948-a4c2-461e-a604-870d0afadd9f, expire_time=Some(2026-08-23T12:56:57.704366250Z)]
2026-08-23T12:47:07.714882Z  INFO slatedb::db_reader: refreshed checkpoint [checkpoint_id=7546e948-a4c2-461e-a604-870d0afadd9f, expire_time=Some(2026-08-23T12:57:07.702678541Z)]
2026-08-23T12:47:17.716637Z  INFO slatedb::db_reader: refreshed checkpoint [checkpoint_id=7546e948-a4c2-461e-a604-870d0afadd9f, expire_time=Some(2026-08-23T12:57:17.704339166Z)]
2026-08-23T12:47:27.717681Z  INFO slatedb::db_reader: refreshed checkpoint [checkpoint_id=7546e948-a4c2-461e-a604-870d0afadd9f, expire_time=Some(2026-08-23T12:57:27.706109375Z)]
2026-08-23T12:47:37.711695Z  INFO slatedb::db_reader: refreshed checkpoint [checkpoint_id=7546e948-a4c2-461e-a604-870d0afadd9f, expire_time=Some(2026-08-23T12:57:37.700063958Z)]
2026-08-23T12:47:47.714922Z  INFO slatedb::db_reader: refreshed checkpoint [checkpoint_id=7546e948-a4c2-461e-a604-870d0afadd9f, expire_time=Some(2026-08-23T12:57:47.703208833Z)]
2026-08-23T12:47:57.718067Z  INFO slatedb::db_reader: refreshed checkpoint [checkpoint_id=7546e948-a4c2-461e-a604-870d0afadd9f, expire_time=Some(2026-08-23T12:57:57.706151583Z)]
2026-08-23T12:48:07.721152Z  INFO slatedb::db_reader: refreshed checkpoint [checkpoint_id=7546e948-a4c2-461e-a604-870d0afadd9f, expire_time=Some(2026-08-23T12:58:07.709243833Z)]
2026-08-23T12:48:17.736598Z  INFO slatedb::db_reader: refreshed checkpoint [checkpoint_id=7546e948-a4c2-461e-a604-870d0afadd9f, expire_time=Some(2026-08-23T12:58:17.723574250Z)]
2026-08-23T12:48:27.736269Z  INFO slatedb::db_reader: refreshed checkpoint [checkpoint_id=7546e948-a4c2-461e-a604-870d0afadd9f, expire_time=Some(2026-08-23T12:58:27.723293041Z)]
2026-08-23T12:48:37.728146Z  INFO slatedb::db_reader: refreshed checkpoint [checkpoint_id=7546e948-a4c2-461e-a604-870d0afadd9f, expire_time=Some(2026-08-23T12:58:37.715736458Z)]
2026-08-23T12:48:47.742406Z  INFO slatedb::db_reader: refreshed checkpoint [checkpoint_id=7546e948-a4c2-461e-a604-870d0afadd9f, expire_time=Some(2026-08-23T12:58:47.729876958Z)]
2026-08-23T12:48:57.749332Z  INFO slatedb::db_reader: refreshed checkpoint [checkpoint_id=7546e948-a4c2-461e-a604-870d0afadd9f, expire_time=Some(2026-08-23T12:58:57.736582500Z)]
2026-08-23T12:49:07.747555Z  INFO slatedb::db_reader: refreshed checkpoint [checkpoint_id=7546e948-a4c2-461e-a604-870d0afadd9f, expire_time=Some(2026-08-23T12:59:07.734761583Z)]
2026-08-23T12:49:17.754570Z  INFO slatedb::db_reader: refreshed checkpoint [checkpoint_id=7546e948-a4c2-461e-a604-870d0afadd9f, expire_time=Some(2026-08-23T12:59:17.740697541Z)]
2026-08-23T12:49:27.757042Z  INFO slatedb::db_reader: refreshed checkpoint [checkpoint_id=7546e948-a4c2-461e-a604-870d0afadd9f, expire_time=Some(2026-08-23T12:59:27.743973750Z)]
2026-08-23T12:49:37.764264Z  INFO slatedb::db_reader: refreshed checkpoint [checkpoint_id=7546e948-a4c2-461e-a604-870d0afadd9f, expire_time=Some(2026-08-23T12:59:37.751048583Z)]
2026-08-23T12:49:47.759632Z  INFO slatedb::db_reader: refreshed checkpoint [checkpoint_id=7546e948-a4c2-461e-a604-870d0afadd9f, expire_time=Some(2026-08-23T12:59:47.746314083Z)]
2026-08-23T12:49:57.764174Z  INFO slatedb::db_reader: refreshed checkpoint [checkpoint_id=7546e948-a4c2-461e-a604-870d0afadd9f, expire_time=Some(2026-08-23T12:59:57.750758666Z)]
2026-08-23T12:50:07.766600Z  INFO slatedb::db_reader: refreshed checkpoint [checkpoint_id=7546e948-a4c2-461e-a604-870d0afadd9f, expire_time=Some(2026-08-23T13:00:07.753065291Z)]
2026-08-23T12:50:17.773360Z  INFO slatedb::db_reader: refreshed checkpoint [checkpoint_id=7546e948-a4c2-461e-a604-870d0afadd9f, expire_time=Some(2026-08-23T13:00:17.758850416Z)]
2026-08-23T12:50:27.752698Z  INFO slatedb::db_reader: refreshed checkpoint [checkpoint_id=7546e948-a4c2-461e-a604-870d0afadd9f, expire_time=Some(2026-08-23T13:00:27.738906500Z)]
2026-08-23T12:50:37.754833Z  INFO slatedb::db_reader: refreshed checkpoint [checkpoint_id=7546e948-a4c2-461e-a604-870d0afadd9f, expire_time=Some(2026-08-23T13:00:37.740921Z)]
2026-08-23T12:50:47.776291Z  INFO slatedb::db_reader: refreshed checkpoint [checkpoint_id=7546e948-a4c2-461e-a604-870d0afadd9f, expire_time=Some(2026-08-23T13:00:47.762122416Z)]
2026-08-23T12:50:57.770417Z  INFO slatedb::db_reader: refreshed checkpoint [checkpoint_id=7546e948-a4c2-461e-a604-870d0afadd9f, expire_time=Some(2026-08-23T13:00:57.755368583Z)]
2026-08-23T12:51:07.770830Z  INFO slatedb::db_reader: refreshed checkpoint [checkpoint_id=7546e948-a4c2-461e-a604-870d0afadd9f, expire_time=Some(2026-08-23T13:01:07.756472041Z)]
2026-08-23T12:51:17.764997Z  INFO slatedb::db_reader: refreshed checkpoint [checkpoint_id=7546e948-a4c2-461e-a604-870d0afadd9f, expire_time=Some(2026-08-23T13:01:17.750562250Z)]
2026-08-23T12:51:27.766974Z  INFO slatedb::db_reader: refreshed checkpoint [checkpoint_id=7546e948-a4c2-461e-a604-870d0afadd9f, expire_time=Some(2026-08-23T13:01:27.752384625Z)]
2026-08-23T12:51:37.773190Z  INFO slatedb::db_reader: refreshed checkpoint [checkpoint_id=7546e948-a4c2-461e-a604-870d0afadd9f, expire_time=Some(2026-08-23T13:01:37.758501791Z)]
2026-08-23T12:51:47.793317Z  INFO slatedb::db_reader: refreshed checkpoint [checkpoint_id=7546e948-a4c2-461e-a604-870d0afadd9f, expire_time=Some(2026-08-23T13:01:47.778491500Z)]
2026-08-23T12:51:57.784369Z  INFO slatedb::db_reader: refreshed checkpoint [checkpoint_id=7546e948-a4c2-461e-a604-870d0afadd9f, expire_time=Some(2026-08-23T13:01:57.769395583Z)]
2026-08-23T12:52:07.779128Z  INFO slatedb::db_reader: refreshed checkpoint [checkpoint_id=7546e948-a4c2-461e-a604-870d0afadd9f, expire_time=Some(2026-08-23T13:02:07.764047208Z)]
2026-08-23T12:52:17.793809Z  INFO slatedb::db_reader: refreshed checkpoint [checkpoint_id=7546e948-a4c2-461e-a604-870d0afadd9f, expire_time=Some(2026-08-23T13:02:17.778546958Z)]
2026-08-23T12:52:27.782705Z  INFO slatedb::db_reader: refreshed checkpoint [checkpoint_id=7546e948-a4c2-461e-a604-870d0afadd9f, expire_time=Some(2026-08-23T13:02:27.767372041Z)]
2026-08-23T12:52:37.787154Z  INFO slatedb::db_reader: refreshed checkpoint [checkpoint_id=7546e948-a4c2-461e-a604-870d0afadd9f, expire_time=Some(2026-08-23T13:02:37.771631Z)]
2026-08-23T12:52:47.808066Z  INFO slatedb::db_reader: refreshed checkpoint [checkpoint_id=7546e948-a4c2-461e-a604-870d0afadd9f, expire_time=Some(2026-08-23T13:02:47.791879500Z)]
2026-08-23T12:52:57.796191Z  INFO slatedb::db_reader: refreshed checkpoint [checkpoint_id=7546e948-a4c2-461e-a604-870d0afadd9f, expire_time=Some(2026-08-23T13:02:57.780566875Z)]
2026-08-23T12:53:07.798002Z  INFO slatedb::db_reader: refreshed checkpoint [checkpoint_id=7546e948-a4c2-461e-a604-870d0afadd9f, expire_time=Some(2026-08-23T13:03:07.792987833Z)]
2026-08-23T12:53:17.798374Z  INFO slatedb::db_reader: refreshed checkpoint [checkpoint_id=7546e948-a4c2-461e-a604-870d0afadd9f, expire_time=Some(2026-08-23T13:03:17.798935250Z)]
2026-08-23T12:53:27.801591Z  INFO slatedb::db_reader: refreshed checkpoint [checkpoint_id=7546e948-a4c2-461e-a604-870d0afadd9f, expire_time=Some(2026-08-23T13:03:27.804628791Z)]
2026-08-23T12:53:37.777601Z  INFO slatedb::db_reader: refreshed checkpoint [checkpoint_id=7546e948-a4c2-461e-a604-870d0afadd9f, expire_time=Some(2026-08-23T13:03:37.783138291Z)]
2026-08-23T12:53:47.790032Z  INFO slatedb::db_reader: refreshed checkpoint [checkpoint_id=7546e948-a4c2-461e-a604-870d0afadd9f, expire_time=Some(2026-08-23T13:03:47.795438875Z)]
2026-08-23T12:53:57.805786Z  INFO slatedb::db_reader: refreshed checkpoint [checkpoint_id=7546e948-a4c2-461e-a604-870d0afadd9f, expire_time=Some(2026-08-23T13:03:57.811765125Z)]
2026-08-23T12:54:07.811399Z  INFO slatedb::db_reader: refreshed checkpoint [checkpoint_id=7546e948-a4c2-461e-a604-870d0afadd9f, expire_time=Some(2026-08-23T13:04:07.817536166Z)]
2026-08-23T12:54:17.799194Z  INFO slatedb::db_reader: refreshed checkpoint [checkpoint_id=7546e948-a4c2-461e-a604-870d0afadd9f, expire_time=Some(2026-08-23T13:04:17.805819500Z)]
2026-08-23T12:54:27.813138Z  INFO slatedb::db_reader: refreshed checkpoint [checkpoint_id=7546e948-a4c2-461e-a604-870d0afadd9f, expire_time=Some(2026-08-23T13:04:27.819736750Z)]
2026-08-23T12:54:37.794332Z  INFO slatedb::db_reader: refreshed checkpoint [checkpoint_id=7546e948-a4c2-461e-a604-870d0afadd9f, expire_time=Some(2026-08-23T13:04:37.801236916Z)]
2026-08-23T12:54:47.798526Z  INFO slatedb::db_reader: refreshed checkpoint [checkpoint_id=7546e948-a4c2-461e-a604-870d0afadd9f, expire_time=Some(2026-08-23T13:04:47.805210125Z)]
2026-08-23T12:54:57.816962Z  INFO slatedb::db_reader: refreshed checkpoint [checkpoint_id=7546e948-a4c2-461e-a604-870d0afadd9f, expire_time=Some(2026-08-23T13:04:57.823072Z)]
2026-08-23T12:55:07.804483Z  INFO slatedb::db_reader: refreshed checkpoint [checkpoint_id=7546e948-a4c2-461e-a604-870d0afadd9f, expire_time=Some(2026-08-23T13:05:07.811267208Z)]
2026-08-23T12:55:17.814024Z  INFO slatedb::db_reader: refreshed checkpoint [checkpoint_id=7546e948-a4c2-461e-a604-870d0afadd9f, expire_time=Some(2026-08-23T13:05:17.820484458Z)]
2026-08-23T12:55:27.823002Z  INFO slatedb::db_reader: refreshed checkpoint [checkpoint_id=7546e948-a4c2-461e-a604-870d0afadd9f, expire_time=Some(2026-08-23T13:05:27.829490333Z)]
2026-08-23T12:55:37.806461Z  INFO slatedb::db_reader: refreshed checkpoint [checkpoint_id=7546e948-a4c2-461e-a604-870d0afadd9f, expire_time=Some(2026-08-23T13:05:37.812987500Z)]
2026-08-23T12:55:47.823706Z  INFO slatedb::db_reader: refreshed checkpoint [checkpoint_id=7546e948-a4c2-461e-a604-870d0afadd9f, expire_time=Some(2026-08-23T13:05:47.829771750Z)]
2026-08-23T12:55:57.835829Z  INFO slatedb::db_reader: refreshed checkpoint [checkpoint_id=7546e948-a4c2-461e-a604-870d0afadd9f, expire_time=Some(2026-08-23T13:05:57.841476458Z)]
2026-08-23T12:56:07.830171Z  INFO slatedb::db_reader: refreshed checkpoint [checkpoint_id=7546e948-a4c2-461e-a604-870d0afadd9f, expire_time=Some(2026-08-23T13:06:07.836091833Z)]
2026-08-23T12:56:17.837815Z  INFO slatedb::db_reader: refreshed checkpoint [checkpoint_id=7546e948-a4c2-461e-a604-870d0afadd9f, expire_time=Some(2026-08-23T13:06:17.843504Z)]
2026-08-23T12:56:27.824223Z  INFO slatedb::db_reader: refreshed checkpoint [checkpoint_id=7546e948-a4c2-461e-a604-870d0afadd9f, expire_time=Some(2026-08-23T13:06:27.830598541Z)]
2026-08-23T12:56:37.817627Z  INFO slatedb::db_reader: refreshed checkpoint [checkpoint_id=7546e948-a4c2-461e-a604-870d0afadd9f, expire_time=Some(2026-08-23T13:06:37.823805416Z)]
2026-08-23T12:56:47.843931Z  INFO slatedb::db_reader: refreshed checkpoint [checkpoint_id=7546e948-a4c2-461e-a604-870d0afadd9f, expire_time=Some(2026-08-23T13:06:47.849525583Z)]
2026-08-23T12:56:57.825480Z  INFO slatedb::db_reader: refreshed checkpoint [checkpoint_id=7546e948-a4c2-461e-a604-870d0afadd9f, expire_time=Some(2026-08-23T13:06:57.831487333Z)]
2026-08-23T12:57:07.839032Z  INFO slatedb::db_reader: refreshed checkpoint [checkpoint_id=7546e948-a4c2-461e-a604-870d0afadd9f, expire_time=Some(2026-08-23T13:07:07.845197458Z)]
2026-08-23T12:57:17.841468Z  INFO slatedb::db_reader: refreshed checkpoint [checkpoint_id=7546e948-a4c2-461e-a604-870d0afadd9f, expire_time=Some(2026-08-23T13:07:17.847574750Z)]
2026-08-23T12:57:27.843579Z  INFO slatedb::db_reader: refreshed checkpoint [checkpoint_id=7546e948-a4c2-461e-a604-870d0afadd9f, expire_time=Some(2026-08-23T13:07:27.849647708Z)]
2026-08-23T12:57:37.828803Z  INFO slatedb::db_reader: refreshed checkpoint [checkpoint_id=7546e948-a4c2-461e-a604-870d0afadd9f, expire_time=Some(2026-08-23T13:07:37.834813041Z)]
2026-08-23T12:57:47.842805Z  INFO slatedb::db_reader: refreshed checkpoint [checkpoint_id=7546e948-a4c2-461e-a604-870d0afadd9f, expire_time=Some(2026-08-23T13:07:47.848706416Z)]
2026-08-23T12:57:57.845856Z  INFO slatedb::db_reader: refreshed checkpoint [checkpoint_id=7546e948-a4c2-461e-a604-870d0afadd9f, expire_time=Some(2026-08-23T13:07:57.851718583Z)]
2026-08-23T12:58:07.839177Z  INFO slatedb::db_reader: refreshed checkpoint [checkpoint_id=7546e948-a4c2-461e-a604-870d0afadd9f, expire_time=Some(2026-08-23T13:08:07.845001208Z)]
2026-08-23T12:58:17.859183Z  INFO slatedb::db_reader: refreshed checkpoint [checkpoint_id=7546e948-a4c2-461e-a604-870d0afadd9f, expire_time=Some(2026-08-23T13:08:17.865011125Z)]
2026-08-23T12:58:27.839884Z  INFO slatedb::db_reader: refreshed checkpoint [checkpoint_id=7546e948-a4c2-461e-a604-870d0afadd9f, expire_time=Some(2026-08-23T13:08:27.845637083Z)]
2026-08-23T12:58:37.841728Z  INFO slatedb::db_reader: refreshed checkpoint [checkpoint_id=7546e948-a4c2-461e-a604-870d0afadd9f, expire_time=Some(2026-08-23T13:08:37.847427708Z)]
2026-08-23T12:58:47.860895Z  INFO slatedb::db_reader: refreshed checkpoint [checkpoint_id=7546e948-a4c2-461e-a604-870d0afadd9f, expire_time=Some(2026-08-23T13:08:47.866259458Z)]
2026-08-23T12:58:57.877384Z  INFO slatedb::db_reader: refreshed checkpoint [checkpoint_id=7546e948-a4c2-461e-a604-870d0afadd9f, expire_time=Some(2026-08-23T13:08:57.882421333Z)]
2026-08-23T12:59:07.868602Z  INFO slatedb::db_reader: refreshed checkpoint [checkpoint_id=7546e948-a4c2-461e-a604-870d0afadd9f, expire_time=Some(2026-08-23T13:09:07.873645708Z)]
2026-08-23T12:59:17.879224Z  INFO slatedb::db_reader: refreshed checkpoint [checkpoint_id=7546e948-a4c2-461e-a604-870d0afadd9f, expire_time=Some(2026-08-23T13:09:17.883991291Z)]
2026-08-23T12:59:27.883477Z  INFO slatedb::db_reader: refreshed checkpoint [checkpoint_id=7546e948-a4c2-461e-a604-870d0afadd9f, expire_time=Some(2026-08-23T13:09:27.888027708Z)]
2026-08-23T12:59:37.857213Z  INFO slatedb::db_reader: refreshed checkpoint [checkpoint_id=7546e948-a4c2-461e-a604-870d0afadd9f, expire_time=Some(2026-08-23T13:09:37.862625666Z)]
2026-08-23T12:59:47.874102Z  INFO slatedb::db_reader: refreshed checkpoint [checkpoint_id=7546e948-a4c2-461e-a604-870d0afadd9f, expire_time=Some(2026-08-23T13:09:47.879191958Z)]
2026-08-23T12:59:57.894398Z  INFO slatedb::db_reader: refreshed checkpoint [checkpoint_id=7546e948-a4c2-461e-a604-870d0afadd9f, expire_time=Some(2026-08-23T13:09:57.898879375Z)]
2026-08-23T13:00:07.873625Z  INFO slatedb::db_reader: refreshed checkpoint [checkpoint_id=7546e948-a4c2-461e-a604-870d0afadd9f, expire_time=Some(2026-08-23T13:10:07.878606458Z)]
2026-08-23T13:00:17.871757Z  INFO slatedb::db_reader: refreshed checkpoint [checkpoint_id=7546e948-a4c2-461e-a604-870d0afadd9f, expire_time=Some(2026-08-23T13:10:17.876855791Z)]
2026-08-23T13:00:27.899310Z  INFO slatedb::db_reader: refreshed checkpoint [checkpoint_id=7546e948-a4c2-461e-a604-870d0afadd9f, expire_time=Some(2026-08-23T13:10:27.904436916Z)]
2026-08-23T13:00:37.871695Z  INFO slatedb::db_reader: refreshed checkpoint [checkpoint_id=7546e948-a4c2-461e-a604-870d0afadd9f, expire_time=Some(2026-08-23T13:10:37.876743916Z)]
2026-08-23T13:00:47.875111Z  INFO slatedb::db_reader: refreshed checkpoint [checkpoint_id=7546e948-a4c2-461e-a604-870d0afadd9f, expire_time=Some(2026-08-23T13:10:47.880012583Z)]
2026-08-23T13:00:57.889752Z  INFO slatedb::db_reader: refreshed checkpoint [checkpoint_id=7546e948-a4c2-461e-a604-870d0afadd9f, expire_time=Some(2026-08-23T13:10:57.894343541Z)]
2026-08-23T13:01:07.878257Z  INFO slatedb::db_reader: refreshed checkpoint [checkpoint_id=7546e948-a4c2-461e-a604-870d0afadd9f, expire_time=Some(2026-08-23T13:11:07.883003250Z)]
2026-08-23T13:01:17.876660Z  INFO slatedb::db_reader: refreshed checkpoint [checkpoint_id=7546e948-a4c2-461e-a604-870d0afadd9f, expire_time=Some(2026-08-23T13:11:17.881535750Z)]
2026-08-23T13:01:27.885972Z  INFO slatedb::db_reader: refreshed checkpoint [checkpoint_id=7546e948-a4c2-461e-a604-870d0afadd9f, expire_time=Some(2026-08-23T13:11:27.890483875Z)]
2026-08-23T13:01:37.881902Z  INFO slatedb::db_reader: refreshed checkpoint [checkpoint_id=7546e948-a4c2-461e-a604-870d0afadd9f, expire_time=Some(2026-08-23T13:11:37.886588750Z)]
2026-08-23T13:01:43.363536Z  INFO rockstream_cli: shutdown signal received — stopping gateway
2026-08-23T13:01:43.397978Z  INFO rockstream: rockstream: node stopped cleanly audit=/var/folders/vq/593qxcm57l90w1dlpywl_7nw0000gn/T/rockstream-r1-local-A68v6l/gateway/audit.jsonl bundle=/var/folders/vq/593qxcm57l90w1dlpywl_7nw0000gn/T/rockstream-r1-local-A68v6l/gateway/support-bundle-1787490103364.json events=7
