2026-08-23T15:27:56.638844Z  INFO rockstream_cli: metrics server started metrics_addr=127.0.0.1:52567
2026-08-23T15:27:56.639223Z  INFO slatedb::db::builder: opening SlateDB database [path=gateway, settings={"flush_interval":"100ms","manifest_poll_interval":"1s","manifest_update_timeout":"300s","min_filter_keys":1000,"l0_sst_size_bytes":67108864,"max_wal_flushes_before_l0_flush":4096,"l0_max_ssts":8,"l0_max_ssts_per_key":8,"l0_flush_parallelism":4,"max_unflushed_bytes":1073741824,"compactor_options":{"poll_interval":"5s","manifest_update_timeout":"300s","max_sst_size":268435456,"max_concurrent_compactions":4,"max_fetch_tasks":4,"scheduler_options":{}},"compression_codec":null,"object_store_cache_options":{"root_folder":null,"max_cache_size_bytes":17179869184,"part_size_bytes":4194304,"cache_puts":false,"preload_disk_cache_on_startup":null,"scan_interval":"3600s","max_open_file_handles":1000},"garbage_collector_options":{"manifest_options":{"interval":"60s","min_age":"300s"},"wal_options":{"interval":"60s","min_age":"300s"},"compacted_options":{"interval":"60s","min_age":"300s"},"compactions_options":{"interval":"60s","min_age":"300s"},"detach_options":{"interval":"60s"}},"default_ttl":null}]
2026-08-23T15:27:56.641828Z  INFO slatedb::compactor_state_protocols: creating new compactions file [compactor_epoch=0]
2026-08-23T15:27:56.646519Z  INFO rockstream_cli: Gateway server starting with auth mode: off
2026-08-23T15:27:56.646652Z  INFO rockstream_cli: PostgreSQL wire gateway ready — connect with: psql -h 127.0.0.1 -p 52562 -U rockstream addr=127.0.0.1:52562
2026-08-23T15:32:56.707472Z  INFO slatedb::db_reader: refreshed checkpoint [checkpoint_id=b63ca426-aaf0-450f-b753-ecf83759f9f7, expire_time=Some(2026-08-23T15:42:56.701656Z)]
2026-08-23T15:33:06.707261Z  INFO slatedb::db_reader: refreshed checkpoint [checkpoint_id=b63ca426-aaf0-450f-b753-ecf83759f9f7, expire_time=Some(2026-08-23T15:43:06.701605875Z)]
2026-08-23T15:33:16.713067Z  INFO slatedb::db_reader: refreshed checkpoint [checkpoint_id=b63ca426-aaf0-450f-b753-ecf83759f9f7, expire_time=Some(2026-08-23T15:43:16.706758875Z)]
2026-08-23T15:33:26.711423Z  INFO slatedb::db_reader: refreshed checkpoint [checkpoint_id=b63ca426-aaf0-450f-b753-ecf83759f9f7, expire_time=Some(2026-08-23T15:43:26.705447375Z)]
2026-08-23T15:33:36.714718Z  INFO slatedb::db_reader: refreshed checkpoint [checkpoint_id=b63ca426-aaf0-450f-b753-ecf83759f9f7, expire_time=Some(2026-08-23T15:43:36.708591209Z)]
2026-08-23T15:33:46.725014Z  INFO slatedb::db_reader: refreshed checkpoint [checkpoint_id=b63ca426-aaf0-450f-b753-ecf83759f9f7, expire_time=Some(2026-08-23T15:43:46.717803042Z)]
2026-08-23T15:33:56.718559Z  INFO slatedb::db_reader: refreshed checkpoint [checkpoint_id=b63ca426-aaf0-450f-b753-ecf83759f9f7, expire_time=Some(2026-08-23T15:43:56.712108917Z)]
2026-08-23T15:34:06.725722Z  INFO slatedb::db_reader: refreshed checkpoint [checkpoint_id=b63ca426-aaf0-450f-b753-ecf83759f9f7, expire_time=Some(2026-08-23T15:44:06.718556375Z)]
2026-08-23T15:34:16.726854Z  INFO slatedb::db_reader: refreshed checkpoint [checkpoint_id=b63ca426-aaf0-450f-b753-ecf83759f9f7, expire_time=Some(2026-08-23T15:44:16.719748667Z)]
2026-08-23T15:34:26.728262Z  INFO slatedb::db_reader: refreshed checkpoint [checkpoint_id=b63ca426-aaf0-450f-b753-ecf83759f9f7, expire_time=Some(2026-08-23T15:44:26.720900292Z)]
2026-08-23T15:34:36.728342Z  INFO slatedb::db_reader: refreshed checkpoint [checkpoint_id=b63ca426-aaf0-450f-b753-ecf83759f9f7, expire_time=Some(2026-08-23T15:44:36.721180209Z)]
2026-08-23T15:34:46.732144Z  INFO slatedb::db_reader: refreshed checkpoint [checkpoint_id=b63ca426-aaf0-450f-b753-ecf83759f9f7, expire_time=Some(2026-08-23T15:44:46.724766209Z)]
2026-08-23T15:34:56.735126Z  INFO slatedb::db_reader: refreshed checkpoint [checkpoint_id=b63ca426-aaf0-450f-b753-ecf83759f9f7, expire_time=Some(2026-08-23T15:44:56.727561209Z)]
2026-08-23T15:35:06.738053Z  INFO slatedb::db_reader: refreshed checkpoint [checkpoint_id=b63ca426-aaf0-450f-b753-ecf83759f9f7, expire_time=Some(2026-08-23T15:45:06.730226500Z)]
2026-08-23T15:35:16.740970Z  INFO slatedb::db_reader: refreshed checkpoint [checkpoint_id=b63ca426-aaf0-450f-b753-ecf83759f9f7, expire_time=Some(2026-08-23T15:45:16.733175750Z)]
2026-08-23T15:35:26.746059Z  INFO slatedb::db_reader: refreshed checkpoint [checkpoint_id=b63ca426-aaf0-450f-b753-ecf83759f9f7, expire_time=Some(2026-08-23T15:45:26.738091917Z)]
2026-08-23T15:35:36.750346Z  INFO slatedb::db_reader: refreshed checkpoint [checkpoint_id=b63ca426-aaf0-450f-b753-ecf83759f9f7, expire_time=Some(2026-08-23T15:45:36.742132417Z)]
2026-08-23T15:35:46.752148Z  INFO slatedb::db_reader: refreshed checkpoint [checkpoint_id=b63ca426-aaf0-450f-b753-ecf83759f9f7, expire_time=Some(2026-08-23T15:45:46.743828042Z)]
2026-08-23T15:35:56.754958Z  INFO slatedb::db_reader: refreshed checkpoint [checkpoint_id=b63ca426-aaf0-450f-b753-ecf83759f9f7, expire_time=Some(2026-08-23T15:45:56.746518959Z)]
2026-08-23T15:36:06.759491Z  INFO slatedb::db_reader: refreshed checkpoint [checkpoint_id=b63ca426-aaf0-450f-b753-ecf83759f9f7, expire_time=Some(2026-08-23T15:46:06.750847417Z)]
2026-08-23T15:36:16.760524Z  INFO slatedb::db_reader: refreshed checkpoint [checkpoint_id=b63ca426-aaf0-450f-b753-ecf83759f9f7, expire_time=Some(2026-08-23T15:46:16.751717084Z)]
2026-08-23T15:36:26.763225Z  INFO slatedb::db_reader: refreshed checkpoint [checkpoint_id=b63ca426-aaf0-450f-b753-ecf83759f9f7, expire_time=Some(2026-08-23T15:46:26.754077834Z)]
2026-08-23T15:36:36.762615Z  INFO slatedb::db_reader: refreshed checkpoint [checkpoint_id=b63ca426-aaf0-450f-b753-ecf83759f9f7, expire_time=Some(2026-08-23T15:46:36.753206Z)]
2026-08-23T15:36:46.763246Z  INFO slatedb::db_reader: refreshed checkpoint [checkpoint_id=b63ca426-aaf0-450f-b753-ecf83759f9f7, expire_time=Some(2026-08-23T15:46:46.753980084Z)]
2026-08-23T15:36:56.768986Z  INFO slatedb::db_reader: refreshed checkpoint [checkpoint_id=b63ca426-aaf0-450f-b753-ecf83759f9f7, expire_time=Some(2026-08-23T15:46:56.759322334Z)]
2026-08-23T15:37:06.772050Z  INFO slatedb::db_reader: refreshed checkpoint [checkpoint_id=b63ca426-aaf0-450f-b753-ecf83759f9f7, expire_time=Some(2026-08-23T15:47:06.762044417Z)]
2026-08-23T15:37:16.777522Z  INFO slatedb::db_reader: refreshed checkpoint [checkpoint_id=b63ca426-aaf0-450f-b753-ecf83759f9f7, expire_time=Some(2026-08-23T15:47:16.767220209Z)]
2026-08-23T15:37:26.777926Z  INFO slatedb::db_reader: refreshed checkpoint [checkpoint_id=b63ca426-aaf0-450f-b753-ecf83759f9f7, expire_time=Some(2026-08-23T15:47:26.767686875Z)]
2026-08-23T15:37:36.778517Z  INFO slatedb::db_reader: refreshed checkpoint [checkpoint_id=b63ca426-aaf0-450f-b753-ecf83759f9f7, expire_time=Some(2026-08-23T15:47:36.768378292Z)]
2026-08-23T15:37:46.787377Z  INFO slatedb::db_reader: refreshed checkpoint [checkpoint_id=b63ca426-aaf0-450f-b753-ecf83759f9f7, expire_time=Some(2026-08-23T15:47:46.776854334Z)]
2026-08-23T15:37:56.787349Z  INFO slatedb::db_reader: refreshed checkpoint [checkpoint_id=b63ca426-aaf0-450f-b753-ecf83759f9f7, expire_time=Some(2026-08-23T15:47:56.776487709Z)]
2026-08-23T15:38:06.787156Z  INFO slatedb::db_reader: refreshed checkpoint [checkpoint_id=b63ca426-aaf0-450f-b753-ecf83759f9f7, expire_time=Some(2026-08-23T15:48:06.775952Z)]
2026-08-23T15:38:16.795214Z  INFO slatedb::db_reader: refreshed checkpoint [checkpoint_id=b63ca426-aaf0-450f-b753-ecf83759f9f7, expire_time=Some(2026-08-23T15:48:16.783673584Z)]
2026-08-23T15:38:26.796404Z  INFO slatedb::db_reader: refreshed checkpoint [checkpoint_id=b63ca426-aaf0-450f-b753-ecf83759f9f7, expire_time=Some(2026-08-23T15:48:26.784886334Z)]
2026-08-23T15:38:36.790872Z  INFO slatedb::db_reader: refreshed checkpoint [checkpoint_id=b63ca426-aaf0-450f-b753-ecf83759f9f7, expire_time=Some(2026-08-23T15:48:36.779874417Z)]
2026-08-23T15:38:46.799940Z  INFO slatedb::db_reader: refreshed checkpoint [checkpoint_id=b63ca426-aaf0-450f-b753-ecf83759f9f7, expire_time=Some(2026-08-23T15:48:46.787837459Z)]
2026-08-23T15:38:56.798038Z  INFO slatedb::db_reader: refreshed checkpoint [checkpoint_id=b63ca426-aaf0-450f-b753-ecf83759f9f7, expire_time=Some(2026-08-23T15:48:56.786521500Z)]
2026-08-23T15:39:06.798412Z  INFO slatedb::db_reader: refreshed checkpoint [checkpoint_id=b63ca426-aaf0-450f-b753-ecf83759f9f7, expire_time=Some(2026-08-23T15:49:06.786761042Z)]
2026-08-23T15:39:16.802765Z  INFO slatedb::db_reader: refreshed checkpoint [checkpoint_id=b63ca426-aaf0-450f-b753-ecf83759f9f7, expire_time=Some(2026-08-23T15:49:16.790950125Z)]
2026-08-23T15:39:26.804800Z  INFO slatedb::db_reader: refreshed checkpoint [checkpoint_id=b63ca426-aaf0-450f-b753-ecf83759f9f7, expire_time=Some(2026-08-23T15:49:26.792746584Z)]
2026-08-23T15:39:36.806656Z  INFO slatedb::db_reader: refreshed checkpoint [checkpoint_id=b63ca426-aaf0-450f-b753-ecf83759f9f7, expire_time=Some(2026-08-23T15:49:36.794562167Z)]
2026-08-23T15:39:46.807946Z  INFO slatedb::db_reader: refreshed checkpoint [checkpoint_id=b63ca426-aaf0-450f-b753-ecf83759f9f7, expire_time=Some(2026-08-23T15:49:46.795748542Z)]
2026-08-23T15:39:56.811545Z  INFO slatedb::db_reader: refreshed checkpoint [checkpoint_id=b63ca426-aaf0-450f-b753-ecf83759f9f7, expire_time=Some(2026-08-23T15:49:56.799065667Z)]
2026-08-23T15:40:06.811328Z  INFO slatedb::db_reader: refreshed checkpoint [checkpoint_id=b63ca426-aaf0-450f-b753-ecf83759f9f7, expire_time=Some(2026-08-23T15:50:06.798778792Z)]
2026-08-23T15:40:16.818573Z  INFO slatedb::db_reader: refreshed checkpoint [checkpoint_id=b63ca426-aaf0-450f-b753-ecf83759f9f7, expire_time=Some(2026-08-23T15:50:16.805550292Z)]
2026-08-23T15:40:26.822991Z  INFO slatedb::db_reader: refreshed checkpoint [checkpoint_id=b63ca426-aaf0-450f-b753-ecf83759f9f7, expire_time=Some(2026-08-23T15:50:26.809447834Z)]
2026-08-23T15:40:36.819187Z  INFO slatedb::db_reader: refreshed checkpoint [checkpoint_id=b63ca426-aaf0-450f-b753-ecf83759f9f7, expire_time=Some(2026-08-23T15:50:36.806176209Z)]
2026-08-23T15:40:46.822370Z  INFO slatedb::db_reader: refreshed checkpoint [checkpoint_id=b63ca426-aaf0-450f-b753-ecf83759f9f7, expire_time=Some(2026-08-23T15:50:46.809110959Z)]
2026-08-23T15:40:56.824513Z  INFO slatedb::db_reader: refreshed checkpoint [checkpoint_id=b63ca426-aaf0-450f-b753-ecf83759f9f7, expire_time=Some(2026-08-23T15:50:56.811081125Z)]
2026-08-23T15:41:06.829503Z  INFO slatedb::db_reader: refreshed checkpoint [checkpoint_id=b63ca426-aaf0-450f-b753-ecf83759f9f7, expire_time=Some(2026-08-23T15:51:06.815754292Z)]
2026-08-23T15:41:16.839094Z  INFO slatedb::db_reader: refreshed checkpoint [checkpoint_id=b63ca426-aaf0-450f-b753-ecf83759f9f7, expire_time=Some(2026-08-23T15:51:16.824952Z)]
2026-08-23T15:41:26.843573Z  INFO slatedb::db_reader: refreshed checkpoint [checkpoint_id=b63ca426-aaf0-450f-b753-ecf83759f9f7, expire_time=Some(2026-08-23T15:51:26.828887667Z)]
2026-08-23T15:41:36.832433Z  INFO slatedb::db_reader: refreshed checkpoint [checkpoint_id=b63ca426-aaf0-450f-b753-ecf83759f9f7, expire_time=Some(2026-08-23T15:51:36.818442542Z)]
2026-08-23T15:41:46.835458Z  INFO slatedb::db_reader: refreshed checkpoint [checkpoint_id=b63ca426-aaf0-450f-b753-ecf83759f9f7, expire_time=Some(2026-08-23T15:51:46.821251917Z)]
2026-08-23T15:41:56.851194Z  INFO slatedb::db_reader: refreshed checkpoint [checkpoint_id=b63ca426-aaf0-450f-b753-ecf83759f9f7, expire_time=Some(2026-08-23T15:51:56.836171459Z)]
2026-08-23T15:42:06.844571Z  INFO slatedb::db_reader: refreshed checkpoint [checkpoint_id=b63ca426-aaf0-450f-b753-ecf83759f9f7, expire_time=Some(2026-08-23T15:52:06.829524834Z)]
2026-08-23T15:42:16.859628Z  INFO slatedb::db_reader: refreshed checkpoint [checkpoint_id=b63ca426-aaf0-450f-b753-ecf83759f9f7, expire_time=Some(2026-08-23T15:52:16.844113042Z)]
2026-08-23T15:42:26.843967Z  INFO slatedb::db_reader: refreshed checkpoint [checkpoint_id=b63ca426-aaf0-450f-b753-ecf83759f9f7, expire_time=Some(2026-08-23T15:52:26.829188292Z)]
2026-08-23T15:42:36.847197Z  INFO slatedb::db_reader: refreshed checkpoint [checkpoint_id=b63ca426-aaf0-450f-b753-ecf83759f9f7, expire_time=Some(2026-08-23T15:52:36.832184542Z)]
2026-08-23T15:42:46.849808Z  INFO slatedb::db_reader: refreshed checkpoint [checkpoint_id=b63ca426-aaf0-450f-b753-ecf83759f9f7, expire_time=Some(2026-08-23T15:52:46.834569084Z)]
2026-08-23T15:42:56.853266Z  INFO slatedb::db_reader: refreshed checkpoint [checkpoint_id=b63ca426-aaf0-450f-b753-ecf83759f9f7, expire_time=Some(2026-08-23T15:52:56.837888042Z)]
2026-08-23T15:43:06.859715Z  INFO slatedb::db_reader: refreshed checkpoint [checkpoint_id=b63ca426-aaf0-450f-b753-ecf83759f9f7, expire_time=Some(2026-08-23T15:53:06.844064459Z)]
2026-08-23T15:43:16.870514Z  INFO slatedb::db_reader: refreshed checkpoint [checkpoint_id=b63ca426-aaf0-450f-b753-ecf83759f9f7, expire_time=Some(2026-08-23T15:53:16.854705709Z)]
2026-08-23T15:43:26.890507Z  INFO slatedb::db_reader: refreshed checkpoint [checkpoint_id=b63ca426-aaf0-450f-b753-ecf83759f9f7, expire_time=Some(2026-08-23T15:53:26.868751875Z)]
2026-08-23T15:43:36.878898Z  INFO slatedb::db_reader: refreshed checkpoint [checkpoint_id=b63ca426-aaf0-450f-b753-ecf83759f9f7, expire_time=Some(2026-08-23T15:53:36.862653209Z)]
2026-08-23T15:43:46.863084Z  INFO slatedb::db_reader: refreshed checkpoint [checkpoint_id=b63ca426-aaf0-450f-b753-ecf83759f9f7, expire_time=Some(2026-08-23T15:53:46.846840750Z)]
2026-08-23T15:43:56.865771Z  INFO slatedb::db_reader: refreshed checkpoint [checkpoint_id=b63ca426-aaf0-450f-b753-ecf83759f9f7, expire_time=Some(2026-08-23T15:53:56.849283584Z)]
2026-08-23T15:44:06.866765Z  INFO slatedb::db_reader: refreshed checkpoint [checkpoint_id=b63ca426-aaf0-450f-b753-ecf83759f9f7, expire_time=Some(2026-08-23T15:54:06.849852042Z)]
2026-08-23T15:44:16.877726Z  INFO slatedb::db_reader: refreshed checkpoint [checkpoint_id=b63ca426-aaf0-450f-b753-ecf83759f9f7, expire_time=Some(2026-08-23T15:54:16.860738042Z)]
2026-08-23T15:44:26.870852Z  INFO slatedb::db_reader: refreshed checkpoint [checkpoint_id=b63ca426-aaf0-450f-b753-ecf83759f9f7, expire_time=Some(2026-08-23T15:54:26.854039709Z)]
2026-08-23T15:44:36.872016Z  INFO slatedb::db_reader: refreshed checkpoint [checkpoint_id=b63ca426-aaf0-450f-b753-ecf83759f9f7, expire_time=Some(2026-08-23T15:54:36.855046625Z)]
2026-08-23T15:44:46.874754Z  INFO slatedb::db_reader: refreshed checkpoint [checkpoint_id=b63ca426-aaf0-450f-b753-ecf83759f9f7, expire_time=Some(2026-08-23T15:54:46.857460500Z)]
2026-08-23T15:44:56.884661Z  INFO slatedb::db_reader: refreshed checkpoint [checkpoint_id=b63ca426-aaf0-450f-b753-ecf83759f9f7, expire_time=Some(2026-08-23T15:54:56.866953542Z)]
2026-08-23T15:45:06.885128Z  INFO slatedb::db_reader: refreshed checkpoint [checkpoint_id=b63ca426-aaf0-450f-b753-ecf83759f9f7, expire_time=Some(2026-08-23T15:55:06.867267375Z)]
2026-08-23T15:45:16.887043Z  INFO slatedb::db_reader: refreshed checkpoint [checkpoint_id=b63ca426-aaf0-450f-b753-ecf83759f9f7, expire_time=Some(2026-08-23T15:55:16.869152792Z)]
2026-08-23T15:45:26.890081Z  INFO slatedb::db_reader: refreshed checkpoint [checkpoint_id=b63ca426-aaf0-450f-b753-ecf83759f9f7, expire_time=Some(2026-08-23T15:55:26.871967625Z)]
2026-08-23T15:45:36.881568Z  INFO slatedb::db_reader: refreshed checkpoint [checkpoint_id=b63ca426-aaf0-450f-b753-ecf83759f9f7, expire_time=Some(2026-08-23T15:55:36.863625625Z)]
2026-08-23T15:45:46.892735Z  INFO slatedb::db_reader: refreshed checkpoint [checkpoint_id=b63ca426-aaf0-450f-b753-ecf83759f9f7, expire_time=Some(2026-08-23T15:55:46.874228292Z)]
2026-08-23T15:45:56.886195Z  INFO slatedb::db_reader: refreshed checkpoint [checkpoint_id=b63ca426-aaf0-450f-b753-ecf83759f9f7, expire_time=Some(2026-08-23T15:55:56.868002834Z)]
2026-08-23T15:46:06.894808Z  INFO slatedb::db_reader: refreshed checkpoint [checkpoint_id=b63ca426-aaf0-450f-b753-ecf83759f9f7, expire_time=Some(2026-08-23T15:56:06.876149625Z)]
2026-08-23T15:46:16.891369Z  INFO slatedb::db_reader: refreshed checkpoint [checkpoint_id=b63ca426-aaf0-450f-b753-ecf83759f9f7, expire_time=Some(2026-08-23T15:56:16.872818667Z)]
2026-08-23T15:46:26.918757Z  INFO slatedb::db_reader: refreshed checkpoint [checkpoint_id=b63ca426-aaf0-450f-b753-ecf83759f9f7, expire_time=Some(2026-08-23T15:56:26.898423459Z)]
2026-08-23T15:46:36.922347Z  INFO slatedb::db_reader: refreshed checkpoint [checkpoint_id=b63ca426-aaf0-450f-b753-ecf83759f9f7, expire_time=Some(2026-08-23T15:56:36.903103667Z)]
2026-08-23T15:46:46.914074Z  INFO slatedb::db_reader: refreshed checkpoint [checkpoint_id=b63ca426-aaf0-450f-b753-ecf83759f9f7, expire_time=Some(2026-08-23T15:56:46.894598417Z)]
2026-08-23T15:46:56.922142Z  INFO slatedb::db_reader: refreshed checkpoint [checkpoint_id=b63ca426-aaf0-450f-b753-ecf83759f9f7, expire_time=Some(2026-08-23T15:56:56.902158625Z)]
2026-08-23T15:47:06.916864Z  INFO slatedb::db_reader: refreshed checkpoint [checkpoint_id=b63ca426-aaf0-450f-b753-ecf83759f9f7, expire_time=Some(2026-08-23T15:57:06.896452417Z)]
2026-08-23T15:47:16.937072Z  INFO slatedb::db_reader: refreshed checkpoint [checkpoint_id=b63ca426-aaf0-450f-b753-ecf83759f9f7, expire_time=Some(2026-08-23T15:57:16.914998334Z)]
2026-08-23T15:47:26.913026Z  INFO slatedb::db_reader: refreshed checkpoint [checkpoint_id=b63ca426-aaf0-450f-b753-ecf83759f9f7, expire_time=Some(2026-08-23T15:57:26.893346875Z)]
2026-08-23T15:47:36.916754Z  INFO slatedb::db_reader: refreshed checkpoint [checkpoint_id=b63ca426-aaf0-450f-b753-ecf83759f9f7, expire_time=Some(2026-08-23T15:57:36.896815Z)]
2026-08-23T15:47:46.918580Z  INFO slatedb::db_reader: refreshed checkpoint [checkpoint_id=b63ca426-aaf0-450f-b753-ecf83759f9f7, expire_time=Some(2026-08-23T15:57:46.898602292Z)]
2026-08-23T15:47:56.926426Z  INFO slatedb::db_reader: refreshed checkpoint [checkpoint_id=b63ca426-aaf0-450f-b753-ecf83759f9f7, expire_time=Some(2026-08-23T15:57:56.905083625Z)]
2026-08-23T15:48:06.922628Z  INFO slatedb::db_reader: refreshed checkpoint [checkpoint_id=b63ca426-aaf0-450f-b753-ecf83759f9f7, expire_time=Some(2026-08-23T15:58:06.902262084Z)]
2026-08-23T15:48:16.924858Z  INFO slatedb::db_reader: refreshed checkpoint [checkpoint_id=b63ca426-aaf0-450f-b753-ecf83759f9f7, expire_time=Some(2026-08-23T15:58:16.904275792Z)]
2026-08-23T15:48:26.925869Z  INFO slatedb::db_reader: refreshed checkpoint [checkpoint_id=b63ca426-aaf0-450f-b753-ecf83759f9f7, expire_time=Some(2026-08-23T15:58:26.905178667Z)]
2026-08-23T15:48:36.930398Z  INFO slatedb::db_reader: refreshed checkpoint [checkpoint_id=b63ca426-aaf0-450f-b753-ecf83759f9f7, expire_time=Some(2026-08-23T15:58:36.909484959Z)]
2026-08-23T15:48:46.928489Z  INFO slatedb::db_reader: refreshed checkpoint [checkpoint_id=b63ca426-aaf0-450f-b753-ecf83759f9f7, expire_time=Some(2026-08-23T15:58:46.907428042Z)]
2026-08-23T15:48:56.932273Z  INFO slatedb::db_reader: refreshed checkpoint [checkpoint_id=b63ca426-aaf0-450f-b753-ecf83759f9f7, expire_time=Some(2026-08-23T15:58:56.910962125Z)]
2026-08-23T15:49:06.932037Z  INFO slatedb::db_reader: refreshed checkpoint [checkpoint_id=b63ca426-aaf0-450f-b753-ecf83759f9f7, expire_time=Some(2026-08-23T15:59:06.910731750Z)]
2026-08-23T15:49:16.940264Z  INFO slatedb::db_reader: refreshed checkpoint [checkpoint_id=b63ca426-aaf0-450f-b753-ecf83759f9f7, expire_time=Some(2026-08-23T15:59:16.918458959Z)]
2026-08-23T15:49:26.935683Z  INFO slatedb::db_reader: refreshed checkpoint [checkpoint_id=b63ca426-aaf0-450f-b753-ecf83759f9f7, expire_time=Some(2026-08-23T15:59:26.914024209Z)]
2026-08-23T15:49:36.938584Z  INFO slatedb::db_reader: refreshed checkpoint [checkpoint_id=b63ca426-aaf0-450f-b753-ecf83759f9f7, expire_time=Some(2026-08-23T15:59:36.916739584Z)]
2026-08-23T15:49:46.939798Z  INFO slatedb::db_reader: refreshed checkpoint [checkpoint_id=b63ca426-aaf0-450f-b753-ecf83759f9f7, expire_time=Some(2026-08-23T15:59:46.917825667Z)]
2026-08-23T15:49:56.944999Z  INFO slatedb::db_reader: refreshed checkpoint [checkpoint_id=b63ca426-aaf0-450f-b753-ecf83759f9f7, expire_time=Some(2026-08-23T15:59:56.922432917Z)]
2026-08-23T15:50:06.964207Z  INFO slatedb::db_reader: refreshed checkpoint [checkpoint_id=b63ca426-aaf0-450f-b753-ecf83759f9f7, expire_time=Some(2026-08-23T16:00:06.941733750Z)]
2026-08-23T15:50:16.960600Z  INFO slatedb::db_reader: refreshed checkpoint [checkpoint_id=b63ca426-aaf0-450f-b753-ecf83759f9f7, expire_time=Some(2026-08-23T16:00:16.937692042Z)]
2026-08-23T15:50:26.966161Z  INFO slatedb::db_reader: refreshed checkpoint [checkpoint_id=b63ca426-aaf0-450f-b753-ecf83759f9f7, expire_time=Some(2026-08-23T16:00:26.942917334Z)]
2026-08-23T15:50:36.947758Z  INFO slatedb::db_reader: refreshed checkpoint [checkpoint_id=b63ca426-aaf0-450f-b753-ecf83759f9f7, expire_time=Some(2026-08-23T16:00:36.924942625Z)]
2026-08-23T15:50:46.957545Z  INFO slatedb::db_reader: refreshed checkpoint [checkpoint_id=b63ca426-aaf0-450f-b753-ecf83759f9f7, expire_time=Some(2026-08-23T16:00:46.934229792Z)]
2026-08-23T15:50:56.958564Z  INFO slatedb::db_reader: refreshed checkpoint [checkpoint_id=b63ca426-aaf0-450f-b753-ecf83759f9f7, expire_time=Some(2026-08-23T16:00:56.934939167Z)]
2026-08-23T15:51:06.962057Z  INFO slatedb::db_reader: refreshed checkpoint [checkpoint_id=b63ca426-aaf0-450f-b753-ecf83759f9f7, expire_time=Some(2026-08-23T16:01:06.938166250Z)]
2026-08-23T15:51:16.970427Z  INFO slatedb::db_reader: refreshed checkpoint [checkpoint_id=b63ca426-aaf0-450f-b753-ecf83759f9f7, expire_time=Some(2026-08-23T16:01:16.946268875Z)]
2026-08-23T15:51:26.968307Z  INFO slatedb::db_reader: refreshed checkpoint [checkpoint_id=b63ca426-aaf0-450f-b753-ecf83759f9f7, expire_time=Some(2026-08-23T16:01:26.944586417Z)]
2026-08-23T15:51:36.958443Z  INFO slatedb::db_reader: refreshed checkpoint [checkpoint_id=b63ca426-aaf0-450f-b753-ecf83759f9f7, expire_time=Some(2026-08-23T16:01:36.934653334Z)]
2026-08-23T15:51:46.970892Z  INFO slatedb::db_reader: refreshed checkpoint [checkpoint_id=b63ca426-aaf0-450f-b753-ecf83759f9f7, expire_time=Some(2026-08-23T16:01:46.946939917Z)]
2026-08-23T15:51:56.961888Z  INFO slatedb::db_reader: refreshed checkpoint [checkpoint_id=b63ca426-aaf0-450f-b753-ecf83759f9f7, expire_time=Some(2026-08-23T16:01:56.937773792Z)]
2026-08-23T15:52:06.970823Z  INFO slatedb::db_reader: refreshed checkpoint [checkpoint_id=b63ca426-aaf0-450f-b753-ecf83759f9f7, expire_time=Some(2026-08-23T16:02:06.946196084Z)]
2026-08-23T15:52:16.965258Z  INFO slatedb::db_reader: refreshed checkpoint [checkpoint_id=b63ca426-aaf0-450f-b753-ecf83759f9f7, expire_time=Some(2026-08-23T16:02:16.940856Z)]
2026-08-23T15:52:26.968117Z  INFO slatedb::db_reader: refreshed checkpoint [checkpoint_id=b63ca426-aaf0-450f-b753-ecf83759f9f7, expire_time=Some(2026-08-23T16:02:26.943571375Z)]
2026-08-23T15:52:36.971291Z  INFO slatedb::db_reader: refreshed checkpoint [checkpoint_id=b63ca426-aaf0-450f-b753-ecf83759f9f7, expire_time=Some(2026-08-23T16:02:36.946471917Z)]
2026-08-23T15:52:46.975867Z  INFO slatedb::db_reader: refreshed checkpoint [checkpoint_id=b63ca426-aaf0-450f-b753-ecf83759f9f7, expire_time=Some(2026-08-23T16:02:46.950722084Z)]
2026-08-23T15:52:56.973129Z  INFO slatedb::db_reader: refreshed checkpoint [checkpoint_id=b63ca426-aaf0-450f-b753-ecf83759f9f7, expire_time=Some(2026-08-23T16:02:56.947993375Z)]
2026-08-23T15:53:06.979074Z  INFO slatedb::db_reader: refreshed checkpoint [checkpoint_id=b63ca426-aaf0-450f-b753-ecf83759f9f7, expire_time=Some(2026-08-23T16:03:06.953639167Z)]
2026-08-23T15:53:16.977587Z  INFO slatedb::db_reader: refreshed checkpoint [checkpoint_id=b63ca426-aaf0-450f-b753-ecf83759f9f7, expire_time=Some(2026-08-23T16:03:16.952080Z)]
2026-08-23T15:53:26.992431Z  INFO slatedb::db_reader: refreshed checkpoint [checkpoint_id=b63ca426-aaf0-450f-b753-ecf83759f9f7, expire_time=Some(2026-08-23T16:03:26.966754959Z)]
2026-08-23T15:53:36.979673Z  INFO slatedb::db_reader: refreshed checkpoint [checkpoint_id=b63ca426-aaf0-450f-b753-ecf83759f9f7, expire_time=Some(2026-08-23T16:03:36.953825542Z)]
2026-08-23T15:53:46.982222Z  INFO slatedb::db_reader: refreshed checkpoint [checkpoint_id=b63ca426-aaf0-450f-b753-ecf83759f9f7, expire_time=Some(2026-08-23T16:03:46.955173417Z)]
2026-08-23T15:53:57.020707Z  INFO slatedb::db_reader: refreshed checkpoint [checkpoint_id=b63ca426-aaf0-450f-b753-ecf83759f9f7, expire_time=Some(2026-08-23T16:03:56.989727750Z)]
2026-08-23T15:54:06.989981Z  INFO slatedb::db_reader: refreshed checkpoint [checkpoint_id=b63ca426-aaf0-450f-b753-ecf83759f9f7, expire_time=Some(2026-08-23T16:04:06.963739959Z)]
2026-08-23T15:54:16.994561Z  INFO slatedb::db_reader: refreshed checkpoint [checkpoint_id=b63ca426-aaf0-450f-b753-ecf83759f9f7, expire_time=Some(2026-08-23T16:04:16.967944834Z)]
2026-08-23T15:54:26.997282Z  INFO slatedb::db_reader: refreshed checkpoint [checkpoint_id=b63ca426-aaf0-450f-b753-ecf83759f9f7, expire_time=Some(2026-08-23T16:04:26.970559375Z)]
2026-08-23T15:54:36.998101Z  INFO slatedb::db_reader: refreshed checkpoint [checkpoint_id=b63ca426-aaf0-450f-b753-ecf83759f9f7, expire_time=Some(2026-08-23T16:04:36.971422500Z)]
2026-08-23T15:54:46.998395Z  INFO slatedb::db_reader: refreshed checkpoint [checkpoint_id=b63ca426-aaf0-450f-b753-ecf83759f9f7, expire_time=Some(2026-08-23T16:04:46.971449459Z)]
2026-08-23T15:54:57.000301Z  INFO slatedb::db_reader: refreshed checkpoint [checkpoint_id=b63ca426-aaf0-450f-b753-ecf83759f9f7, expire_time=Some(2026-08-23T16:04:56.973234667Z)]
2026-08-23T15:55:07.003676Z  INFO slatedb::db_reader: refreshed checkpoint [checkpoint_id=b63ca426-aaf0-450f-b753-ecf83759f9f7, expire_time=Some(2026-08-23T16:05:06.976552709Z)]
2026-08-23T15:55:14.155871Z  INFO rockstream_cli: shutdown signal received — stopping gateway
2026-08-23T15:55:14.190258Z  INFO rockstream: rockstream: node stopped cleanly audit=/var/folders/vq/593qxcm57l90w1dlpywl_7nw0000gn/T/rockstream-r1-local-KHWEMQ/gateway/audit.jsonl bundle=/var/folders/vq/593qxcm57l90w1dlpywl_7nw0000gn/T/rockstream-r1-local-KHWEMQ/gateway/support-bundle-1787500514158.json events=7
