2026-08-23T13:57:58.633956Z  INFO rockstream_cli: metrics server started metrics_addr=127.0.0.1:55686
2026-08-23T13:57:58.634349Z  INFO slatedb::db::builder: opening SlateDB database [path=gateway, settings={"flush_interval":"100ms","manifest_poll_interval":"1s","manifest_update_timeout":"300s","min_filter_keys":1000,"l0_sst_size_bytes":67108864,"max_wal_flushes_before_l0_flush":4096,"l0_max_ssts":8,"l0_max_ssts_per_key":8,"l0_flush_parallelism":4,"max_unflushed_bytes":1073741824,"compactor_options":{"poll_interval":"5s","manifest_update_timeout":"300s","max_sst_size":268435456,"max_concurrent_compactions":4,"max_fetch_tasks":4,"scheduler_options":{}},"compression_codec":null,"object_store_cache_options":{"root_folder":null,"max_cache_size_bytes":17179869184,"part_size_bytes":4194304,"cache_puts":false,"preload_disk_cache_on_startup":null,"scan_interval":"3600s","max_open_file_handles":1000},"garbage_collector_options":{"manifest_options":{"interval":"60s","min_age":"300s"},"wal_options":{"interval":"60s","min_age":"300s"},"compacted_options":{"interval":"60s","min_age":"300s"},"compactions_options":{"interval":"60s","min_age":"300s"},"detach_options":{"interval":"60s"}},"default_ttl":null}]
2026-08-23T13:57:58.636977Z  INFO slatedb::compactor_state_protocols: creating new compactions file [compactor_epoch=0]
2026-08-23T13:57:58.641775Z  INFO rockstream_cli: Gateway server starting with auth mode: off
2026-08-23T13:57:58.641926Z  INFO rockstream_cli: PostgreSQL wire gateway ready — connect with: psql -h 127.0.0.1 -p 55681 -U rockstream addr=127.0.0.1:55681
2026-08-23T14:02:58.706159Z  INFO slatedb::db_reader: refreshed checkpoint [checkpoint_id=649f6f70-a487-4c9c-a9ec-8cf209761c15, expire_time=Some(2026-08-23T14:12:58.713775209Z)]
2026-08-23T14:03:08.714438Z  INFO slatedb::db_reader: refreshed checkpoint [checkpoint_id=649f6f70-a487-4c9c-a9ec-8cf209761c15, expire_time=Some(2026-08-23T14:13:08.721106209Z)]
2026-08-23T14:03:18.718607Z  INFO slatedb::db_reader: refreshed checkpoint [checkpoint_id=649f6f70-a487-4c9c-a9ec-8cf209761c15, expire_time=Some(2026-08-23T14:13:18.726068Z)]
2026-08-23T14:03:28.714090Z  INFO slatedb::db_reader: refreshed checkpoint [checkpoint_id=649f6f70-a487-4c9c-a9ec-8cf209761c15, expire_time=Some(2026-08-23T14:13:28.722831542Z)]
2026-08-23T14:03:38.716440Z  INFO slatedb::db_reader: refreshed checkpoint [checkpoint_id=649f6f70-a487-4c9c-a9ec-8cf209761c15, expire_time=Some(2026-08-23T14:13:38.725500375Z)]
2026-08-23T14:03:48.719935Z  INFO slatedb::db_reader: refreshed checkpoint [checkpoint_id=649f6f70-a487-4c9c-a9ec-8cf209761c15, expire_time=Some(2026-08-23T14:13:48.729166875Z)]
2026-08-23T14:03:58.721222Z  INFO slatedb::db_reader: refreshed checkpoint [checkpoint_id=649f6f70-a487-4c9c-a9ec-8cf209761c15, expire_time=Some(2026-08-23T14:13:58.730758167Z)]
2026-08-23T14:04:08.733193Z  INFO slatedb::db_reader: refreshed checkpoint [checkpoint_id=649f6f70-a487-4c9c-a9ec-8cf209761c15, expire_time=Some(2026-08-23T14:14:08.742988959Z)]
2026-08-23T14:04:18.738003Z  INFO slatedb::db_reader: refreshed checkpoint [checkpoint_id=649f6f70-a487-4c9c-a9ec-8cf209761c15, expire_time=Some(2026-08-23T14:14:18.745528542Z)]
2026-08-23T14:04:28.743804Z  INFO slatedb::db_reader: refreshed checkpoint [checkpoint_id=649f6f70-a487-4c9c-a9ec-8cf209761c15, expire_time=Some(2026-08-23T14:14:28.751407667Z)]
2026-08-23T14:04:38.747251Z  INFO slatedb::db_reader: refreshed checkpoint [checkpoint_id=649f6f70-a487-4c9c-a9ec-8cf209761c15, expire_time=Some(2026-08-23T14:14:38.755047Z)]
2026-08-23T14:04:48.748059Z  INFO slatedb::db_reader: refreshed checkpoint [checkpoint_id=649f6f70-a487-4c9c-a9ec-8cf209761c15, expire_time=Some(2026-08-23T14:14:48.757929917Z)]
2026-08-23T14:04:58.741682Z  INFO slatedb::db_reader: refreshed checkpoint [checkpoint_id=649f6f70-a487-4c9c-a9ec-8cf209761c15, expire_time=Some(2026-08-23T14:14:58.751780959Z)]
2026-08-23T14:05:08.759540Z  INFO slatedb::db_reader: refreshed checkpoint [checkpoint_id=649f6f70-a487-4c9c-a9ec-8cf209761c15, expire_time=Some(2026-08-23T14:15:08.769025875Z)]
2026-08-23T14:05:18.752514Z  INFO slatedb::db_reader: refreshed checkpoint [checkpoint_id=649f6f70-a487-4c9c-a9ec-8cf209761c15, expire_time=Some(2026-08-23T14:15:18.763357375Z)]
2026-08-23T14:05:28.762381Z  INFO slatedb::db_reader: refreshed checkpoint [checkpoint_id=649f6f70-a487-4c9c-a9ec-8cf209761c15, expire_time=Some(2026-08-23T14:15:28.773748250Z)]
2026-08-23T14:05:38.751089Z  INFO slatedb::db_reader: refreshed checkpoint [checkpoint_id=649f6f70-a487-4c9c-a9ec-8cf209761c15, expire_time=Some(2026-08-23T14:15:38.762794667Z)]
2026-08-23T14:05:48.765555Z  INFO slatedb::db_reader: refreshed checkpoint [checkpoint_id=649f6f70-a487-4c9c-a9ec-8cf209761c15, expire_time=Some(2026-08-23T14:15:48.777067875Z)]
2026-08-23T14:05:58.756455Z  INFO slatedb::db_reader: refreshed checkpoint [checkpoint_id=649f6f70-a487-4c9c-a9ec-8cf209761c15, expire_time=Some(2026-08-23T14:15:58.768578625Z)]
2026-08-23T14:06:08.765141Z  INFO slatedb::db_reader: refreshed checkpoint [checkpoint_id=649f6f70-a487-4c9c-a9ec-8cf209761c15, expire_time=Some(2026-08-23T14:16:08.777589084Z)]
2026-08-23T14:06:18.766002Z  INFO slatedb::db_reader: refreshed checkpoint [checkpoint_id=649f6f70-a487-4c9c-a9ec-8cf209761c15, expire_time=Some(2026-08-23T14:16:18.778127084Z)]
2026-08-23T14:06:28.773149Z  INFO slatedb::db_reader: refreshed checkpoint [checkpoint_id=649f6f70-a487-4c9c-a9ec-8cf209761c15, expire_time=Some(2026-08-23T14:16:28.785446542Z)]
2026-08-23T14:06:38.768698Z  INFO slatedb::db_reader: refreshed checkpoint [checkpoint_id=649f6f70-a487-4c9c-a9ec-8cf209761c15, expire_time=Some(2026-08-23T14:16:38.781310209Z)]
2026-08-23T14:06:48.775037Z  INFO slatedb::db_reader: refreshed checkpoint [checkpoint_id=649f6f70-a487-4c9c-a9ec-8cf209761c15, expire_time=Some(2026-08-23T14:16:48.788410334Z)]
2026-08-23T14:06:58.769586Z  INFO slatedb::db_reader: refreshed checkpoint [checkpoint_id=649f6f70-a487-4c9c-a9ec-8cf209761c15, expire_time=Some(2026-08-23T14:16:58.783249542Z)]
2026-08-23T14:07:08.775237Z  INFO slatedb::db_reader: refreshed checkpoint [checkpoint_id=649f6f70-a487-4c9c-a9ec-8cf209761c15, expire_time=Some(2026-08-23T14:17:08.788986042Z)]
2026-08-23T14:07:18.778465Z  INFO slatedb::db_reader: refreshed checkpoint [checkpoint_id=649f6f70-a487-4c9c-a9ec-8cf209761c15, expire_time=Some(2026-08-23T14:17:18.792186625Z)]
2026-08-23T14:07:28.785084Z  INFO slatedb::db_reader: refreshed checkpoint [checkpoint_id=649f6f70-a487-4c9c-a9ec-8cf209761c15, expire_time=Some(2026-08-23T14:17:28.799464792Z)]
2026-08-23T14:07:38.780274Z  INFO slatedb::db_reader: refreshed checkpoint [checkpoint_id=649f6f70-a487-4c9c-a9ec-8cf209761c15, expire_time=Some(2026-08-23T14:17:38.795288292Z)]
2026-08-23T14:07:48.779750Z  INFO slatedb::db_reader: refreshed checkpoint [checkpoint_id=649f6f70-a487-4c9c-a9ec-8cf209761c15, expire_time=Some(2026-08-23T14:17:48.795425625Z)]
2026-08-23T14:07:58.778180Z  INFO slatedb::db_reader: refreshed checkpoint [checkpoint_id=649f6f70-a487-4c9c-a9ec-8cf209761c15, expire_time=Some(2026-08-23T14:17:58.793629750Z)]
2026-08-23T14:08:08.789037Z  INFO slatedb::db_reader: refreshed checkpoint [checkpoint_id=649f6f70-a487-4c9c-a9ec-8cf209761c15, expire_time=Some(2026-08-23T14:18:08.804220375Z)]
2026-08-23T14:08:18.782272Z  INFO slatedb::db_reader: refreshed checkpoint [checkpoint_id=649f6f70-a487-4c9c-a9ec-8cf209761c15, expire_time=Some(2026-08-23T14:18:18.798176125Z)]
2026-08-23T14:08:28.791445Z  INFO slatedb::db_reader: refreshed checkpoint [checkpoint_id=649f6f70-a487-4c9c-a9ec-8cf209761c15, expire_time=Some(2026-08-23T14:18:28.807857750Z)]
2026-08-23T14:08:38.795159Z  INFO slatedb::db_reader: refreshed checkpoint [checkpoint_id=649f6f70-a487-4c9c-a9ec-8cf209761c15, expire_time=Some(2026-08-23T14:18:38.811633625Z)]
2026-08-23T14:08:48.802015Z  INFO slatedb::db_reader: refreshed checkpoint [checkpoint_id=649f6f70-a487-4c9c-a9ec-8cf209761c15, expire_time=Some(2026-08-23T14:18:48.819057042Z)]
2026-08-23T14:08:58.794700Z  INFO slatedb::db_reader: refreshed checkpoint [checkpoint_id=649f6f70-a487-4c9c-a9ec-8cf209761c15, expire_time=Some(2026-08-23T14:18:58.812042125Z)]
2026-08-23T14:09:08.802094Z  INFO slatedb::db_reader: refreshed checkpoint [checkpoint_id=649f6f70-a487-4c9c-a9ec-8cf209761c15, expire_time=Some(2026-08-23T14:19:08.813985125Z)]
2026-08-23T14:09:18.809884Z  INFO slatedb::db_reader: refreshed checkpoint [checkpoint_id=649f6f70-a487-4c9c-a9ec-8cf209761c15, expire_time=Some(2026-08-23T14:19:18.827630792Z)]
2026-08-23T14:09:28.809414Z  INFO slatedb::db_reader: refreshed checkpoint [checkpoint_id=649f6f70-a487-4c9c-a9ec-8cf209761c15, expire_time=Some(2026-08-23T14:19:28.827276167Z)]
2026-08-23T14:09:38.802581Z  INFO slatedb::db_reader: refreshed checkpoint [checkpoint_id=649f6f70-a487-4c9c-a9ec-8cf209761c15, expire_time=Some(2026-08-23T14:19:38.820802250Z)]
2026-08-23T14:09:48.801966Z  INFO slatedb::db_reader: refreshed checkpoint [checkpoint_id=649f6f70-a487-4c9c-a9ec-8cf209761c15, expire_time=Some(2026-08-23T14:19:48.820599959Z)]
2026-08-23T14:09:58.798265Z  INFO slatedb::db_reader: refreshed checkpoint [checkpoint_id=649f6f70-a487-4c9c-a9ec-8cf209761c15, expire_time=Some(2026-08-23T14:19:58.817639042Z)]
2026-08-23T14:10:08.799729Z  INFO slatedb::db_reader: refreshed checkpoint [checkpoint_id=649f6f70-a487-4c9c-a9ec-8cf209761c15, expire_time=Some(2026-08-23T14:20:08.819397Z)]
2026-08-23T14:10:18.804260Z  INFO slatedb::db_reader: refreshed checkpoint [checkpoint_id=649f6f70-a487-4c9c-a9ec-8cf209761c15, expire_time=Some(2026-08-23T14:20:18.824200084Z)]
2026-08-23T14:10:28.805199Z  INFO slatedb::db_reader: refreshed checkpoint [checkpoint_id=649f6f70-a487-4c9c-a9ec-8cf209761c15, expire_time=Some(2026-08-23T14:20:28.825454875Z)]
2026-08-23T14:10:38.805570Z  INFO slatedb::db_reader: refreshed checkpoint [checkpoint_id=649f6f70-a487-4c9c-a9ec-8cf209761c15, expire_time=Some(2026-08-23T14:20:38.826230292Z)]
2026-08-23T14:10:48.806598Z  INFO slatedb::db_reader: refreshed checkpoint [checkpoint_id=649f6f70-a487-4c9c-a9ec-8cf209761c15, expire_time=Some(2026-08-23T14:20:48.827481084Z)]
2026-08-23T14:10:58.808084Z  INFO slatedb::db_reader: refreshed checkpoint [checkpoint_id=649f6f70-a487-4c9c-a9ec-8cf209761c15, expire_time=Some(2026-08-23T14:20:58.829356334Z)]
2026-08-23T14:11:08.817312Z  INFO slatedb::db_reader: refreshed checkpoint [checkpoint_id=649f6f70-a487-4c9c-a9ec-8cf209761c15, expire_time=Some(2026-08-23T14:21:08.838456417Z)]
2026-08-23T14:11:18.837202Z  INFO slatedb::db_reader: refreshed checkpoint [checkpoint_id=649f6f70-a487-4c9c-a9ec-8cf209761c15, expire_time=Some(2026-08-23T14:21:18.858435209Z)]
2026-08-23T14:11:28.838627Z  INFO slatedb::db_reader: refreshed checkpoint [checkpoint_id=649f6f70-a487-4c9c-a9ec-8cf209761c15, expire_time=Some(2026-08-23T14:21:28.859860959Z)]
2026-08-23T14:11:38.837969Z  INFO slatedb::db_reader: refreshed checkpoint [checkpoint_id=649f6f70-a487-4c9c-a9ec-8cf209761c15, expire_time=Some(2026-08-23T14:21:38.860050584Z)]
2026-08-23T14:11:48.845326Z  INFO slatedb::db_reader: refreshed checkpoint [checkpoint_id=649f6f70-a487-4c9c-a9ec-8cf209761c15, expire_time=Some(2026-08-23T14:21:48.867147459Z)]
2026-08-23T14:11:58.832950Z  INFO slatedb::db_reader: refreshed checkpoint [checkpoint_id=649f6f70-a487-4c9c-a9ec-8cf209761c15, expire_time=Some(2026-08-23T14:21:58.855295500Z)]
2026-08-23T14:12:08.848446Z  INFO slatedb::db_reader: refreshed checkpoint [checkpoint_id=649f6f70-a487-4c9c-a9ec-8cf209761c15, expire_time=Some(2026-08-23T14:22:08.871101Z)]
2026-08-23T14:12:18.852932Z  INFO slatedb::db_reader: refreshed checkpoint [checkpoint_id=649f6f70-a487-4c9c-a9ec-8cf209761c15, expire_time=Some(2026-08-23T14:22:18.875713334Z)]
2026-08-23T14:12:28.850184Z  INFO slatedb::db_reader: refreshed checkpoint [checkpoint_id=649f6f70-a487-4c9c-a9ec-8cf209761c15, expire_time=Some(2026-08-23T14:22:28.873648959Z)]
2026-08-23T14:12:38.852018Z  INFO slatedb::db_reader: refreshed checkpoint [checkpoint_id=649f6f70-a487-4c9c-a9ec-8cf209761c15, expire_time=Some(2026-08-23T14:22:38.875989667Z)]
2026-08-23T14:12:48.856977Z  INFO slatedb::db_reader: refreshed checkpoint [checkpoint_id=649f6f70-a487-4c9c-a9ec-8cf209761c15, expire_time=Some(2026-08-23T14:22:48.880415709Z)]
2026-08-23T14:12:58.845961Z  INFO slatedb::db_reader: refreshed checkpoint [checkpoint_id=649f6f70-a487-4c9c-a9ec-8cf209761c15, expire_time=Some(2026-08-23T14:22:58.870018292Z)]
2026-08-23T14:13:08.856830Z  INFO slatedb::db_reader: refreshed checkpoint [checkpoint_id=649f6f70-a487-4c9c-a9ec-8cf209761c15, expire_time=Some(2026-08-23T14:23:08.881761292Z)]
2026-08-23T14:13:18.869415Z  INFO slatedb::db_reader: refreshed checkpoint [checkpoint_id=649f6f70-a487-4c9c-a9ec-8cf209761c15, expire_time=Some(2026-08-23T14:23:18.894025167Z)]
2026-08-23T14:13:28.859684Z  INFO slatedb::db_reader: refreshed checkpoint [checkpoint_id=649f6f70-a487-4c9c-a9ec-8cf209761c15, expire_time=Some(2026-08-23T14:23:28.884380250Z)]
2026-08-23T14:13:38.862959Z  INFO slatedb::db_reader: refreshed checkpoint [checkpoint_id=649f6f70-a487-4c9c-a9ec-8cf209761c15, expire_time=Some(2026-08-23T14:23:38.888448542Z)]
2026-08-23T14:13:48.871869Z  INFO slatedb::db_reader: refreshed checkpoint [checkpoint_id=649f6f70-a487-4c9c-a9ec-8cf209761c15, expire_time=Some(2026-08-23T14:23:48.897112209Z)]
2026-08-23T14:13:58.851048Z  INFO slatedb::db_reader: refreshed checkpoint [checkpoint_id=649f6f70-a487-4c9c-a9ec-8cf209761c15, expire_time=Some(2026-08-23T14:23:58.877199292Z)]
2026-08-23T14:14:08.873896Z  INFO slatedb::db_reader: refreshed checkpoint [checkpoint_id=649f6f70-a487-4c9c-a9ec-8cf209761c15, expire_time=Some(2026-08-23T14:24:08.900260500Z)]
2026-08-23T14:14:18.878637Z  INFO slatedb::db_reader: refreshed checkpoint [checkpoint_id=649f6f70-a487-4c9c-a9ec-8cf209761c15, expire_time=Some(2026-08-23T14:24:18.904779959Z)]
2026-08-23T14:14:28.875145Z  INFO slatedb::db_reader: refreshed checkpoint [checkpoint_id=649f6f70-a487-4c9c-a9ec-8cf209761c15, expire_time=Some(2026-08-23T14:24:28.901823584Z)]
2026-08-23T14:14:38.881492Z  INFO slatedb::db_reader: refreshed checkpoint [checkpoint_id=649f6f70-a487-4c9c-a9ec-8cf209761c15, expire_time=Some(2026-08-23T14:24:38.908322584Z)]
2026-08-23T14:14:48.881634Z  INFO slatedb::db_reader: refreshed checkpoint [checkpoint_id=649f6f70-a487-4c9c-a9ec-8cf209761c15, expire_time=Some(2026-08-23T14:24:48.908674709Z)]
2026-08-23T14:14:58.869040Z  INFO slatedb::db_reader: refreshed checkpoint [checkpoint_id=649f6f70-a487-4c9c-a9ec-8cf209761c15, expire_time=Some(2026-08-23T14:24:58.896434250Z)]
2026-08-23T14:15:08.880124Z  INFO slatedb::db_reader: refreshed checkpoint [checkpoint_id=649f6f70-a487-4c9c-a9ec-8cf209761c15, expire_time=Some(2026-08-23T14:25:08.907953584Z)]
2026-08-23T14:15:18.888198Z  INFO slatedb::db_reader: refreshed checkpoint [checkpoint_id=649f6f70-a487-4c9c-a9ec-8cf209761c15, expire_time=Some(2026-08-23T14:25:18.916069584Z)]
2026-08-23T14:15:28.871632Z  INFO slatedb::db_reader: refreshed checkpoint [checkpoint_id=649f6f70-a487-4c9c-a9ec-8cf209761c15, expire_time=Some(2026-08-23T14:25:28.900443125Z)]
2026-08-23T14:15:38.887890Z  INFO slatedb::db_reader: refreshed checkpoint [checkpoint_id=649f6f70-a487-4c9c-a9ec-8cf209761c15, expire_time=Some(2026-08-23T14:25:38.916088709Z)]
2026-08-23T14:15:48.898018Z  INFO slatedb::db_reader: refreshed checkpoint [checkpoint_id=649f6f70-a487-4c9c-a9ec-8cf209761c15, expire_time=Some(2026-08-23T14:25:48.926752542Z)]
2026-08-23T14:15:58.884020Z  INFO slatedb::db_reader: refreshed checkpoint [checkpoint_id=649f6f70-a487-4c9c-a9ec-8cf209761c15, expire_time=Some(2026-08-23T14:25:58.913395500Z)]
2026-08-23T14:16:08.896223Z  INFO slatedb::db_reader: refreshed checkpoint [checkpoint_id=649f6f70-a487-4c9c-a9ec-8cf209761c15, expire_time=Some(2026-08-23T14:26:08.925674084Z)]
2026-08-23T14:16:18.903694Z  INFO slatedb::db_reader: refreshed checkpoint [checkpoint_id=649f6f70-a487-4c9c-a9ec-8cf209761c15, expire_time=Some(2026-08-23T14:26:18.933387750Z)]
2026-08-23T14:16:28.900403Z  INFO slatedb::db_reader: refreshed checkpoint [checkpoint_id=649f6f70-a487-4c9c-a9ec-8cf209761c15, expire_time=Some(2026-08-23T14:26:28.930161542Z)]
2026-08-23T14:16:38.906794Z  INFO slatedb::db_reader: refreshed checkpoint [checkpoint_id=649f6f70-a487-4c9c-a9ec-8cf209761c15, expire_time=Some(2026-08-23T14:26:38.937042167Z)]
2026-08-23T14:16:48.903265Z  INFO slatedb::db_reader: refreshed checkpoint [checkpoint_id=649f6f70-a487-4c9c-a9ec-8cf209761c15, expire_time=Some(2026-08-23T14:26:48.933889417Z)]
2026-08-23T14:16:58.892398Z  INFO slatedb::db_reader: refreshed checkpoint [checkpoint_id=649f6f70-a487-4c9c-a9ec-8cf209761c15, expire_time=Some(2026-08-23T14:26:58.923653459Z)]
2026-08-23T14:17:08.895656Z  INFO slatedb::db_reader: refreshed checkpoint [checkpoint_id=649f6f70-a487-4c9c-a9ec-8cf209761c15, expire_time=Some(2026-08-23T14:27:08.927213292Z)]
2026-08-23T14:17:18.898217Z  INFO slatedb::db_reader: refreshed checkpoint [checkpoint_id=649f6f70-a487-4c9c-a9ec-8cf209761c15, expire_time=Some(2026-08-23T14:27:18.930037125Z)]
2026-08-23T14:17:28.896104Z  INFO slatedb::db_reader: refreshed checkpoint [checkpoint_id=649f6f70-a487-4c9c-a9ec-8cf209761c15, expire_time=Some(2026-08-23T14:27:28.928371209Z)]
2026-08-23T14:17:38.897578Z  INFO slatedb::db_reader: refreshed checkpoint [checkpoint_id=649f6f70-a487-4c9c-a9ec-8cf209761c15, expire_time=Some(2026-08-23T14:27:38.930154709Z)]
2026-08-23T14:17:48.902380Z  INFO slatedb::db_reader: refreshed checkpoint [checkpoint_id=649f6f70-a487-4c9c-a9ec-8cf209761c15, expire_time=Some(2026-08-23T14:27:48.935252667Z)]
2026-08-23T14:17:58.906432Z  INFO slatedb::db_reader: refreshed checkpoint [checkpoint_id=649f6f70-a487-4c9c-a9ec-8cf209761c15, expire_time=Some(2026-08-23T14:27:58.939607250Z)]
2026-08-23T14:18:08.920148Z  INFO slatedb::db_reader: refreshed checkpoint [checkpoint_id=649f6f70-a487-4c9c-a9ec-8cf209761c15, expire_time=Some(2026-08-23T14:28:08.953183292Z)]
2026-08-23T14:18:18.937453Z  INFO slatedb::db_reader: refreshed checkpoint [checkpoint_id=649f6f70-a487-4c9c-a9ec-8cf209761c15, expire_time=Some(2026-08-23T14:28:18.970441667Z)]
2026-08-23T14:18:28.934461Z  INFO slatedb::db_reader: refreshed checkpoint [checkpoint_id=649f6f70-a487-4c9c-a9ec-8cf209761c15, expire_time=Some(2026-08-23T14:28:28.968174167Z)]
2026-08-23T14:18:38.932959Z  INFO slatedb::db_reader: refreshed checkpoint [checkpoint_id=649f6f70-a487-4c9c-a9ec-8cf209761c15, expire_time=Some(2026-08-23T14:28:38.966506042Z)]
2026-08-23T14:18:48.933929Z  INFO slatedb::db_reader: refreshed checkpoint [checkpoint_id=649f6f70-a487-4c9c-a9ec-8cf209761c15, expire_time=Some(2026-08-23T14:28:48.967929667Z)]
2026-08-23T14:18:58.925465Z  INFO slatedb::db_reader: refreshed checkpoint [checkpoint_id=649f6f70-a487-4c9c-a9ec-8cf209761c15, expire_time=Some(2026-08-23T14:28:58.959970417Z)]
2026-08-23T14:19:08.946674Z  INFO slatedb::db_reader: refreshed checkpoint [checkpoint_id=649f6f70-a487-4c9c-a9ec-8cf209761c15, expire_time=Some(2026-08-23T14:29:08.981094750Z)]
2026-08-23T14:19:18.946263Z  INFO slatedb::db_reader: refreshed checkpoint [checkpoint_id=649f6f70-a487-4c9c-a9ec-8cf209761c15, expire_time=Some(2026-08-23T14:29:18.981055875Z)]
2026-08-23T14:19:28.942702Z  INFO slatedb::db_reader: refreshed checkpoint [checkpoint_id=649f6f70-a487-4c9c-a9ec-8cf209761c15, expire_time=Some(2026-08-23T14:29:28.977631584Z)]
2026-08-23T14:19:38.952851Z  INFO slatedb::db_reader: refreshed checkpoint [checkpoint_id=649f6f70-a487-4c9c-a9ec-8cf209761c15, expire_time=Some(2026-08-23T14:29:38.988274459Z)]
2026-08-23T14:19:48.953043Z  INFO slatedb::db_reader: refreshed checkpoint [checkpoint_id=649f6f70-a487-4c9c-a9ec-8cf209761c15, expire_time=Some(2026-08-23T14:29:48.988697084Z)]
2026-08-23T14:19:58.948694Z  INFO slatedb::db_reader: refreshed checkpoint [checkpoint_id=649f6f70-a487-4c9c-a9ec-8cf209761c15, expire_time=Some(2026-08-23T14:29:58.984917959Z)]
2026-08-23T14:20:08.962569Z  INFO slatedb::db_reader: refreshed checkpoint [checkpoint_id=649f6f70-a487-4c9c-a9ec-8cf209761c15, expire_time=Some(2026-08-23T14:30:08.998755667Z)]
2026-08-23T14:20:18.960467Z  INFO slatedb::db_reader: refreshed checkpoint [checkpoint_id=649f6f70-a487-4c9c-a9ec-8cf209761c15, expire_time=Some(2026-08-23T14:30:18.997232334Z)]
2026-08-23T14:20:28.966234Z  INFO slatedb::db_reader: refreshed checkpoint [checkpoint_id=649f6f70-a487-4c9c-a9ec-8cf209761c15, expire_time=Some(2026-08-23T14:30:29.002673042Z)]
2026-08-23T14:20:38.965877Z  INFO slatedb::db_reader: refreshed checkpoint [checkpoint_id=649f6f70-a487-4c9c-a9ec-8cf209761c15, expire_time=Some(2026-08-23T14:30:39.002748584Z)]
2026-08-23T14:20:48.963314Z  INFO slatedb::db_reader: refreshed checkpoint [checkpoint_id=649f6f70-a487-4c9c-a9ec-8cf209761c15, expire_time=Some(2026-08-23T14:30:49.000722334Z)]
2026-08-23T14:20:58.972928Z  INFO slatedb::db_reader: refreshed checkpoint [checkpoint_id=649f6f70-a487-4c9c-a9ec-8cf209761c15, expire_time=Some(2026-08-23T14:30:59.010584459Z)]
2026-08-23T14:21:08.976081Z  INFO slatedb::db_reader: refreshed checkpoint [checkpoint_id=649f6f70-a487-4c9c-a9ec-8cf209761c15, expire_time=Some(2026-08-23T14:31:09.013906542Z)]
2026-08-23T14:21:19.016159Z  INFO slatedb::db_reader: refreshed checkpoint [checkpoint_id=649f6f70-a487-4c9c-a9ec-8cf209761c15, expire_time=Some(2026-08-23T14:31:19.003434500Z)]
2026-08-23T14:21:29.033328Z  INFO slatedb::db_reader: refreshed checkpoint [checkpoint_id=649f6f70-a487-4c9c-a9ec-8cf209761c15, expire_time=Some(2026-08-23T14:31:29.020506709Z)]
2026-08-23T14:21:39.027902Z  INFO slatedb::db_reader: refreshed checkpoint [checkpoint_id=649f6f70-a487-4c9c-a9ec-8cf209761c15, expire_time=Some(2026-08-23T14:31:39.015401542Z)]
2026-08-23T14:21:49.032365Z  INFO slatedb::db_reader: refreshed checkpoint [checkpoint_id=649f6f70-a487-4c9c-a9ec-8cf209761c15, expire_time=Some(2026-08-23T14:31:49.020261084Z)]
2026-08-23T14:21:59.033597Z  INFO slatedb::db_reader: refreshed checkpoint [checkpoint_id=649f6f70-a487-4c9c-a9ec-8cf209761c15, expire_time=Some(2026-08-23T14:31:59.021174500Z)]
2026-08-23T14:22:09.031080Z  INFO slatedb::db_reader: refreshed checkpoint [checkpoint_id=649f6f70-a487-4c9c-a9ec-8cf209761c15, expire_time=Some(2026-08-23T14:32:09.018773375Z)]
2026-08-23T14:22:19.040848Z  INFO slatedb::db_reader: refreshed checkpoint [checkpoint_id=649f6f70-a487-4c9c-a9ec-8cf209761c15, expire_time=Some(2026-08-23T14:32:19.028619459Z)]
2026-08-23T14:22:29.043538Z  INFO slatedb::db_reader: refreshed checkpoint [checkpoint_id=649f6f70-a487-4c9c-a9ec-8cf209761c15, expire_time=Some(2026-08-23T14:32:29.031440042Z)]
2026-08-23T14:22:39.049948Z  INFO slatedb::db_reader: refreshed checkpoint [checkpoint_id=649f6f70-a487-4c9c-a9ec-8cf209761c15, expire_time=Some(2026-08-23T14:32:39.038136584Z)]
2026-08-23T14:22:49.042281Z  INFO slatedb::db_reader: refreshed checkpoint [checkpoint_id=649f6f70-a487-4c9c-a9ec-8cf209761c15, expire_time=Some(2026-08-23T14:32:49.030861709Z)]
2026-08-23T14:22:59.040111Z  INFO slatedb::db_reader: refreshed checkpoint [checkpoint_id=649f6f70-a487-4c9c-a9ec-8cf209761c15, expire_time=Some(2026-08-23T14:32:59.028446917Z)]
2026-08-23T14:23:09.048525Z  INFO slatedb::db_reader: refreshed checkpoint [checkpoint_id=649f6f70-a487-4c9c-a9ec-8cf209761c15, expire_time=Some(2026-08-23T14:33:09.037068750Z)]
2026-08-23T14:23:19.051538Z  INFO slatedb::db_reader: refreshed checkpoint [checkpoint_id=649f6f70-a487-4c9c-a9ec-8cf209761c15, expire_time=Some(2026-08-23T14:33:19.040116292Z)]
2026-08-23T14:23:29.059174Z  INFO slatedb::db_reader: refreshed checkpoint [checkpoint_id=649f6f70-a487-4c9c-a9ec-8cf209761c15, expire_time=Some(2026-08-23T14:33:29.047700584Z)]
2026-08-23T14:23:39.062291Z  INFO slatedb::db_reader: refreshed checkpoint [checkpoint_id=649f6f70-a487-4c9c-a9ec-8cf209761c15, expire_time=Some(2026-08-23T14:33:39.050938625Z)]
2026-08-23T14:23:49.051193Z  INFO slatedb::db_reader: refreshed checkpoint [checkpoint_id=649f6f70-a487-4c9c-a9ec-8cf209761c15, expire_time=Some(2026-08-23T14:33:49.040107917Z)]
2026-08-23T14:23:59.057503Z  INFO slatedb::db_reader: refreshed checkpoint [checkpoint_id=649f6f70-a487-4c9c-a9ec-8cf209761c15, expire_time=Some(2026-08-23T14:33:59.046762250Z)]
2026-08-23T14:24:09.048091Z  INFO slatedb::db_reader: refreshed checkpoint [checkpoint_id=649f6f70-a487-4c9c-a9ec-8cf209761c15, expire_time=Some(2026-08-23T14:34:09.036938792Z)]
2026-08-23T14:24:19.048974Z  INFO slatedb::db_reader: refreshed checkpoint [checkpoint_id=649f6f70-a487-4c9c-a9ec-8cf209761c15, expire_time=Some(2026-08-23T14:34:19.038102459Z)]
2026-08-23T14:24:29.060897Z  INFO slatedb::db_reader: refreshed checkpoint [checkpoint_id=649f6f70-a487-4c9c-a9ec-8cf209761c15, expire_time=Some(2026-08-23T14:34:29.050546375Z)]
2026-08-23T14:24:39.059099Z  INFO slatedb::db_reader: refreshed checkpoint [checkpoint_id=649f6f70-a487-4c9c-a9ec-8cf209761c15, expire_time=Some(2026-08-23T14:34:39.049082334Z)]
2026-08-23T14:24:49.058695Z  INFO slatedb::db_reader: refreshed checkpoint [checkpoint_id=649f6f70-a487-4c9c-a9ec-8cf209761c15, expire_time=Some(2026-08-23T14:34:49.048811875Z)]
2026-08-23T14:24:59.059427Z  INFO slatedb::db_reader: refreshed checkpoint [checkpoint_id=649f6f70-a487-4c9c-a9ec-8cf209761c15, expire_time=Some(2026-08-23T14:34:59.049777834Z)]
2026-08-23T14:25:09.072872Z  INFO slatedb::db_reader: refreshed checkpoint [checkpoint_id=649f6f70-a487-4c9c-a9ec-8cf209761c15, expire_time=Some(2026-08-23T14:35:09.063180125Z)]
2026-08-23T14:25:19.085540Z  INFO slatedb::db_reader: refreshed checkpoint [checkpoint_id=649f6f70-a487-4c9c-a9ec-8cf209761c15, expire_time=Some(2026-08-23T14:35:19.075806667Z)]
2026-08-23T14:25:29.096916Z  INFO slatedb::db_reader: refreshed checkpoint [checkpoint_id=649f6f70-a487-4c9c-a9ec-8cf209761c15, expire_time=Some(2026-08-23T14:35:29.087129167Z)]
2026-08-23T14:25:39.095977Z  INFO slatedb::db_reader: refreshed checkpoint [checkpoint_id=649f6f70-a487-4c9c-a9ec-8cf209761c15, expire_time=Some(2026-08-23T14:35:39.086204625Z)]
2026-08-23T14:25:45.790389Z  INFO rockstream_cli: shutdown signal received — stopping gateway
2026-08-23T14:25:45.806471Z  INFO rockstream: rockstream: node stopped cleanly audit=/var/folders/vq/593qxcm57l90w1dlpywl_7nw0000gn/T/rockstream-r1-local-GpJck2/gateway/audit.jsonl bundle=/var/folders/vq/593qxcm57l90w1dlpywl_7nw0000gn/T/rockstream-r1-local-GpJck2/gateway/support-bundle-1787495145791.json events=7
