2026-08-23T13:30:02.929319Z  INFO rockstream_cli: metrics server started metrics_addr=127.0.0.1:63091
2026-08-23T13:30:02.929857Z  INFO slatedb::db::builder: opening SlateDB database [path=gateway, settings={"flush_interval":"100ms","manifest_poll_interval":"1s","manifest_update_timeout":"300s","min_filter_keys":1000,"l0_sst_size_bytes":67108864,"max_wal_flushes_before_l0_flush":4096,"l0_max_ssts":8,"l0_max_ssts_per_key":8,"l0_flush_parallelism":4,"max_unflushed_bytes":1073741824,"compactor_options":{"poll_interval":"5s","manifest_update_timeout":"300s","max_sst_size":268435456,"max_concurrent_compactions":4,"max_fetch_tasks":4,"scheduler_options":{}},"compression_codec":null,"object_store_cache_options":{"root_folder":null,"max_cache_size_bytes":17179869184,"part_size_bytes":4194304,"cache_puts":false,"preload_disk_cache_on_startup":null,"scan_interval":"3600s","max_open_file_handles":1000},"garbage_collector_options":{"manifest_options":{"interval":"60s","min_age":"300s"},"wal_options":{"interval":"60s","min_age":"300s"},"compacted_options":{"interval":"60s","min_age":"300s"},"compactions_options":{"interval":"60s","min_age":"300s"},"detach_options":{"interval":"60s"}},"default_ttl":null}]
2026-08-23T13:30:02.933030Z  INFO slatedb::compactor_state_protocols: creating new compactions file [compactor_epoch=0]
2026-08-23T13:30:02.939207Z  INFO rockstream_cli: Gateway server starting with auth mode: off
2026-08-23T13:30:02.939387Z  INFO rockstream_cli: PostgreSQL wire gateway ready — connect with: psql -h 127.0.0.1 -p 63086 -U rockstream addr=127.0.0.1:63086
2026-08-23T13:35:03.026534Z  INFO slatedb::db_reader: refreshed checkpoint [checkpoint_id=3a6429cf-518b-45b8-864c-15e871493fb7, expire_time=Some(2026-08-23T13:45:03.023815792Z)]
2026-08-23T13:35:13.020917Z  INFO slatedb::db_reader: refreshed checkpoint [checkpoint_id=3a6429cf-518b-45b8-864c-15e871493fb7, expire_time=Some(2026-08-23T13:45:13.018217417Z)]
2026-08-23T13:35:23.017357Z  INFO slatedb::db_reader: refreshed checkpoint [checkpoint_id=3a6429cf-518b-45b8-864c-15e871493fb7, expire_time=Some(2026-08-23T13:45:23.015116417Z)]
2026-08-23T13:35:33.032025Z  INFO slatedb::db_reader: refreshed checkpoint [checkpoint_id=3a6429cf-518b-45b8-864c-15e871493fb7, expire_time=Some(2026-08-23T13:45:33.029623917Z)]
2026-08-23T13:35:43.035097Z  INFO slatedb::db_reader: refreshed checkpoint [checkpoint_id=3a6429cf-518b-45b8-864c-15e871493fb7, expire_time=Some(2026-08-23T13:45:43.031685875Z)]
2026-08-23T13:35:53.034973Z  INFO slatedb::db_reader: refreshed checkpoint [checkpoint_id=3a6429cf-518b-45b8-864c-15e871493fb7, expire_time=Some(2026-08-23T13:45:53.032245959Z)]
2026-08-23T13:36:03.040223Z  INFO slatedb::db_reader: refreshed checkpoint [checkpoint_id=3a6429cf-518b-45b8-864c-15e871493fb7, expire_time=Some(2026-08-23T13:46:03.037038500Z)]
2026-08-23T13:36:13.026479Z  INFO slatedb::db_reader: refreshed checkpoint [checkpoint_id=3a6429cf-518b-45b8-864c-15e871493fb7, expire_time=Some(2026-08-23T13:46:13.024911709Z)]
2026-08-23T13:36:23.040912Z  INFO slatedb::db_reader: refreshed checkpoint [checkpoint_id=3a6429cf-518b-45b8-864c-15e871493fb7, expire_time=Some(2026-08-23T13:46:23.038872959Z)]
2026-08-23T13:36:33.044317Z  INFO slatedb::db_reader: refreshed checkpoint [checkpoint_id=3a6429cf-518b-45b8-864c-15e871493fb7, expire_time=Some(2026-08-23T13:46:33.041533125Z)]
2026-08-23T13:36:43.048207Z  INFO slatedb::db_reader: refreshed checkpoint [checkpoint_id=3a6429cf-518b-45b8-864c-15e871493fb7, expire_time=Some(2026-08-23T13:46:43.045642459Z)]
2026-08-23T13:36:53.040120Z  INFO slatedb::db_reader: refreshed checkpoint [checkpoint_id=3a6429cf-518b-45b8-864c-15e871493fb7, expire_time=Some(2026-08-23T13:46:53.038422625Z)]
2026-08-23T13:37:03.044080Z  INFO slatedb::db_reader: refreshed checkpoint [checkpoint_id=3a6429cf-518b-45b8-864c-15e871493fb7, expire_time=Some(2026-08-23T13:47:03.042050500Z)]
2026-08-23T13:37:13.066045Z  INFO slatedb::db_reader: refreshed checkpoint [checkpoint_id=3a6429cf-518b-45b8-864c-15e871493fb7, expire_time=Some(2026-08-23T13:47:13.063762792Z)]
2026-08-23T13:37:23.060580Z  INFO slatedb::db_reader: refreshed checkpoint [checkpoint_id=3a6429cf-518b-45b8-864c-15e871493fb7, expire_time=Some(2026-08-23T13:47:23.057579792Z)]
2026-08-23T13:37:33.060174Z  INFO slatedb::db_reader: refreshed checkpoint [checkpoint_id=3a6429cf-518b-45b8-864c-15e871493fb7, expire_time=Some(2026-08-23T13:47:33.057139625Z)]
2026-08-23T13:37:43.057747Z  INFO slatedb::db_reader: refreshed checkpoint [checkpoint_id=3a6429cf-518b-45b8-864c-15e871493fb7, expire_time=Some(2026-08-23T13:47:43.055127334Z)]
2026-08-23T13:37:53.056841Z  INFO slatedb::db_reader: refreshed checkpoint [checkpoint_id=3a6429cf-518b-45b8-864c-15e871493fb7, expire_time=Some(2026-08-23T13:47:53.054582Z)]
2026-08-23T13:38:03.060759Z  INFO slatedb::db_reader: refreshed checkpoint [checkpoint_id=3a6429cf-518b-45b8-864c-15e871493fb7, expire_time=Some(2026-08-23T13:48:03.058492Z)]
2026-08-23T13:38:13.064566Z  INFO slatedb::db_reader: refreshed checkpoint [checkpoint_id=3a6429cf-518b-45b8-864c-15e871493fb7, expire_time=Some(2026-08-23T13:48:13.062217Z)]
2026-08-23T13:38:23.068095Z  INFO slatedb::db_reader: refreshed checkpoint [checkpoint_id=3a6429cf-518b-45b8-864c-15e871493fb7, expire_time=Some(2026-08-23T13:48:23.066121834Z)]
2026-08-23T13:38:33.065975Z  INFO slatedb::db_reader: refreshed checkpoint [checkpoint_id=3a6429cf-518b-45b8-864c-15e871493fb7, expire_time=Some(2026-08-23T13:48:33.064027417Z)]
2026-08-23T13:38:43.074343Z  INFO slatedb::db_reader: refreshed checkpoint [checkpoint_id=3a6429cf-518b-45b8-864c-15e871493fb7, expire_time=Some(2026-08-23T13:48:43.071885875Z)]
2026-08-23T13:38:53.080070Z  INFO slatedb::db_reader: refreshed checkpoint [checkpoint_id=3a6429cf-518b-45b8-864c-15e871493fb7, expire_time=Some(2026-08-23T13:48:53.077081292Z)]
2026-08-23T13:39:03.075994Z  INFO slatedb::db_reader: refreshed checkpoint [checkpoint_id=3a6429cf-518b-45b8-864c-15e871493fb7, expire_time=Some(2026-08-23T13:49:03.073796167Z)]
2026-08-23T13:39:13.096197Z  INFO slatedb::db_reader: refreshed checkpoint [checkpoint_id=3a6429cf-518b-45b8-864c-15e871493fb7, expire_time=Some(2026-08-23T13:49:13.093129209Z)]
2026-08-23T13:39:23.101861Z  INFO slatedb::db_reader: refreshed checkpoint [checkpoint_id=3a6429cf-518b-45b8-864c-15e871493fb7, expire_time=Some(2026-08-23T13:49:23.098524209Z)]
2026-08-23T13:39:33.086451Z  INFO slatedb::db_reader: refreshed checkpoint [checkpoint_id=3a6429cf-518b-45b8-864c-15e871493fb7, expire_time=Some(2026-08-23T13:49:33.084151834Z)]
2026-08-23T13:39:43.100974Z  INFO slatedb::db_reader: refreshed checkpoint [checkpoint_id=3a6429cf-518b-45b8-864c-15e871493fb7, expire_time=Some(2026-08-23T13:49:43.098064292Z)]
2026-08-23T13:39:53.109247Z  INFO slatedb::db_reader: refreshed checkpoint [checkpoint_id=3a6429cf-518b-45b8-864c-15e871493fb7, expire_time=Some(2026-08-23T13:49:53.105799792Z)]
2026-08-23T13:40:03.105917Z  INFO slatedb::db_reader: refreshed checkpoint [checkpoint_id=3a6429cf-518b-45b8-864c-15e871493fb7, expire_time=Some(2026-08-23T13:50:03.103121334Z)]
2026-08-23T13:40:13.118003Z  INFO slatedb::db_reader: refreshed checkpoint [checkpoint_id=3a6429cf-518b-45b8-864c-15e871493fb7, expire_time=Some(2026-08-23T13:50:13.114717834Z)]
2026-08-23T13:40:23.107714Z  INFO slatedb::db_reader: refreshed checkpoint [checkpoint_id=3a6429cf-518b-45b8-864c-15e871493fb7, expire_time=Some(2026-08-23T13:50:23.105087417Z)]
2026-08-23T13:40:33.123919Z  INFO slatedb::db_reader: refreshed checkpoint [checkpoint_id=3a6429cf-518b-45b8-864c-15e871493fb7, expire_time=Some(2026-08-23T13:50:33.120867584Z)]
2026-08-23T13:40:43.121308Z  INFO slatedb::db_reader: refreshed checkpoint [checkpoint_id=3a6429cf-518b-45b8-864c-15e871493fb7, expire_time=Some(2026-08-23T13:50:43.118209834Z)]
2026-08-23T13:40:53.119040Z  INFO slatedb::db_reader: refreshed checkpoint [checkpoint_id=3a6429cf-518b-45b8-864c-15e871493fb7, expire_time=Some(2026-08-23T13:50:53.116169792Z)]
2026-08-23T13:41:03.125715Z  INFO slatedb::db_reader: refreshed checkpoint [checkpoint_id=3a6429cf-518b-45b8-864c-15e871493fb7, expire_time=Some(2026-08-23T13:51:03.122778Z)]
2026-08-23T13:41:13.115701Z  INFO slatedb::db_reader: refreshed checkpoint [checkpoint_id=3a6429cf-518b-45b8-864c-15e871493fb7, expire_time=Some(2026-08-23T13:51:13.112583625Z)]
2026-08-23T13:41:23.128074Z  INFO slatedb::db_reader: refreshed checkpoint [checkpoint_id=3a6429cf-518b-45b8-864c-15e871493fb7, expire_time=Some(2026-08-23T13:51:23.124562167Z)]
2026-08-23T13:41:33.137825Z  INFO slatedb::db_reader: refreshed checkpoint [checkpoint_id=3a6429cf-518b-45b8-864c-15e871493fb7, expire_time=Some(2026-08-23T13:51:33.134940875Z)]
2026-08-23T13:41:43.133287Z  INFO slatedb::db_reader: refreshed checkpoint [checkpoint_id=3a6429cf-518b-45b8-864c-15e871493fb7, expire_time=Some(2026-08-23T13:51:43.130219709Z)]
2026-08-23T13:41:53.131425Z  INFO slatedb::db_reader: refreshed checkpoint [checkpoint_id=3a6429cf-518b-45b8-864c-15e871493fb7, expire_time=Some(2026-08-23T13:51:53.128450167Z)]
2026-08-23T13:42:03.131262Z  INFO slatedb::db_reader: refreshed checkpoint [checkpoint_id=3a6429cf-518b-45b8-864c-15e871493fb7, expire_time=Some(2026-08-23T13:52:03.128087125Z)]
2026-08-23T13:42:13.139100Z  INFO slatedb::db_reader: refreshed checkpoint [checkpoint_id=3a6429cf-518b-45b8-864c-15e871493fb7, expire_time=Some(2026-08-23T13:52:13.135652584Z)]
2026-08-23T13:42:23.140370Z  INFO slatedb::db_reader: refreshed checkpoint [checkpoint_id=3a6429cf-518b-45b8-864c-15e871493fb7, expire_time=Some(2026-08-23T13:52:23.137658292Z)]
2026-08-23T13:42:33.148272Z  INFO slatedb::db_reader: refreshed checkpoint [checkpoint_id=3a6429cf-518b-45b8-864c-15e871493fb7, expire_time=Some(2026-08-23T13:52:33.145003042Z)]
2026-08-23T13:42:43.144041Z  INFO slatedb::db_reader: refreshed checkpoint [checkpoint_id=3a6429cf-518b-45b8-864c-15e871493fb7, expire_time=Some(2026-08-23T13:52:43.140786709Z)]
2026-08-23T13:42:53.139842Z  INFO slatedb::db_reader: refreshed checkpoint [checkpoint_id=3a6429cf-518b-45b8-864c-15e871493fb7, expire_time=Some(2026-08-23T13:52:53.136842667Z)]
2026-08-23T13:43:03.146830Z  INFO slatedb::db_reader: refreshed checkpoint [checkpoint_id=3a6429cf-518b-45b8-864c-15e871493fb7, expire_time=Some(2026-08-23T13:53:03.143350292Z)]
2026-08-23T13:43:13.155369Z  INFO slatedb::db_reader: refreshed checkpoint [checkpoint_id=3a6429cf-518b-45b8-864c-15e871493fb7, expire_time=Some(2026-08-23T13:53:13.151684125Z)]
2026-08-23T13:43:23.159191Z  INFO slatedb::db_reader: refreshed checkpoint [checkpoint_id=3a6429cf-518b-45b8-864c-15e871493fb7, expire_time=Some(2026-08-23T13:53:23.156096250Z)]
2026-08-23T13:43:33.165638Z  INFO slatedb::db_reader: refreshed checkpoint [checkpoint_id=3a6429cf-518b-45b8-864c-15e871493fb7, expire_time=Some(2026-08-23T13:53:33.161684292Z)]
2026-08-23T13:43:43.155804Z  INFO slatedb::db_reader: refreshed checkpoint [checkpoint_id=3a6429cf-518b-45b8-864c-15e871493fb7, expire_time=Some(2026-08-23T13:53:43.152244792Z)]
2026-08-23T13:43:53.168822Z  INFO slatedb::db_reader: refreshed checkpoint [checkpoint_id=3a6429cf-518b-45b8-864c-15e871493fb7, expire_time=Some(2026-08-23T13:53:53.165603167Z)]
2026-08-23T13:44:03.162819Z  INFO slatedb::db_reader: refreshed checkpoint [checkpoint_id=3a6429cf-518b-45b8-864c-15e871493fb7, expire_time=Some(2026-08-23T13:54:03.159214084Z)]
2026-08-23T13:44:13.169783Z  INFO slatedb::db_reader: refreshed checkpoint [checkpoint_id=3a6429cf-518b-45b8-864c-15e871493fb7, expire_time=Some(2026-08-23T13:54:13.166009875Z)]
2026-08-23T13:44:23.171319Z  INFO slatedb::db_reader: refreshed checkpoint [checkpoint_id=3a6429cf-518b-45b8-864c-15e871493fb7, expire_time=Some(2026-08-23T13:54:23.168101500Z)]
2026-08-23T13:44:33.176663Z  INFO slatedb::db_reader: refreshed checkpoint [checkpoint_id=3a6429cf-518b-45b8-864c-15e871493fb7, expire_time=Some(2026-08-23T13:54:33.172739875Z)]
2026-08-23T13:44:43.157207Z  INFO slatedb::db_reader: refreshed checkpoint [checkpoint_id=3a6429cf-518b-45b8-864c-15e871493fb7, expire_time=Some(2026-08-23T13:54:43.154279459Z)]
2026-08-23T13:44:53.164105Z  INFO slatedb::db_reader: refreshed checkpoint [checkpoint_id=3a6429cf-518b-45b8-864c-15e871493fb7, expire_time=Some(2026-08-23T13:54:53.160788750Z)]
2026-08-23T13:45:03.170192Z  INFO slatedb::db_reader: refreshed checkpoint [checkpoint_id=3a6429cf-518b-45b8-864c-15e871493fb7, expire_time=Some(2026-08-23T13:55:03.166743250Z)]
2026-08-23T13:45:13.170746Z  INFO slatedb::db_reader: refreshed checkpoint [checkpoint_id=3a6429cf-518b-45b8-864c-15e871493fb7, expire_time=Some(2026-08-23T13:55:13.167450125Z)]
2026-08-23T13:45:23.172815Z  INFO slatedb::db_reader: refreshed checkpoint [checkpoint_id=3a6429cf-518b-45b8-864c-15e871493fb7, expire_time=Some(2026-08-23T13:55:23.169563334Z)]
2026-08-23T13:45:33.173560Z  INFO slatedb::db_reader: refreshed checkpoint [checkpoint_id=3a6429cf-518b-45b8-864c-15e871493fb7, expire_time=Some(2026-08-23T13:55:33.170470375Z)]
2026-08-23T13:45:43.178985Z  INFO slatedb::db_reader: refreshed checkpoint [checkpoint_id=3a6429cf-518b-45b8-864c-15e871493fb7, expire_time=Some(2026-08-23T13:55:43.175690042Z)]
2026-08-23T13:45:53.188112Z  INFO slatedb::db_reader: refreshed checkpoint [checkpoint_id=3a6429cf-518b-45b8-864c-15e871493fb7, expire_time=Some(2026-08-23T13:55:53.184596042Z)]
2026-08-23T13:46:03.193399Z  INFO slatedb::db_reader: refreshed checkpoint [checkpoint_id=3a6429cf-518b-45b8-864c-15e871493fb7, expire_time=Some(2026-08-23T13:56:03.189960709Z)]
2026-08-23T13:46:13.198542Z  INFO slatedb::db_reader: refreshed checkpoint [checkpoint_id=3a6429cf-518b-45b8-864c-15e871493fb7, expire_time=Some(2026-08-23T13:56:13.194374500Z)]
2026-08-23T13:46:23.199935Z  INFO slatedb::db_reader: refreshed checkpoint [checkpoint_id=3a6429cf-518b-45b8-864c-15e871493fb7, expire_time=Some(2026-08-23T13:56:23.196450834Z)]
2026-08-23T13:46:33.208045Z  INFO slatedb::db_reader: refreshed checkpoint [checkpoint_id=3a6429cf-518b-45b8-864c-15e871493fb7, expire_time=Some(2026-08-23T13:56:33.204001042Z)]
2026-08-23T13:46:43.208521Z  INFO slatedb::db_reader: refreshed checkpoint [checkpoint_id=3a6429cf-518b-45b8-864c-15e871493fb7, expire_time=Some(2026-08-23T13:56:43.204334750Z)]
2026-08-23T13:46:53.211868Z  INFO slatedb::db_reader: refreshed checkpoint [checkpoint_id=3a6429cf-518b-45b8-864c-15e871493fb7, expire_time=Some(2026-08-23T13:56:53.208156167Z)]
2026-08-23T13:47:03.208801Z  INFO slatedb::db_reader: refreshed checkpoint [checkpoint_id=3a6429cf-518b-45b8-864c-15e871493fb7, expire_time=Some(2026-08-23T13:57:03.204797959Z)]
2026-08-23T13:47:13.217800Z  INFO slatedb::db_reader: refreshed checkpoint [checkpoint_id=3a6429cf-518b-45b8-864c-15e871493fb7, expire_time=Some(2026-08-23T13:57:13.213697084Z)]
2026-08-23T13:47:23.207735Z  INFO slatedb::db_reader: refreshed checkpoint [checkpoint_id=3a6429cf-518b-45b8-864c-15e871493fb7, expire_time=Some(2026-08-23T13:57:23.204189459Z)]
2026-08-23T13:47:33.223803Z  INFO slatedb::db_reader: refreshed checkpoint [checkpoint_id=3a6429cf-518b-45b8-864c-15e871493fb7, expire_time=Some(2026-08-23T13:57:33.219390709Z)]
2026-08-23T13:47:43.225014Z  INFO slatedb::db_reader: refreshed checkpoint [checkpoint_id=3a6429cf-518b-45b8-864c-15e871493fb7, expire_time=Some(2026-08-23T13:57:43.220980375Z)]
2026-08-23T13:47:53.226512Z  INFO slatedb::db_reader: refreshed checkpoint [checkpoint_id=3a6429cf-518b-45b8-864c-15e871493fb7, expire_time=Some(2026-08-23T13:57:53.222530459Z)]
2026-08-23T13:48:03.233244Z  INFO slatedb::db_reader: refreshed checkpoint [checkpoint_id=3a6429cf-518b-45b8-864c-15e871493fb7, expire_time=Some(2026-08-23T13:58:03.229156292Z)]
2026-08-23T13:48:13.231832Z  INFO slatedb::db_reader: refreshed checkpoint [checkpoint_id=3a6429cf-518b-45b8-864c-15e871493fb7, expire_time=Some(2026-08-23T13:58:13.227618625Z)]
2026-08-23T13:48:23.226316Z  INFO slatedb::db_reader: refreshed checkpoint [checkpoint_id=3a6429cf-518b-45b8-864c-15e871493fb7, expire_time=Some(2026-08-23T13:58:23.222016667Z)]
2026-08-23T13:48:33.239405Z  INFO slatedb::db_reader: refreshed checkpoint [checkpoint_id=3a6429cf-518b-45b8-864c-15e871493fb7, expire_time=Some(2026-08-23T13:58:33.234902167Z)]
2026-08-23T13:48:43.240812Z  INFO slatedb::db_reader: refreshed checkpoint [checkpoint_id=3a6429cf-518b-45b8-864c-15e871493fb7, expire_time=Some(2026-08-23T13:58:43.236659750Z)]
2026-08-23T13:48:53.238463Z  INFO slatedb::db_reader: refreshed checkpoint [checkpoint_id=3a6429cf-518b-45b8-864c-15e871493fb7, expire_time=Some(2026-08-23T13:58:53.234142750Z)]
2026-08-23T13:49:03.248540Z  INFO slatedb::db_reader: refreshed checkpoint [checkpoint_id=3a6429cf-518b-45b8-864c-15e871493fb7, expire_time=Some(2026-08-23T13:59:03.244208542Z)]
2026-08-23T13:49:13.247280Z  INFO slatedb::db_reader: refreshed checkpoint [checkpoint_id=3a6429cf-518b-45b8-864c-15e871493fb7, expire_time=Some(2026-08-23T13:59:13.243002042Z)]
2026-08-23T13:49:23.255081Z  INFO slatedb::db_reader: refreshed checkpoint [checkpoint_id=3a6429cf-518b-45b8-864c-15e871493fb7, expire_time=Some(2026-08-23T13:59:23.251070042Z)]
2026-08-23T13:49:33.258572Z  INFO slatedb::db_reader: refreshed checkpoint [checkpoint_id=3a6429cf-518b-45b8-864c-15e871493fb7, expire_time=Some(2026-08-23T13:59:33.254050709Z)]
2026-08-23T13:49:43.142958Z  INFO slatedb::db_reader: refreshed checkpoint [checkpoint_id=3a6429cf-518b-45b8-864c-15e871493fb7, expire_time=Some(2026-08-23T13:59:43.250498792Z)]
2026-08-23T13:49:53.142888Z  INFO slatedb::db_reader: refreshed checkpoint [checkpoint_id=3a6429cf-518b-45b8-864c-15e871493fb7, expire_time=Some(2026-08-23T13:59:53.250938750Z)]
2026-08-23T13:50:03.144290Z  INFO slatedb::db_reader: refreshed checkpoint [checkpoint_id=3a6429cf-518b-45b8-864c-15e871493fb7, expire_time=Some(2026-08-23T14:00:03.252318834Z)]
2026-08-23T13:50:13.151396Z  INFO slatedb::db_reader: refreshed checkpoint [checkpoint_id=3a6429cf-518b-45b8-864c-15e871493fb7, expire_time=Some(2026-08-23T14:00:13.259526584Z)]
2026-08-23T13:50:23.158376Z  INFO slatedb::db_reader: refreshed checkpoint [checkpoint_id=3a6429cf-518b-45b8-864c-15e871493fb7, expire_time=Some(2026-08-23T14:00:23.266645Z)]
2026-08-23T13:50:33.158931Z  INFO slatedb::db_reader: refreshed checkpoint [checkpoint_id=3a6429cf-518b-45b8-864c-15e871493fb7, expire_time=Some(2026-08-23T14:00:33.267577709Z)]
2026-08-23T13:50:43.160987Z  INFO slatedb::db_reader: refreshed checkpoint [checkpoint_id=3a6429cf-518b-45b8-864c-15e871493fb7, expire_time=Some(2026-08-23T14:00:43.269972334Z)]
2026-08-23T13:50:53.168760Z  INFO slatedb::db_reader: refreshed checkpoint [checkpoint_id=3a6429cf-518b-45b8-864c-15e871493fb7, expire_time=Some(2026-08-23T14:00:53.278129875Z)]
2026-08-23T13:51:03.154291Z  INFO slatedb::db_reader: refreshed checkpoint [checkpoint_id=3a6429cf-518b-45b8-864c-15e871493fb7, expire_time=Some(2026-08-23T14:01:03.263929500Z)]
2026-08-23T13:51:13.162120Z  INFO slatedb::db_reader: refreshed checkpoint [checkpoint_id=3a6429cf-518b-45b8-864c-15e871493fb7, expire_time=Some(2026-08-23T14:01:13.272093292Z)]
2026-08-23T13:51:23.153293Z  INFO slatedb::db_reader: refreshed checkpoint [checkpoint_id=3a6429cf-518b-45b8-864c-15e871493fb7, expire_time=Some(2026-08-23T14:01:23.264055917Z)]
2026-08-23T13:51:33.144568Z  INFO slatedb::db_reader: refreshed checkpoint [checkpoint_id=3a6429cf-518b-45b8-864c-15e871493fb7, expire_time=Some(2026-08-23T14:01:33.255826959Z)]
2026-08-23T13:51:43.169804Z  INFO slatedb::db_reader: refreshed checkpoint [checkpoint_id=3a6429cf-518b-45b8-864c-15e871493fb7, expire_time=Some(2026-08-23T14:01:43.280586084Z)]
2026-08-23T13:51:53.161038Z  INFO slatedb::db_reader: refreshed checkpoint [checkpoint_id=3a6429cf-518b-45b8-864c-15e871493fb7, expire_time=Some(2026-08-23T14:01:53.272473500Z)]
2026-08-23T13:52:03.165181Z  INFO slatedb::db_reader: refreshed checkpoint [checkpoint_id=3a6429cf-518b-45b8-864c-15e871493fb7, expire_time=Some(2026-08-23T14:02:03.276783125Z)]
2026-08-23T13:52:13.160570Z  INFO slatedb::db_reader: refreshed checkpoint [checkpoint_id=3a6429cf-518b-45b8-864c-15e871493fb7, expire_time=Some(2026-08-23T14:02:13.272573542Z)]
2026-08-23T13:52:23.161756Z  INFO slatedb::db_reader: refreshed checkpoint [checkpoint_id=3a6429cf-518b-45b8-864c-15e871493fb7, expire_time=Some(2026-08-23T14:02:23.274193834Z)]
2026-08-23T13:52:33.162643Z  INFO slatedb::db_reader: refreshed checkpoint [checkpoint_id=3a6429cf-518b-45b8-864c-15e871493fb7, expire_time=Some(2026-08-23T14:02:33.275369584Z)]
2026-08-23T13:52:43.165316Z  INFO slatedb::db_reader: refreshed checkpoint [checkpoint_id=3a6429cf-518b-45b8-864c-15e871493fb7, expire_time=Some(2026-08-23T14:02:43.278322500Z)]
2026-08-23T13:52:53.175638Z  INFO slatedb::db_reader: refreshed checkpoint [checkpoint_id=3a6429cf-518b-45b8-864c-15e871493fb7, expire_time=Some(2026-08-23T14:02:53.288836750Z)]
2026-08-23T13:53:03.182382Z  INFO slatedb::db_reader: refreshed checkpoint [checkpoint_id=3a6429cf-518b-45b8-864c-15e871493fb7, expire_time=Some(2026-08-23T14:03:03.295499959Z)]
2026-08-23T13:53:13.199025Z  INFO slatedb::db_reader: refreshed checkpoint [checkpoint_id=3a6429cf-518b-45b8-864c-15e871493fb7, expire_time=Some(2026-08-23T14:03:13.312225084Z)]
2026-08-23T13:53:23.186456Z  INFO slatedb::db_reader: refreshed checkpoint [checkpoint_id=3a6429cf-518b-45b8-864c-15e871493fb7, expire_time=Some(2026-08-23T14:03:23.300538459Z)]
2026-08-23T13:53:33.197925Z  INFO slatedb::db_reader: refreshed checkpoint [checkpoint_id=3a6429cf-518b-45b8-864c-15e871493fb7, expire_time=Some(2026-08-23T14:03:33.312140834Z)]
2026-08-23T13:53:43.192647Z  INFO slatedb::db_reader: refreshed checkpoint [checkpoint_id=3a6429cf-518b-45b8-864c-15e871493fb7, expire_time=Some(2026-08-23T14:03:43.306865167Z)]
2026-08-23T13:53:53.197145Z  INFO slatedb::db_reader: refreshed checkpoint [checkpoint_id=3a6429cf-518b-45b8-864c-15e871493fb7, expire_time=Some(2026-08-23T14:03:53.312095292Z)]
2026-08-23T13:54:03.201043Z  INFO slatedb::db_reader: refreshed checkpoint [checkpoint_id=3a6429cf-518b-45b8-864c-15e871493fb7, expire_time=Some(2026-08-23T14:04:03.315754250Z)]
2026-08-23T13:54:13.199975Z  INFO slatedb::db_reader: refreshed checkpoint [checkpoint_id=3a6429cf-518b-45b8-864c-15e871493fb7, expire_time=Some(2026-08-23T14:04:13.315220625Z)]
2026-08-23T13:54:23.206551Z  INFO slatedb::db_reader: refreshed checkpoint [checkpoint_id=3a6429cf-518b-45b8-864c-15e871493fb7, expire_time=Some(2026-08-23T14:04:23.321830Z)]
2026-08-23T13:54:33.208193Z  INFO slatedb::db_reader: refreshed checkpoint [checkpoint_id=3a6429cf-518b-45b8-864c-15e871493fb7, expire_time=Some(2026-08-23T14:04:33.323604792Z)]
2026-08-23T13:54:43.209819Z  INFO slatedb::db_reader: refreshed checkpoint [checkpoint_id=3a6429cf-518b-45b8-864c-15e871493fb7, expire_time=Some(2026-08-23T14:04:43.325764084Z)]
2026-08-23T13:54:53.208740Z  INFO slatedb::db_reader: refreshed checkpoint [checkpoint_id=3a6429cf-518b-45b8-864c-15e871493fb7, expire_time=Some(2026-08-23T14:04:53.324828417Z)]
2026-08-23T13:55:03.217836Z  INFO slatedb::db_reader: refreshed checkpoint [checkpoint_id=3a6429cf-518b-45b8-864c-15e871493fb7, expire_time=Some(2026-08-23T14:05:03.334236584Z)]
2026-08-23T13:55:13.215162Z  INFO slatedb::db_reader: refreshed checkpoint [checkpoint_id=3a6429cf-518b-45b8-864c-15e871493fb7, expire_time=Some(2026-08-23T14:05:13.331819750Z)]
2026-08-23T13:55:23.216954Z  INFO slatedb::db_reader: refreshed checkpoint [checkpoint_id=3a6429cf-518b-45b8-864c-15e871493fb7, expire_time=Some(2026-08-23T14:05:23.334432250Z)]
2026-08-23T13:55:33.225275Z  INFO slatedb::db_reader: refreshed checkpoint [checkpoint_id=3a6429cf-518b-45b8-864c-15e871493fb7, expire_time=Some(2026-08-23T14:05:33.342273667Z)]
2026-08-23T13:55:43.204382Z  INFO slatedb::db_reader: refreshed checkpoint [checkpoint_id=3a6429cf-518b-45b8-864c-15e871493fb7, expire_time=Some(2026-08-23T14:05:43.322473250Z)]
2026-08-23T13:55:53.225358Z  INFO slatedb::db_reader: refreshed checkpoint [checkpoint_id=3a6429cf-518b-45b8-864c-15e871493fb7, expire_time=Some(2026-08-23T14:05:53.343568375Z)]
2026-08-23T13:56:03.227859Z  INFO slatedb::db_reader: refreshed checkpoint [checkpoint_id=3a6429cf-518b-45b8-864c-15e871493fb7, expire_time=Some(2026-08-23T14:06:03.345977709Z)]
2026-08-23T13:56:13.222942Z  INFO slatedb::db_reader: refreshed checkpoint [checkpoint_id=3a6429cf-518b-45b8-864c-15e871493fb7, expire_time=Some(2026-08-23T14:06:13.340885209Z)]
2026-08-23T13:56:23.229574Z  INFO slatedb::db_reader: refreshed checkpoint [checkpoint_id=3a6429cf-518b-45b8-864c-15e871493fb7, expire_time=Some(2026-08-23T14:06:23.348260667Z)]
2026-08-23T13:56:33.247790Z  INFO slatedb::db_reader: refreshed checkpoint [checkpoint_id=3a6429cf-518b-45b8-864c-15e871493fb7, expire_time=Some(2026-08-23T14:06:33.366890917Z)]
2026-08-23T13:56:43.244741Z  INFO slatedb::db_reader: refreshed checkpoint [checkpoint_id=3a6429cf-518b-45b8-864c-15e871493fb7, expire_time=Some(2026-08-23T14:06:43.363853417Z)]
2026-08-23T13:56:53.248984Z  INFO slatedb::db_reader: refreshed checkpoint [checkpoint_id=3a6429cf-518b-45b8-864c-15e871493fb7, expire_time=Some(2026-08-23T14:06:53.369018750Z)]
2026-08-23T13:57:03.258140Z  INFO slatedb::db_reader: refreshed checkpoint [checkpoint_id=3a6429cf-518b-45b8-864c-15e871493fb7, expire_time=Some(2026-08-23T14:07:03.378109042Z)]
2026-08-23T13:57:13.250413Z  INFO slatedb::db_reader: refreshed checkpoint [checkpoint_id=3a6429cf-518b-45b8-864c-15e871493fb7, expire_time=Some(2026-08-23T14:07:13.370570125Z)]
2026-08-23T13:57:23.248131Z  INFO slatedb::db_reader: refreshed checkpoint [checkpoint_id=3a6429cf-518b-45b8-864c-15e871493fb7, expire_time=Some(2026-08-23T14:07:23.368925834Z)]
2026-08-23T13:57:33.263952Z  INFO slatedb::db_reader: refreshed checkpoint [checkpoint_id=3a6429cf-518b-45b8-864c-15e871493fb7, expire_time=Some(2026-08-23T14:07:33.384777709Z)]
2026-08-23T13:57:43.266081Z  INFO slatedb::db_reader: refreshed checkpoint [checkpoint_id=3a6429cf-518b-45b8-864c-15e871493fb7, expire_time=Some(2026-08-23T14:07:43.387110417Z)]
2026-08-23T13:57:52.409600Z  INFO rockstream_cli: shutdown signal received — stopping gateway
2026-08-23T13:57:52.445287Z  INFO rockstream: rockstream: node stopped cleanly audit=/var/folders/vq/593qxcm57l90w1dlpywl_7nw0000gn/T/rockstream-r1-local-YtoLu1/gateway/audit.jsonl bundle=/var/folders/vq/593qxcm57l90w1dlpywl_7nw0000gn/T/rockstream-r1-local-YtoLu1/gateway/support-bundle-1787493472410.json events=7
