2026-08-23T13:01:50.205825Z  INFO rockstream_cli: metrics server started metrics_addr=127.0.0.1:53268
2026-08-23T13:01:50.206287Z  INFO slatedb::db::builder: opening SlateDB database [path=gateway, settings={"flush_interval":"100ms","manifest_poll_interval":"1s","manifest_update_timeout":"300s","min_filter_keys":1000,"l0_sst_size_bytes":67108864,"max_wal_flushes_before_l0_flush":4096,"l0_max_ssts":8,"l0_max_ssts_per_key":8,"l0_flush_parallelism":4,"max_unflushed_bytes":1073741824,"compactor_options":{"poll_interval":"5s","manifest_update_timeout":"300s","max_sst_size":268435456,"max_concurrent_compactions":4,"max_fetch_tasks":4,"scheduler_options":{}},"compression_codec":null,"object_store_cache_options":{"root_folder":null,"max_cache_size_bytes":17179869184,"part_size_bytes":4194304,"cache_puts":false,"preload_disk_cache_on_startup":null,"scan_interval":"3600s","max_open_file_handles":1000},"garbage_collector_options":{"manifest_options":{"interval":"60s","min_age":"300s"},"wal_options":{"interval":"60s","min_age":"300s"},"compacted_options":{"interval":"60s","min_age":"300s"},"compactions_options":{"interval":"60s","min_age":"300s"},"detach_options":{"interval":"60s"}},"default_ttl":null}]
2026-08-23T13:01:50.209493Z  INFO slatedb::compactor_state_protocols: creating new compactions file [compactor_epoch=0]
2026-08-23T13:01:50.214972Z  INFO rockstream_cli: Gateway server starting with auth mode: off
2026-08-23T13:01:50.215218Z  INFO rockstream_cli: PostgreSQL wire gateway ready — connect with: psql -h 127.0.0.1 -p 53263 -U rockstream addr=127.0.0.1:53263
2026-08-23T13:06:50.272743Z  INFO slatedb::db_reader: refreshed checkpoint [checkpoint_id=1c99530a-182b-41ef-b434-388188863e27, expire_time=Some(2026-08-23T13:16:50.270422291Z)]
2026-08-23T13:07:00.280991Z  INFO slatedb::db_reader: refreshed checkpoint [checkpoint_id=1c99530a-182b-41ef-b434-388188863e27, expire_time=Some(2026-08-23T13:17:00.277986375Z)]
2026-08-23T13:07:10.276474Z  INFO slatedb::db_reader: refreshed checkpoint [checkpoint_id=1c99530a-182b-41ef-b434-388188863e27, expire_time=Some(2026-08-23T13:17:10.274078750Z)]
2026-08-23T13:07:20.281408Z  INFO slatedb::db_reader: refreshed checkpoint [checkpoint_id=1c99530a-182b-41ef-b434-388188863e27, expire_time=Some(2026-08-23T13:17:20.278769333Z)]
2026-08-23T13:07:30.282658Z  INFO slatedb::db_reader: refreshed checkpoint [checkpoint_id=1c99530a-182b-41ef-b434-388188863e27, expire_time=Some(2026-08-23T13:17:30.279863Z)]
2026-08-23T13:07:40.288137Z  INFO slatedb::db_reader: refreshed checkpoint [checkpoint_id=1c99530a-182b-41ef-b434-388188863e27, expire_time=Some(2026-08-23T13:17:40.284820125Z)]
2026-08-23T13:07:50.283779Z  INFO slatedb::db_reader: refreshed checkpoint [checkpoint_id=1c99530a-182b-41ef-b434-388188863e27, expire_time=Some(2026-08-23T13:17:50.281178833Z)]
2026-08-23T13:08:00.298411Z  INFO slatedb::db_reader: refreshed checkpoint [checkpoint_id=1c99530a-182b-41ef-b434-388188863e27, expire_time=Some(2026-08-23T13:18:00.293939Z)]
2026-08-23T13:08:10.292819Z  INFO slatedb::db_reader: refreshed checkpoint [checkpoint_id=1c99530a-182b-41ef-b434-388188863e27, expire_time=Some(2026-08-23T13:18:10.289702541Z)]
2026-08-23T13:08:20.291956Z  INFO slatedb::db_reader: refreshed checkpoint [checkpoint_id=1c99530a-182b-41ef-b434-388188863e27, expire_time=Some(2026-08-23T13:18:20.289264541Z)]
2026-08-23T13:08:30.304951Z  INFO slatedb::db_reader: refreshed checkpoint [checkpoint_id=1c99530a-182b-41ef-b434-388188863e27, expire_time=Some(2026-08-23T13:18:30.302205333Z)]
2026-08-23T13:08:40.302208Z  INFO slatedb::db_reader: refreshed checkpoint [checkpoint_id=1c99530a-182b-41ef-b434-388188863e27, expire_time=Some(2026-08-23T13:18:40.299211958Z)]
2026-08-23T13:08:50.299591Z  INFO slatedb::db_reader: refreshed checkpoint [checkpoint_id=1c99530a-182b-41ef-b434-388188863e27, expire_time=Some(2026-08-23T13:18:50.296673750Z)]
2026-08-23T13:09:00.299254Z  INFO slatedb::db_reader: refreshed checkpoint [checkpoint_id=1c99530a-182b-41ef-b434-388188863e27, expire_time=Some(2026-08-23T13:19:00.296200791Z)]
2026-08-23T13:09:10.301191Z  INFO slatedb::db_reader: refreshed checkpoint [checkpoint_id=1c99530a-182b-41ef-b434-388188863e27, expire_time=Some(2026-08-23T13:19:10.298043166Z)]
2026-08-23T13:09:20.302826Z  INFO slatedb::db_reader: refreshed checkpoint [checkpoint_id=1c99530a-182b-41ef-b434-388188863e27, expire_time=Some(2026-08-23T13:19:20.299829416Z)]
2026-08-23T13:09:30.307334Z  INFO slatedb::db_reader: refreshed checkpoint [checkpoint_id=1c99530a-182b-41ef-b434-388188863e27, expire_time=Some(2026-08-23T13:19:30.304259208Z)]
2026-08-23T13:09:40.308909Z  INFO slatedb::db_reader: refreshed checkpoint [checkpoint_id=1c99530a-182b-41ef-b434-388188863e27, expire_time=Some(2026-08-23T13:19:40.305743541Z)]
2026-08-23T13:09:50.310563Z  INFO slatedb::db_reader: refreshed checkpoint [checkpoint_id=1c99530a-182b-41ef-b434-388188863e27, expire_time=Some(2026-08-23T13:19:50.307253500Z)]
2026-08-23T13:10:00.316535Z  INFO slatedb::db_reader: refreshed checkpoint [checkpoint_id=1c99530a-182b-41ef-b434-388188863e27, expire_time=Some(2026-08-23T13:20:00.312825541Z)]
2026-08-23T13:10:10.333215Z  INFO slatedb::db_reader: refreshed checkpoint [checkpoint_id=1c99530a-182b-41ef-b434-388188863e27, expire_time=Some(2026-08-23T13:20:10.328823125Z)]
2026-08-23T13:10:20.314479Z  INFO slatedb::db_reader: refreshed checkpoint [checkpoint_id=1c99530a-182b-41ef-b434-388188863e27, expire_time=Some(2026-08-23T13:20:20.311167916Z)]
2026-08-23T13:10:30.320546Z  INFO slatedb::db_reader: refreshed checkpoint [checkpoint_id=1c99530a-182b-41ef-b434-388188863e27, expire_time=Some(2026-08-23T13:20:30.317043916Z)]
2026-08-23T13:10:40.319715Z  INFO slatedb::db_reader: refreshed checkpoint [checkpoint_id=1c99530a-182b-41ef-b434-388188863e27, expire_time=Some(2026-08-23T13:20:40.316278583Z)]
2026-08-23T13:10:50.322114Z  INFO slatedb::db_reader: refreshed checkpoint [checkpoint_id=1c99530a-182b-41ef-b434-388188863e27, expire_time=Some(2026-08-23T13:20:50.318702458Z)]
2026-08-23T13:11:00.324452Z  INFO slatedb::db_reader: refreshed checkpoint [checkpoint_id=1c99530a-182b-41ef-b434-388188863e27, expire_time=Some(2026-08-23T13:21:00.320929208Z)]
2026-08-23T13:11:10.326066Z  INFO slatedb::db_reader: refreshed checkpoint [checkpoint_id=1c99530a-182b-41ef-b434-388188863e27, expire_time=Some(2026-08-23T13:21:10.322503666Z)]
2026-08-23T13:11:20.328383Z  INFO slatedb::db_reader: refreshed checkpoint [checkpoint_id=1c99530a-182b-41ef-b434-388188863e27, expire_time=Some(2026-08-23T13:21:20.324745041Z)]
2026-08-23T13:11:30.330845Z  INFO slatedb::db_reader: refreshed checkpoint [checkpoint_id=1c99530a-182b-41ef-b434-388188863e27, expire_time=Some(2026-08-23T13:21:30.327193041Z)]
2026-08-23T13:11:40.338408Z  INFO slatedb::db_reader: refreshed checkpoint [checkpoint_id=1c99530a-182b-41ef-b434-388188863e27, expire_time=Some(2026-08-23T13:21:40.334462916Z)]
2026-08-23T13:11:50.343331Z  INFO slatedb::db_reader: refreshed checkpoint [checkpoint_id=1c99530a-182b-41ef-b434-388188863e27, expire_time=Some(2026-08-23T13:21:50.339450500Z)]
2026-08-23T13:12:00.346916Z  INFO slatedb::db_reader: refreshed checkpoint [checkpoint_id=1c99530a-182b-41ef-b434-388188863e27, expire_time=Some(2026-08-23T13:22:00.343040833Z)]
2026-08-23T13:12:10.347971Z  INFO slatedb::db_reader: refreshed checkpoint [checkpoint_id=1c99530a-182b-41ef-b434-388188863e27, expire_time=Some(2026-08-23T13:22:10.344104750Z)]
2026-08-23T13:12:20.341662Z  INFO slatedb::db_reader: refreshed checkpoint [checkpoint_id=1c99530a-182b-41ef-b434-388188863e27, expire_time=Some(2026-08-23T13:22:20.337712666Z)]
2026-08-23T13:12:30.350646Z  INFO slatedb::db_reader: refreshed checkpoint [checkpoint_id=1c99530a-182b-41ef-b434-388188863e27, expire_time=Some(2026-08-23T13:22:30.346664Z)]
2026-08-23T13:12:40.358083Z  INFO slatedb::db_reader: refreshed checkpoint [checkpoint_id=1c99530a-182b-41ef-b434-388188863e27, expire_time=Some(2026-08-23T13:22:40.354085333Z)]
2026-08-23T13:12:50.353876Z  INFO slatedb::db_reader: refreshed checkpoint [checkpoint_id=1c99530a-182b-41ef-b434-388188863e27, expire_time=Some(2026-08-23T13:22:50.349231Z)]
2026-08-23T13:13:00.359678Z  INFO slatedb::db_reader: refreshed checkpoint [checkpoint_id=1c99530a-182b-41ef-b434-388188863e27, expire_time=Some(2026-08-23T13:23:00.354668750Z)]
2026-08-23T13:13:10.360563Z  INFO slatedb::db_reader: refreshed checkpoint [checkpoint_id=1c99530a-182b-41ef-b434-388188863e27, expire_time=Some(2026-08-23T13:23:10.355695041Z)]
2026-08-23T13:13:20.357420Z  INFO slatedb::db_reader: refreshed checkpoint [checkpoint_id=1c99530a-182b-41ef-b434-388188863e27, expire_time=Some(2026-08-23T13:23:20.352843583Z)]
2026-08-23T13:13:30.362448Z  INFO slatedb::db_reader: refreshed checkpoint [checkpoint_id=1c99530a-182b-41ef-b434-388188863e27, expire_time=Some(2026-08-23T13:23:30.357365875Z)]
2026-08-23T13:13:40.364124Z  INFO slatedb::db_reader: refreshed checkpoint [checkpoint_id=1c99530a-182b-41ef-b434-388188863e27, expire_time=Some(2026-08-23T13:23:40.358742750Z)]
2026-08-23T13:13:50.367646Z  INFO slatedb::db_reader: refreshed checkpoint [checkpoint_id=1c99530a-182b-41ef-b434-388188863e27, expire_time=Some(2026-08-23T13:23:50.362512750Z)]
2026-08-23T13:14:00.358460Z  INFO slatedb::db_reader: refreshed checkpoint [checkpoint_id=1c99530a-182b-41ef-b434-388188863e27, expire_time=Some(2026-08-23T13:24:00.353830416Z)]
2026-08-23T13:14:10.366103Z  INFO slatedb::db_reader: refreshed checkpoint [checkpoint_id=1c99530a-182b-41ef-b434-388188863e27, expire_time=Some(2026-08-23T13:24:10.361218208Z)]
2026-08-23T13:14:20.360753Z  INFO slatedb::db_reader: refreshed checkpoint [checkpoint_id=1c99530a-182b-41ef-b434-388188863e27, expire_time=Some(2026-08-23T13:24:20.356135Z)]
2026-08-23T13:14:30.368022Z  INFO slatedb::db_reader: refreshed checkpoint [checkpoint_id=1c99530a-182b-41ef-b434-388188863e27, expire_time=Some(2026-08-23T13:24:30.363056916Z)]
2026-08-23T13:14:40.371868Z  INFO slatedb::db_reader: refreshed checkpoint [checkpoint_id=1c99530a-182b-41ef-b434-388188863e27, expire_time=Some(2026-08-23T13:24:40.366626375Z)]
2026-08-23T13:14:50.366780Z  INFO slatedb::db_reader: refreshed checkpoint [checkpoint_id=1c99530a-182b-41ef-b434-388188863e27, expire_time=Some(2026-08-23T13:24:50.362055500Z)]
2026-08-23T13:15:00.368478Z  INFO slatedb::db_reader: refreshed checkpoint [checkpoint_id=1c99530a-182b-41ef-b434-388188863e27, expire_time=Some(2026-08-23T13:25:00.363670416Z)]
2026-08-23T13:15:10.378231Z  INFO slatedb::db_reader: refreshed checkpoint [checkpoint_id=1c99530a-182b-41ef-b434-388188863e27, expire_time=Some(2026-08-23T13:25:10.372651666Z)]
2026-08-23T13:15:20.383986Z  INFO slatedb::db_reader: refreshed checkpoint [checkpoint_id=1c99530a-182b-41ef-b434-388188863e27, expire_time=Some(2026-08-23T13:25:20.378366291Z)]
2026-08-23T13:15:30.382477Z  INFO slatedb::db_reader: refreshed checkpoint [checkpoint_id=1c99530a-182b-41ef-b434-388188863e27, expire_time=Some(2026-08-23T13:25:30.377046500Z)]
2026-08-23T13:15:40.386302Z  INFO slatedb::db_reader: refreshed checkpoint [checkpoint_id=1c99530a-182b-41ef-b434-388188863e27, expire_time=Some(2026-08-23T13:25:40.381257500Z)]
2026-08-23T13:15:50.382097Z  INFO slatedb::db_reader: refreshed checkpoint [checkpoint_id=1c99530a-182b-41ef-b434-388188863e27, expire_time=Some(2026-08-23T13:25:50.376550250Z)]
2026-08-23T13:16:00.389581Z  INFO slatedb::db_reader: refreshed checkpoint [checkpoint_id=1c99530a-182b-41ef-b434-388188863e27, expire_time=Some(2026-08-23T13:26:00.383996958Z)]
2026-08-23T13:16:10.385706Z  INFO slatedb::db_reader: refreshed checkpoint [checkpoint_id=1c99530a-182b-41ef-b434-388188863e27, expire_time=Some(2026-08-23T13:26:10.380346416Z)]
2026-08-23T13:16:20.385986Z  INFO slatedb::db_reader: refreshed checkpoint [checkpoint_id=1c99530a-182b-41ef-b434-388188863e27, expire_time=Some(2026-08-23T13:26:20.380428458Z)]
2026-08-23T13:16:30.391837Z  INFO slatedb::db_reader: refreshed checkpoint [checkpoint_id=1c99530a-182b-41ef-b434-388188863e27, expire_time=Some(2026-08-23T13:26:30.386486041Z)]
2026-08-23T13:16:40.410520Z  INFO slatedb::db_reader: refreshed checkpoint [checkpoint_id=1c99530a-182b-41ef-b434-388188863e27, expire_time=Some(2026-08-23T13:26:40.404819791Z)]
2026-08-23T13:16:50.394055Z  INFO slatedb::db_reader: refreshed checkpoint [checkpoint_id=1c99530a-182b-41ef-b434-388188863e27, expire_time=Some(2026-08-23T13:26:50.388535916Z)]
2026-08-23T13:17:00.398612Z  INFO slatedb::db_reader: refreshed checkpoint [checkpoint_id=1c99530a-182b-41ef-b434-388188863e27, expire_time=Some(2026-08-23T13:27:00.392831916Z)]
2026-08-23T13:17:10.399440Z  INFO slatedb::db_reader: refreshed checkpoint [checkpoint_id=1c99530a-182b-41ef-b434-388188863e27, expire_time=Some(2026-08-23T13:27:10.393724833Z)]
2026-08-23T13:17:20.405757Z  INFO slatedb::db_reader: refreshed checkpoint [checkpoint_id=1c99530a-182b-41ef-b434-388188863e27, expire_time=Some(2026-08-23T13:27:20.400013958Z)]
2026-08-23T13:17:30.403175Z  INFO slatedb::db_reader: refreshed checkpoint [checkpoint_id=1c99530a-182b-41ef-b434-388188863e27, expire_time=Some(2026-08-23T13:27:30.397618166Z)]
2026-08-23T13:17:40.409465Z  INFO slatedb::db_reader: refreshed checkpoint [checkpoint_id=1c99530a-182b-41ef-b434-388188863e27, expire_time=Some(2026-08-23T13:27:40.403717375Z)]
2026-08-23T13:17:50.413288Z  INFO slatedb::db_reader: refreshed checkpoint [checkpoint_id=1c99530a-182b-41ef-b434-388188863e27, expire_time=Some(2026-08-23T13:27:50.407653458Z)]
2026-08-23T13:18:00.407910Z  INFO slatedb::db_reader: refreshed checkpoint [checkpoint_id=1c99530a-182b-41ef-b434-388188863e27, expire_time=Some(2026-08-23T13:28:00.402240Z)]
2026-08-23T13:18:10.416990Z  INFO slatedb::db_reader: refreshed checkpoint [checkpoint_id=1c99530a-182b-41ef-b434-388188863e27, expire_time=Some(2026-08-23T13:28:10.411176208Z)]
2026-08-23T13:18:20.416985Z  INFO slatedb::db_reader: refreshed checkpoint [checkpoint_id=1c99530a-182b-41ef-b434-388188863e27, expire_time=Some(2026-08-23T13:28:20.411154708Z)]
2026-08-23T13:18:30.418823Z  INFO slatedb::db_reader: refreshed checkpoint [checkpoint_id=1c99530a-182b-41ef-b434-388188863e27, expire_time=Some(2026-08-23T13:28:30.412911458Z)]
2026-08-23T13:18:40.419198Z  INFO slatedb::db_reader: refreshed checkpoint [checkpoint_id=1c99530a-182b-41ef-b434-388188863e27, expire_time=Some(2026-08-23T13:28:40.413218291Z)]
2026-08-23T13:18:50.423478Z  INFO slatedb::db_reader: refreshed checkpoint [checkpoint_id=1c99530a-182b-41ef-b434-388188863e27, expire_time=Some(2026-08-23T13:28:50.417454375Z)]
2026-08-23T13:19:00.432783Z  INFO slatedb::db_reader: refreshed checkpoint [checkpoint_id=1c99530a-182b-41ef-b434-388188863e27, expire_time=Some(2026-08-23T13:29:00.426202Z)]
2026-08-23T13:19:10.434880Z  INFO slatedb::db_reader: refreshed checkpoint [checkpoint_id=1c99530a-182b-41ef-b434-388188863e27, expire_time=Some(2026-08-23T13:29:10.428234750Z)]
2026-08-23T13:19:20.431341Z  INFO slatedb::db_reader: refreshed checkpoint [checkpoint_id=1c99530a-182b-41ef-b434-388188863e27, expire_time=Some(2026-08-23T13:29:20.424973958Z)]
2026-08-23T13:19:30.436149Z  INFO slatedb::db_reader: refreshed checkpoint [checkpoint_id=1c99530a-182b-41ef-b434-388188863e27, expire_time=Some(2026-08-23T13:29:30.429758875Z)]
2026-08-23T13:19:40.440337Z  INFO slatedb::db_reader: refreshed checkpoint [checkpoint_id=1c99530a-182b-41ef-b434-388188863e27, expire_time=Some(2026-08-23T13:29:40.433742458Z)]
2026-08-23T13:19:50.436978Z  INFO slatedb::db_reader: refreshed checkpoint [checkpoint_id=1c99530a-182b-41ef-b434-388188863e27, expire_time=Some(2026-08-23T13:29:50.430692750Z)]
2026-08-23T13:20:00.441406Z  INFO slatedb::db_reader: refreshed checkpoint [checkpoint_id=1c99530a-182b-41ef-b434-388188863e27, expire_time=Some(2026-08-23T13:30:00.434908083Z)]
2026-08-23T13:20:10.441829Z  INFO slatedb::db_reader: refreshed checkpoint [checkpoint_id=1c99530a-182b-41ef-b434-388188863e27, expire_time=Some(2026-08-23T13:30:10.435313291Z)]
2026-08-23T13:20:20.456286Z  INFO slatedb::db_reader: refreshed checkpoint [checkpoint_id=1c99530a-182b-41ef-b434-388188863e27, expire_time=Some(2026-08-23T13:30:20.449527833Z)]
2026-08-23T13:20:30.453511Z  INFO slatedb::db_reader: refreshed checkpoint [checkpoint_id=1c99530a-182b-41ef-b434-388188863e27, expire_time=Some(2026-08-23T13:30:30.446929291Z)]
2026-08-23T13:20:40.463147Z  INFO slatedb::db_reader: refreshed checkpoint [checkpoint_id=1c99530a-182b-41ef-b434-388188863e27, expire_time=Some(2026-08-23T13:30:40.456014875Z)]
2026-08-23T13:20:50.456904Z  INFO slatedb::db_reader: refreshed checkpoint [checkpoint_id=1c99530a-182b-41ef-b434-388188863e27, expire_time=Some(2026-08-23T13:30:50.450061708Z)]
2026-08-23T13:21:00.469121Z  INFO slatedb::db_reader: refreshed checkpoint [checkpoint_id=1c99530a-182b-41ef-b434-388188863e27, expire_time=Some(2026-08-23T13:31:00.462024583Z)]
2026-08-23T13:21:10.473963Z  INFO slatedb::db_reader: refreshed checkpoint [checkpoint_id=1c99530a-182b-41ef-b434-388188863e27, expire_time=Some(2026-08-23T13:31:10.466651583Z)]
2026-08-23T13:21:20.464969Z  INFO slatedb::db_reader: refreshed checkpoint [checkpoint_id=1c99530a-182b-41ef-b434-388188863e27, expire_time=Some(2026-08-23T13:31:20.458078041Z)]
2026-08-23T13:21:30.468482Z  INFO slatedb::db_reader: refreshed checkpoint [checkpoint_id=1c99530a-182b-41ef-b434-388188863e27, expire_time=Some(2026-08-23T13:31:30.461536208Z)]
2026-08-23T13:21:40.477441Z  INFO slatedb::db_reader: refreshed checkpoint [checkpoint_id=1c99530a-182b-41ef-b434-388188863e27, expire_time=Some(2026-08-23T13:31:40.470229541Z)]
2026-08-23T13:21:50.476017Z  INFO slatedb::db_reader: refreshed checkpoint [checkpoint_id=1c99530a-182b-41ef-b434-388188863e27, expire_time=Some(2026-08-23T13:31:50.468912Z)]
2026-08-23T13:22:00.478111Z  INFO slatedb::db_reader: refreshed checkpoint [checkpoint_id=1c99530a-182b-41ef-b434-388188863e27, expire_time=Some(2026-08-23T13:32:00.470862541Z)]
2026-08-23T13:22:10.486457Z  INFO slatedb::db_reader: refreshed checkpoint [checkpoint_id=1c99530a-182b-41ef-b434-388188863e27, expire_time=Some(2026-08-23T13:32:10.479057583Z)]
2026-08-23T13:22:20.492830Z  INFO slatedb::db_reader: refreshed checkpoint [checkpoint_id=1c99530a-182b-41ef-b434-388188863e27, expire_time=Some(2026-08-23T13:32:20.485243708Z)]
2026-08-23T13:22:30.490368Z  INFO slatedb::db_reader: refreshed checkpoint [checkpoint_id=1c99530a-182b-41ef-b434-388188863e27, expire_time=Some(2026-08-23T13:32:30.482927750Z)]
2026-08-23T13:22:40.492572Z  INFO slatedb::db_reader: refreshed checkpoint [checkpoint_id=1c99530a-182b-41ef-b434-388188863e27, expire_time=Some(2026-08-23T13:32:40.484945750Z)]
2026-08-23T13:22:50.492387Z  INFO slatedb::db_reader: refreshed checkpoint [checkpoint_id=1c99530a-182b-41ef-b434-388188863e27, expire_time=Some(2026-08-23T13:32:50.484949541Z)]
2026-08-23T13:23:00.501616Z  INFO slatedb::db_reader: refreshed checkpoint [checkpoint_id=1c99530a-182b-41ef-b434-388188863e27, expire_time=Some(2026-08-23T13:33:00.493843791Z)]
2026-08-23T13:23:10.502594Z  INFO slatedb::db_reader: refreshed checkpoint [checkpoint_id=1c99530a-182b-41ef-b434-388188863e27, expire_time=Some(2026-08-23T13:33:10.494921708Z)]
2026-08-23T13:23:20.508211Z  INFO slatedb::db_reader: refreshed checkpoint [checkpoint_id=1c99530a-182b-41ef-b434-388188863e27, expire_time=Some(2026-08-23T13:33:20.500144625Z)]
2026-08-23T13:23:30.507163Z  INFO slatedb::db_reader: refreshed checkpoint [checkpoint_id=1c99530a-182b-41ef-b434-388188863e27, expire_time=Some(2026-08-23T13:33:30.499217Z)]
2026-08-23T13:23:40.504464Z  INFO slatedb::db_reader: refreshed checkpoint [checkpoint_id=1c99530a-182b-41ef-b434-388188863e27, expire_time=Some(2026-08-23T13:33:40.496648041Z)]
2026-08-23T13:23:50.506361Z  INFO slatedb::db_reader: refreshed checkpoint [checkpoint_id=1c99530a-182b-41ef-b434-388188863e27, expire_time=Some(2026-08-23T13:33:50.498502916Z)]
2026-08-23T13:24:00.499934Z  INFO slatedb::db_reader: refreshed checkpoint [checkpoint_id=1c99530a-182b-41ef-b434-388188863e27, expire_time=Some(2026-08-23T13:34:00.492379916Z)]
2026-08-23T13:24:10.506774Z  INFO slatedb::db_reader: refreshed checkpoint [checkpoint_id=1c99530a-182b-41ef-b434-388188863e27, expire_time=Some(2026-08-23T13:34:10.499102208Z)]
2026-08-23T13:24:20.524652Z  INFO slatedb::db_reader: refreshed checkpoint [checkpoint_id=1c99530a-182b-41ef-b434-388188863e27, expire_time=Some(2026-08-23T13:34:20.516852458Z)]
2026-08-23T13:24:30.517312Z  INFO slatedb::db_reader: refreshed checkpoint [checkpoint_id=1c99530a-182b-41ef-b434-388188863e27, expire_time=Some(2026-08-23T13:34:30.509231208Z)]
2026-08-23T13:24:40.516106Z  INFO slatedb::db_reader: refreshed checkpoint [checkpoint_id=1c99530a-182b-41ef-b434-388188863e27, expire_time=Some(2026-08-23T13:34:40.509320916Z)]
2026-08-23T13:24:50.510088Z  INFO slatedb::db_reader: refreshed checkpoint [checkpoint_id=1c99530a-182b-41ef-b434-388188863e27, expire_time=Some(2026-08-23T13:34:50.506942916Z)]
2026-08-23T13:25:00.516452Z  INFO slatedb::db_reader: refreshed checkpoint [checkpoint_id=1c99530a-182b-41ef-b434-388188863e27, expire_time=Some(2026-08-23T13:35:00.515015958Z)]
2026-08-23T13:25:10.512728Z  INFO slatedb::db_reader: refreshed checkpoint [checkpoint_id=1c99530a-182b-41ef-b434-388188863e27, expire_time=Some(2026-08-23T13:35:10.512063416Z)]
2026-08-23T13:25:20.513428Z  INFO slatedb::db_reader: refreshed checkpoint [checkpoint_id=1c99530a-182b-41ef-b434-388188863e27, expire_time=Some(2026-08-23T13:35:20.513240833Z)]
2026-08-23T13:25:30.516078Z  INFO slatedb::db_reader: refreshed checkpoint [checkpoint_id=1c99530a-182b-41ef-b434-388188863e27, expire_time=Some(2026-08-23T13:35:30.515632250Z)]
2026-08-23T13:25:40.517871Z  INFO slatedb::db_reader: refreshed checkpoint [checkpoint_id=1c99530a-182b-41ef-b434-388188863e27, expire_time=Some(2026-08-23T13:35:40.517922416Z)]
2026-08-23T13:25:50.522484Z  INFO slatedb::db_reader: refreshed checkpoint [checkpoint_id=1c99530a-182b-41ef-b434-388188863e27, expire_time=Some(2026-08-23T13:35:50.522677916Z)]
2026-08-23T13:26:00.524415Z  INFO slatedb::db_reader: refreshed checkpoint [checkpoint_id=1c99530a-182b-41ef-b434-388188863e27, expire_time=Some(2026-08-23T13:36:00.524707416Z)]
2026-08-23T13:26:10.528390Z  INFO slatedb::db_reader: refreshed checkpoint [checkpoint_id=1c99530a-182b-41ef-b434-388188863e27, expire_time=Some(2026-08-23T13:36:10.528577291Z)]
2026-08-23T13:26:20.541544Z  INFO slatedb::db_reader: refreshed checkpoint [checkpoint_id=1c99530a-182b-41ef-b434-388188863e27, expire_time=Some(2026-08-23T13:36:20.541202125Z)]
2026-08-23T13:26:30.529839Z  INFO slatedb::db_reader: refreshed checkpoint [checkpoint_id=1c99530a-182b-41ef-b434-388188863e27, expire_time=Some(2026-08-23T13:36:30.530014041Z)]
2026-08-23T13:26:40.532357Z  INFO slatedb::db_reader: refreshed checkpoint [checkpoint_id=1c99530a-182b-41ef-b434-388188863e27, expire_time=Some(2026-08-23T13:36:40.532543125Z)]
2026-08-23T13:26:50.534154Z  INFO slatedb::db_reader: refreshed checkpoint [checkpoint_id=1c99530a-182b-41ef-b434-388188863e27, expire_time=Some(2026-08-23T13:36:50.534276083Z)]
2026-08-23T13:27:00.535898Z  INFO slatedb::db_reader: refreshed checkpoint [checkpoint_id=1c99530a-182b-41ef-b434-388188863e27, expire_time=Some(2026-08-23T13:37:00.535991041Z)]
2026-08-23T13:27:10.542652Z  INFO slatedb::db_reader: refreshed checkpoint [checkpoint_id=1c99530a-182b-41ef-b434-388188863e27, expire_time=Some(2026-08-23T13:37:10.542710625Z)]
2026-08-23T13:27:20.542026Z  INFO slatedb::db_reader: refreshed checkpoint [checkpoint_id=1c99530a-182b-41ef-b434-388188863e27, expire_time=Some(2026-08-23T13:37:20.541889708Z)]
2026-08-23T13:27:30.543221Z  INFO slatedb::db_reader: refreshed checkpoint [checkpoint_id=1c99530a-182b-41ef-b434-388188863e27, expire_time=Some(2026-08-23T13:37:30.543208875Z)]
2026-08-23T13:27:40.548954Z  INFO slatedb::db_reader: refreshed checkpoint [checkpoint_id=1c99530a-182b-41ef-b434-388188863e27, expire_time=Some(2026-08-23T13:37:40.548882958Z)]
2026-08-23T13:27:50.546540Z  INFO slatedb::db_reader: refreshed checkpoint [checkpoint_id=1c99530a-182b-41ef-b434-388188863e27, expire_time=Some(2026-08-23T13:37:50.546513125Z)]
2026-08-23T13:28:00.550338Z  INFO slatedb::db_reader: refreshed checkpoint [checkpoint_id=1c99530a-182b-41ef-b434-388188863e27, expire_time=Some(2026-08-23T13:38:00.550210083Z)]
2026-08-23T13:28:10.548670Z  INFO slatedb::db_reader: refreshed checkpoint [checkpoint_id=1c99530a-182b-41ef-b434-388188863e27, expire_time=Some(2026-08-23T13:38:10.548464958Z)]
2026-08-23T13:28:20.552232Z  INFO slatedb::db_reader: refreshed checkpoint [checkpoint_id=1c99530a-182b-41ef-b434-388188863e27, expire_time=Some(2026-08-23T13:38:20.552043291Z)]
2026-08-23T13:28:30.565588Z  INFO slatedb::db_reader: refreshed checkpoint [checkpoint_id=1c99530a-182b-41ef-b434-388188863e27, expire_time=Some(2026-08-23T13:38:30.564479583Z)]
2026-08-23T13:28:40.576826Z  INFO slatedb::db_reader: refreshed checkpoint [checkpoint_id=1c99530a-182b-41ef-b434-388188863e27, expire_time=Some(2026-08-23T13:38:40.576260833Z)]
2026-08-23T13:28:50.562626Z  INFO slatedb::db_reader: refreshed checkpoint [checkpoint_id=1c99530a-182b-41ef-b434-388188863e27, expire_time=Some(2026-08-23T13:38:50.562482791Z)]
2026-08-23T13:29:00.571335Z  INFO slatedb::db_reader: refreshed checkpoint [checkpoint_id=1c99530a-182b-41ef-b434-388188863e27, expire_time=Some(2026-08-23T13:39:00.571147625Z)]
2026-08-23T13:29:10.571356Z  INFO slatedb::db_reader: refreshed checkpoint [checkpoint_id=1c99530a-182b-41ef-b434-388188863e27, expire_time=Some(2026-08-23T13:39:10.571120125Z)]
2026-08-23T13:29:20.574400Z  INFO slatedb::db_reader: refreshed checkpoint [checkpoint_id=1c99530a-182b-41ef-b434-388188863e27, expire_time=Some(2026-08-23T13:39:20.574074583Z)]
2026-08-23T13:29:30.573879Z  INFO slatedb::db_reader: refreshed checkpoint [checkpoint_id=1c99530a-182b-41ef-b434-388188863e27, expire_time=Some(2026-08-23T13:39:30.573566541Z)]
2026-08-23T13:29:40.576576Z  INFO slatedb::db_reader: refreshed checkpoint [checkpoint_id=1c99530a-182b-41ef-b434-388188863e27, expire_time=Some(2026-08-23T13:39:40.576227958Z)]
2026-08-23T13:29:50.579504Z  INFO slatedb::db_reader: refreshed checkpoint [checkpoint_id=1c99530a-182b-41ef-b434-388188863e27, expire_time=Some(2026-08-23T13:39:50.579064833Z)]
2026-08-23T13:29:55.737245Z  INFO rockstream_cli: shutdown signal received — stopping gateway
2026-08-23T13:29:55.777961Z  INFO rockstream: rockstream: node stopped cleanly audit=/var/folders/vq/593qxcm57l90w1dlpywl_7nw0000gn/T/rockstream-r1-local-f8nziO/gateway/audit.jsonl bundle=/var/folders/vq/593qxcm57l90w1dlpywl_7nw0000gn/T/rockstream-r1-local-f8nziO/gateway/support-bundle-1787491795737.json events=7
