2026-08-23T15:55:21.722198Z  INFO rockstream_cli: metrics server started metrics_addr=127.0.0.1:64645
2026-08-23T15:55:21.722706Z  INFO slatedb::db::builder: opening SlateDB database [path=gateway, settings={"flush_interval":"100ms","manifest_poll_interval":"1s","manifest_update_timeout":"300s","min_filter_keys":1000,"l0_sst_size_bytes":67108864,"max_wal_flushes_before_l0_flush":4096,"l0_max_ssts":8,"l0_max_ssts_per_key":8,"l0_flush_parallelism":4,"max_unflushed_bytes":1073741824,"compactor_options":{"poll_interval":"5s","manifest_update_timeout":"300s","max_sst_size":268435456,"max_concurrent_compactions":4,"max_fetch_tasks":4,"scheduler_options":{}},"compression_codec":null,"object_store_cache_options":{"root_folder":null,"max_cache_size_bytes":17179869184,"part_size_bytes":4194304,"cache_puts":false,"preload_disk_cache_on_startup":null,"scan_interval":"3600s","max_open_file_handles":1000},"garbage_collector_options":{"manifest_options":{"interval":"60s","min_age":"300s"},"wal_options":{"interval":"60s","min_age":"300s"},"compacted_options":{"interval":"60s","min_age":"300s"},"compactions_options":{"interval":"60s","min_age":"300s"},"detach_options":{"interval":"60s"}},"default_ttl":null}]
2026-08-23T15:55:21.730527Z  INFO slatedb::compactor_state_protocols: creating new compactions file [compactor_epoch=0]
2026-08-23T15:55:21.737671Z  INFO rockstream_cli: Gateway server starting with auth mode: off
2026-08-23T15:55:21.738014Z  INFO rockstream_cli: PostgreSQL wire gateway ready — connect with: psql -h 127.0.0.1 -p 64638 -U rockstream addr=127.0.0.1:64638
2026-08-23T16:00:21.751219Z  INFO slatedb::db_reader: refreshed checkpoint [checkpoint_id=ad540e83-25f0-4d38-9c0f-1bc56ff05448, expire_time=Some(2026-08-23T16:10:21.794851916Z)]
2026-08-23T16:00:31.754362Z  INFO slatedb::db_reader: refreshed checkpoint [checkpoint_id=ad540e83-25f0-4d38-9c0f-1bc56ff05448, expire_time=Some(2026-08-23T16:10:31.797692333Z)]
2026-08-23T16:00:41.776719Z  INFO slatedb::db_reader: refreshed checkpoint [checkpoint_id=ad540e83-25f0-4d38-9c0f-1bc56ff05448, expire_time=Some(2026-08-23T16:10:41.819428500Z)]
2026-08-23T16:00:51.777559Z  INFO slatedb::db_reader: refreshed checkpoint [checkpoint_id=ad540e83-25f0-4d38-9c0f-1bc56ff05448, expire_time=Some(2026-08-23T16:10:51.820692750Z)]
2026-08-23T16:01:01.757494Z  INFO slatedb::db_reader: refreshed checkpoint [checkpoint_id=ad540e83-25f0-4d38-9c0f-1bc56ff05448, expire_time=Some(2026-08-23T16:11:01.801046583Z)]
2026-08-23T16:01:11.774247Z  INFO slatedb::db_reader: refreshed checkpoint [checkpoint_id=ad540e83-25f0-4d38-9c0f-1bc56ff05448, expire_time=Some(2026-08-23T16:11:11.816193208Z)]
2026-08-23T16:01:21.771681Z  INFO slatedb::db_reader: refreshed checkpoint [checkpoint_id=ad540e83-25f0-4d38-9c0f-1bc56ff05448, expire_time=Some(2026-08-23T16:11:21.815168333Z)]
2026-08-23T16:01:31.763901Z  INFO slatedb::db_reader: refreshed checkpoint [checkpoint_id=ad540e83-25f0-4d38-9c0f-1bc56ff05448, expire_time=Some(2026-08-23T16:11:31.807439041Z)]
2026-08-23T16:01:41.767116Z  INFO slatedb::db_reader: refreshed checkpoint [checkpoint_id=ad540e83-25f0-4d38-9c0f-1bc56ff05448, expire_time=Some(2026-08-23T16:11:41.810608958Z)]
2026-08-23T16:01:51.769455Z  INFO slatedb::db_reader: refreshed checkpoint [checkpoint_id=ad540e83-25f0-4d38-9c0f-1bc56ff05448, expire_time=Some(2026-08-23T16:11:51.812819750Z)]
2026-08-23T16:02:01.774269Z  INFO slatedb::db_reader: refreshed checkpoint [checkpoint_id=ad540e83-25f0-4d38-9c0f-1bc56ff05448, expire_time=Some(2026-08-23T16:12:01.817463916Z)]
2026-08-23T16:02:11.780874Z  INFO slatedb::db_reader: refreshed checkpoint [checkpoint_id=ad540e83-25f0-4d38-9c0f-1bc56ff05448, expire_time=Some(2026-08-23T16:12:11.823996750Z)]
2026-08-23T16:02:21.775112Z  INFO slatedb::db_reader: refreshed checkpoint [checkpoint_id=ad540e83-25f0-4d38-9c0f-1bc56ff05448, expire_time=Some(2026-08-23T16:12:21.818513416Z)]
2026-08-23T16:02:31.783863Z  INFO slatedb::db_reader: refreshed checkpoint [checkpoint_id=ad540e83-25f0-4d38-9c0f-1bc56ff05448, expire_time=Some(2026-08-23T16:12:31.826809166Z)]
2026-08-23T16:02:41.781331Z  INFO slatedb::db_reader: refreshed checkpoint [checkpoint_id=ad540e83-25f0-4d38-9c0f-1bc56ff05448, expire_time=Some(2026-08-23T16:12:41.824530500Z)]
2026-08-23T16:02:51.787177Z  INFO slatedb::db_reader: refreshed checkpoint [checkpoint_id=ad540e83-25f0-4d38-9c0f-1bc56ff05448, expire_time=Some(2026-08-23T16:12:51.830091791Z)]
2026-08-23T16:03:01.783480Z  INFO slatedb::db_reader: refreshed checkpoint [checkpoint_id=ad540e83-25f0-4d38-9c0f-1bc56ff05448, expire_time=Some(2026-08-23T16:13:01.826873041Z)]
2026-08-23T16:03:11.801737Z  INFO slatedb::db_reader: refreshed checkpoint [checkpoint_id=ad540e83-25f0-4d38-9c0f-1bc56ff05448, expire_time=Some(2026-08-23T16:13:11.843400041Z)]
2026-08-23T16:03:21.794600Z  INFO slatedb::db_reader: refreshed checkpoint [checkpoint_id=ad540e83-25f0-4d38-9c0f-1bc56ff05448, expire_time=Some(2026-08-23T16:13:21.837184666Z)]
2026-08-23T16:03:31.817177Z  INFO slatedb::db_reader: refreshed checkpoint [checkpoint_id=ad540e83-25f0-4d38-9c0f-1bc56ff05448, expire_time=Some(2026-08-23T16:13:31.859489958Z)]
2026-08-23T16:03:41.806235Z  INFO slatedb::db_reader: refreshed checkpoint [checkpoint_id=ad540e83-25f0-4d38-9c0f-1bc56ff05448, expire_time=Some(2026-08-23T16:13:41.848481958Z)]
2026-08-23T16:03:51.804466Z  INFO slatedb::db_reader: refreshed checkpoint [checkpoint_id=ad540e83-25f0-4d38-9c0f-1bc56ff05448, expire_time=Some(2026-08-23T16:13:51.847474666Z)]
2026-08-23T16:04:01.805478Z  INFO slatedb::db_reader: refreshed checkpoint [checkpoint_id=ad540e83-25f0-4d38-9c0f-1bc56ff05448, expire_time=Some(2026-08-23T16:14:01.848287875Z)]
2026-08-23T16:04:11.814537Z  INFO slatedb::db_reader: refreshed checkpoint [checkpoint_id=ad540e83-25f0-4d38-9c0f-1bc56ff05448, expire_time=Some(2026-08-23T16:14:11.856534458Z)]
2026-08-23T16:04:21.799270Z  INFO slatedb::db_reader: refreshed checkpoint [checkpoint_id=ad540e83-25f0-4d38-9c0f-1bc56ff05448, expire_time=Some(2026-08-23T16:14:21.842550750Z)]
2026-08-23T16:04:31.823799Z  INFO slatedb::db_reader: refreshed checkpoint [checkpoint_id=ad540e83-25f0-4d38-9c0f-1bc56ff05448, expire_time=Some(2026-08-23T16:14:31.865998041Z)]
2026-08-23T16:04:41.817537Z  INFO slatedb::db_reader: refreshed checkpoint [checkpoint_id=ad540e83-25f0-4d38-9c0f-1bc56ff05448, expire_time=Some(2026-08-23T16:14:41.860719291Z)]
2026-08-23T16:04:51.815901Z  INFO slatedb::db_reader: refreshed checkpoint [checkpoint_id=ad540e83-25f0-4d38-9c0f-1bc56ff05448, expire_time=Some(2026-08-23T16:14:51.858625416Z)]
2026-08-23T16:05:01.815630Z  INFO slatedb::db_reader: refreshed checkpoint [checkpoint_id=ad540e83-25f0-4d38-9c0f-1bc56ff05448, expire_time=Some(2026-08-23T16:15:01.858068583Z)]
2026-08-23T16:05:11.823758Z  INFO slatedb::db_reader: refreshed checkpoint [checkpoint_id=ad540e83-25f0-4d38-9c0f-1bc56ff05448, expire_time=Some(2026-08-23T16:15:11.866718375Z)]
2026-08-23T16:05:21.817397Z  INFO slatedb::db_reader: refreshed checkpoint [checkpoint_id=ad540e83-25f0-4d38-9c0f-1bc56ff05448, expire_time=Some(2026-08-23T16:15:21.860159041Z)]
2026-08-23T16:05:31.823021Z  INFO slatedb::db_reader: refreshed checkpoint [checkpoint_id=ad540e83-25f0-4d38-9c0f-1bc56ff05448, expire_time=Some(2026-08-23T16:15:31.865624583Z)]
2026-08-23T16:05:41.817964Z  INFO slatedb::db_reader: refreshed checkpoint [checkpoint_id=ad540e83-25f0-4d38-9c0f-1bc56ff05448, expire_time=Some(2026-08-23T16:15:41.860927875Z)]
2026-08-23T16:05:51.830765Z  INFO slatedb::db_reader: refreshed checkpoint [checkpoint_id=ad540e83-25f0-4d38-9c0f-1bc56ff05448, expire_time=Some(2026-08-23T16:15:51.872816500Z)]
2026-08-23T16:06:01.824308Z  INFO slatedb::db_reader: refreshed checkpoint [checkpoint_id=ad540e83-25f0-4d38-9c0f-1bc56ff05448, expire_time=Some(2026-08-23T16:16:01.866966750Z)]
2026-08-23T16:06:11.842023Z  INFO slatedb::db_reader: refreshed checkpoint [checkpoint_id=ad540e83-25f0-4d38-9c0f-1bc56ff05448, expire_time=Some(2026-08-23T16:16:11.884168750Z)]
2026-08-23T16:06:21.828569Z  INFO slatedb::db_reader: refreshed checkpoint [checkpoint_id=ad540e83-25f0-4d38-9c0f-1bc56ff05448, expire_time=Some(2026-08-23T16:16:21.871577208Z)]
2026-08-23T16:06:31.835922Z  INFO slatedb::db_reader: refreshed checkpoint [checkpoint_id=ad540e83-25f0-4d38-9c0f-1bc56ff05448, expire_time=Some(2026-08-23T16:16:31.878516916Z)]
2026-08-23T16:06:41.844853Z  INFO slatedb::db_reader: refreshed checkpoint [checkpoint_id=ad540e83-25f0-4d38-9c0f-1bc56ff05448, expire_time=Some(2026-08-23T16:16:41.887146416Z)]
2026-08-23T16:06:51.843091Z  INFO slatedb::db_reader: refreshed checkpoint [checkpoint_id=ad540e83-25f0-4d38-9c0f-1bc56ff05448, expire_time=Some(2026-08-23T16:16:51.885911791Z)]
2026-08-23T16:07:01.829840Z  INFO slatedb::db_reader: refreshed checkpoint [checkpoint_id=ad540e83-25f0-4d38-9c0f-1bc56ff05448, expire_time=Some(2026-08-23T16:17:01.872649041Z)]
2026-08-23T16:07:11.842389Z  INFO slatedb::db_reader: refreshed checkpoint [checkpoint_id=ad540e83-25f0-4d38-9c0f-1bc56ff05448, expire_time=Some(2026-08-23T16:17:11.885233666Z)]
2026-08-23T16:07:21.836776Z  INFO slatedb::db_reader: refreshed checkpoint [checkpoint_id=ad540e83-25f0-4d38-9c0f-1bc56ff05448, expire_time=Some(2026-08-23T16:17:21.879361625Z)]
2026-08-23T16:07:31.839729Z  INFO slatedb::db_reader: refreshed checkpoint [checkpoint_id=ad540e83-25f0-4d38-9c0f-1bc56ff05448, expire_time=Some(2026-08-23T16:17:31.881929125Z)]
2026-08-23T16:07:41.837459Z  INFO slatedb::db_reader: refreshed checkpoint [checkpoint_id=ad540e83-25f0-4d38-9c0f-1bc56ff05448, expire_time=Some(2026-08-23T16:17:41.880338500Z)]
2026-08-23T16:07:51.845198Z  INFO slatedb::db_reader: refreshed checkpoint [checkpoint_id=ad540e83-25f0-4d38-9c0f-1bc56ff05448, expire_time=Some(2026-08-23T16:17:51.887540166Z)]
2026-08-23T16:08:01.843162Z  INFO slatedb::db_reader: refreshed checkpoint [checkpoint_id=ad540e83-25f0-4d38-9c0f-1bc56ff05448, expire_time=Some(2026-08-23T16:18:01.885908125Z)]
2026-08-23T16:08:11.849537Z  INFO slatedb::db_reader: refreshed checkpoint [checkpoint_id=ad540e83-25f0-4d38-9c0f-1bc56ff05448, expire_time=Some(2026-08-23T16:18:11.892117416Z)]
2026-08-23T16:08:21.845954Z  INFO slatedb::db_reader: refreshed checkpoint [checkpoint_id=ad540e83-25f0-4d38-9c0f-1bc56ff05448, expire_time=Some(2026-08-23T16:18:21.888742875Z)]
2026-08-23T16:08:31.849124Z  INFO slatedb::db_reader: refreshed checkpoint [checkpoint_id=ad540e83-25f0-4d38-9c0f-1bc56ff05448, expire_time=Some(2026-08-23T16:18:31.891800541Z)]
2026-08-23T16:08:41.849795Z  INFO slatedb::db_reader: refreshed checkpoint [checkpoint_id=ad540e83-25f0-4d38-9c0f-1bc56ff05448, expire_time=Some(2026-08-23T16:18:41.892602541Z)]
2026-08-23T16:08:51.853108Z  INFO slatedb::db_reader: refreshed checkpoint [checkpoint_id=ad540e83-25f0-4d38-9c0f-1bc56ff05448, expire_time=Some(2026-08-23T16:18:51.895753250Z)]
2026-08-23T16:09:01.854602Z  INFO slatedb::db_reader: refreshed checkpoint [checkpoint_id=ad540e83-25f0-4d38-9c0f-1bc56ff05448, expire_time=Some(2026-08-23T16:19:01.897184041Z)]
2026-08-23T16:09:11.856180Z  INFO slatedb::db_reader: refreshed checkpoint [checkpoint_id=ad540e83-25f0-4d38-9c0f-1bc56ff05448, expire_time=Some(2026-08-23T16:19:11.898796375Z)]
2026-08-23T16:09:21.858164Z  INFO slatedb::db_reader: refreshed checkpoint [checkpoint_id=ad540e83-25f0-4d38-9c0f-1bc56ff05448, expire_time=Some(2026-08-23T16:19:21.900804625Z)]
2026-08-23T16:09:31.860685Z  INFO slatedb::db_reader: refreshed checkpoint [checkpoint_id=ad540e83-25f0-4d38-9c0f-1bc56ff05448, expire_time=Some(2026-08-23T16:19:31.903255791Z)]
2026-08-23T16:09:41.861689Z  INFO slatedb::db_reader: refreshed checkpoint [checkpoint_id=ad540e83-25f0-4d38-9c0f-1bc56ff05448, expire_time=Some(2026-08-23T16:19:41.904459916Z)]
2026-08-23T16:09:51.864505Z  INFO slatedb::db_reader: refreshed checkpoint [checkpoint_id=ad540e83-25f0-4d38-9c0f-1bc56ff05448, expire_time=Some(2026-08-23T16:19:51.907115Z)]
2026-08-23T16:10:01.868398Z  INFO slatedb::db_reader: refreshed checkpoint [checkpoint_id=ad540e83-25f0-4d38-9c0f-1bc56ff05448, expire_time=Some(2026-08-23T16:20:01.910884791Z)]
2026-08-23T16:10:11.871740Z  INFO slatedb::db_reader: refreshed checkpoint [checkpoint_id=ad540e83-25f0-4d38-9c0f-1bc56ff05448, expire_time=Some(2026-08-23T16:20:11.914085541Z)]
2026-08-23T16:10:21.870845Z  INFO slatedb::db_reader: refreshed checkpoint [checkpoint_id=ad540e83-25f0-4d38-9c0f-1bc56ff05448, expire_time=Some(2026-08-23T16:20:21.913219833Z)]
2026-08-23T16:10:31.875020Z  INFO slatedb::db_reader: refreshed checkpoint [checkpoint_id=ad540e83-25f0-4d38-9c0f-1bc56ff05448, expire_time=Some(2026-08-23T16:20:31.917204875Z)]
2026-08-23T16:10:41.882713Z  INFO slatedb::db_reader: refreshed checkpoint [checkpoint_id=ad540e83-25f0-4d38-9c0f-1bc56ff05448, expire_time=Some(2026-08-23T16:20:41.924772166Z)]
2026-08-23T16:10:51.876312Z  INFO slatedb::db_reader: refreshed checkpoint [checkpoint_id=ad540e83-25f0-4d38-9c0f-1bc56ff05448, expire_time=Some(2026-08-23T16:20:51.918722625Z)]
2026-08-23T16:11:01.884304Z  INFO slatedb::db_reader: refreshed checkpoint [checkpoint_id=ad540e83-25f0-4d38-9c0f-1bc56ff05448, expire_time=Some(2026-08-23T16:21:01.926360333Z)]
2026-08-23T16:11:11.886364Z  INFO slatedb::db_reader: refreshed checkpoint [checkpoint_id=ad540e83-25f0-4d38-9c0f-1bc56ff05448, expire_time=Some(2026-08-23T16:21:11.928524541Z)]
2026-08-23T16:11:21.888962Z  INFO slatedb::db_reader: refreshed checkpoint [checkpoint_id=ad540e83-25f0-4d38-9c0f-1bc56ff05448, expire_time=Some(2026-08-23T16:21:21.931092250Z)]
2026-08-23T16:11:31.893928Z  INFO slatedb::db_reader: refreshed checkpoint [checkpoint_id=ad540e83-25f0-4d38-9c0f-1bc56ff05448, expire_time=Some(2026-08-23T16:21:31.936166208Z)]
2026-08-23T16:11:41.894255Z  INFO slatedb::db_reader: refreshed checkpoint [checkpoint_id=ad540e83-25f0-4d38-9c0f-1bc56ff05448, expire_time=Some(2026-08-23T16:21:41.936587Z)]
2026-08-23T16:11:51.892291Z  INFO slatedb::db_reader: refreshed checkpoint [checkpoint_id=ad540e83-25f0-4d38-9c0f-1bc56ff05448, expire_time=Some(2026-08-23T16:21:51.934353250Z)]
2026-08-23T16:12:01.893516Z  INFO slatedb::db_reader: refreshed checkpoint [checkpoint_id=ad540e83-25f0-4d38-9c0f-1bc56ff05448, expire_time=Some(2026-08-23T16:22:01.935877500Z)]
2026-08-23T16:12:11.906872Z  INFO slatedb::db_reader: refreshed checkpoint [checkpoint_id=ad540e83-25f0-4d38-9c0f-1bc56ff05448, expire_time=Some(2026-08-23T16:22:11.948542208Z)]
2026-08-23T16:12:21.893820Z  INFO slatedb::db_reader: refreshed checkpoint [checkpoint_id=ad540e83-25f0-4d38-9c0f-1bc56ff05448, expire_time=Some(2026-08-23T16:22:21.935984791Z)]
2026-08-23T16:12:31.914873Z  INFO slatedb::db_reader: refreshed checkpoint [checkpoint_id=ad540e83-25f0-4d38-9c0f-1bc56ff05448, expire_time=Some(2026-08-23T16:22:31.957056958Z)]
2026-08-23T16:12:41.921191Z  INFO slatedb::db_reader: refreshed checkpoint [checkpoint_id=ad540e83-25f0-4d38-9c0f-1bc56ff05448, expire_time=Some(2026-08-23T16:22:41.963408083Z)]
2026-08-23T16:12:51.916575Z  INFO slatedb::db_reader: refreshed checkpoint [checkpoint_id=ad540e83-25f0-4d38-9c0f-1bc56ff05448, expire_time=Some(2026-08-23T16:22:51.958018583Z)]
2026-08-23T16:13:01.919634Z  INFO slatedb::db_reader: refreshed checkpoint [checkpoint_id=ad540e83-25f0-4d38-9c0f-1bc56ff05448, expire_time=Some(2026-08-23T16:23:01.961882833Z)]
2026-08-23T16:13:11.927369Z  INFO slatedb::db_reader: refreshed checkpoint [checkpoint_id=ad540e83-25f0-4d38-9c0f-1bc56ff05448, expire_time=Some(2026-08-23T16:23:11.969300833Z)]
2026-08-23T16:13:21.931010Z  INFO slatedb::db_reader: refreshed checkpoint [checkpoint_id=ad540e83-25f0-4d38-9c0f-1bc56ff05448, expire_time=Some(2026-08-23T16:23:21.973197041Z)]
2026-08-23T16:13:31.923777Z  INFO slatedb::db_reader: refreshed checkpoint [checkpoint_id=ad540e83-25f0-4d38-9c0f-1bc56ff05448, expire_time=Some(2026-08-23T16:23:31.965958791Z)]
2026-08-23T16:13:41.909698Z  INFO slatedb::db_reader: refreshed checkpoint [checkpoint_id=ad540e83-25f0-4d38-9c0f-1bc56ff05448, expire_time=Some(2026-08-23T16:23:41.951905750Z)]
2026-08-23T16:13:51.933173Z  INFO slatedb::db_reader: refreshed checkpoint [checkpoint_id=ad540e83-25f0-4d38-9c0f-1bc56ff05448, expire_time=Some(2026-08-23T16:23:51.974956791Z)]
2026-08-23T16:14:01.929148Z  INFO slatedb::db_reader: refreshed checkpoint [checkpoint_id=ad540e83-25f0-4d38-9c0f-1bc56ff05448, expire_time=Some(2026-08-23T16:24:01.971345750Z)]
2026-08-23T16:14:11.930925Z  INFO slatedb::db_reader: refreshed checkpoint [checkpoint_id=ad540e83-25f0-4d38-9c0f-1bc56ff05448, expire_time=Some(2026-08-23T16:24:11.972942083Z)]
2026-08-23T16:14:21.937312Z  INFO slatedb::db_reader: refreshed checkpoint [checkpoint_id=ad540e83-25f0-4d38-9c0f-1bc56ff05448, expire_time=Some(2026-08-23T16:24:21.979392375Z)]
2026-08-23T16:14:31.941911Z  INFO slatedb::db_reader: refreshed checkpoint [checkpoint_id=ad540e83-25f0-4d38-9c0f-1bc56ff05448, expire_time=Some(2026-08-23T16:24:31.984028666Z)]
2026-08-23T16:14:41.937826Z  INFO slatedb::db_reader: refreshed checkpoint [checkpoint_id=ad540e83-25f0-4d38-9c0f-1bc56ff05448, expire_time=Some(2026-08-23T16:24:41.979843125Z)]
2026-08-23T16:14:51.945141Z  INFO slatedb::db_reader: refreshed checkpoint [checkpoint_id=ad540e83-25f0-4d38-9c0f-1bc56ff05448, expire_time=Some(2026-08-23T16:24:51.987150791Z)]
2026-08-23T16:15:01.942745Z  INFO slatedb::db_reader: refreshed checkpoint [checkpoint_id=ad540e83-25f0-4d38-9c0f-1bc56ff05448, expire_time=Some(2026-08-23T16:25:01.984456708Z)]
2026-08-23T16:15:11.941714Z  INFO slatedb::db_reader: refreshed checkpoint [checkpoint_id=ad540e83-25f0-4d38-9c0f-1bc56ff05448, expire_time=Some(2026-08-23T16:25:11.983861208Z)]
2026-08-23T16:15:21.933410Z  INFO slatedb::db_reader: refreshed checkpoint [checkpoint_id=ad540e83-25f0-4d38-9c0f-1bc56ff05448, expire_time=Some(2026-08-23T16:25:21.975393166Z)]
2026-08-23T16:15:31.949494Z  INFO slatedb::db_reader: refreshed checkpoint [checkpoint_id=ad540e83-25f0-4d38-9c0f-1bc56ff05448, expire_time=Some(2026-08-23T16:25:31.991476666Z)]
2026-08-23T16:15:41.948711Z  INFO slatedb::db_reader: refreshed checkpoint [checkpoint_id=ad540e83-25f0-4d38-9c0f-1bc56ff05448, expire_time=Some(2026-08-23T16:25:41.990648Z)]
2026-08-23T16:15:51.949474Z  INFO slatedb::db_reader: refreshed checkpoint [checkpoint_id=ad540e83-25f0-4d38-9c0f-1bc56ff05448, expire_time=Some(2026-08-23T16:25:51.990972Z)]
2026-08-23T16:16:01.939544Z  INFO slatedb::db_reader: refreshed checkpoint [checkpoint_id=ad540e83-25f0-4d38-9c0f-1bc56ff05448, expire_time=Some(2026-08-23T16:26:01.981556833Z)]
2026-08-23T16:16:11.947954Z  INFO slatedb::db_reader: refreshed checkpoint [checkpoint_id=ad540e83-25f0-4d38-9c0f-1bc56ff05448, expire_time=Some(2026-08-23T16:26:11.989526041Z)]
2026-08-23T16:16:21.938918Z  INFO slatedb::db_reader: refreshed checkpoint [checkpoint_id=ad540e83-25f0-4d38-9c0f-1bc56ff05448, expire_time=Some(2026-08-23T16:26:21.980914958Z)]
2026-08-23T16:16:31.946693Z  INFO slatedb::db_reader: refreshed checkpoint [checkpoint_id=ad540e83-25f0-4d38-9c0f-1bc56ff05448, expire_time=Some(2026-08-23T16:26:31.988339208Z)]
2026-08-23T16:16:41.951044Z  INFO slatedb::db_reader: refreshed checkpoint [checkpoint_id=ad540e83-25f0-4d38-9c0f-1bc56ff05448, expire_time=Some(2026-08-23T16:26:41.992678416Z)]
2026-08-23T16:16:51.947721Z  INFO slatedb::db_reader: refreshed checkpoint [checkpoint_id=ad540e83-25f0-4d38-9c0f-1bc56ff05448, expire_time=Some(2026-08-23T16:26:51.989447375Z)]
2026-08-23T16:17:01.949769Z  INFO slatedb::db_reader: refreshed checkpoint [checkpoint_id=ad540e83-25f0-4d38-9c0f-1bc56ff05448, expire_time=Some(2026-08-23T16:27:01.991481708Z)]
2026-08-23T16:17:11.956319Z  INFO slatedb::db_reader: refreshed checkpoint [checkpoint_id=ad540e83-25f0-4d38-9c0f-1bc56ff05448, expire_time=Some(2026-08-23T16:27:11.997943875Z)]
2026-08-23T16:17:21.952355Z  INFO slatedb::db_reader: refreshed checkpoint [checkpoint_id=ad540e83-25f0-4d38-9c0f-1bc56ff05448, expire_time=Some(2026-08-23T16:27:21.994094333Z)]
2026-08-23T16:17:31.956672Z  INFO slatedb::db_reader: refreshed checkpoint [checkpoint_id=ad540e83-25f0-4d38-9c0f-1bc56ff05448, expire_time=Some(2026-08-23T16:27:31.998297750Z)]
2026-08-23T16:17:41.957540Z  INFO slatedb::db_reader: refreshed checkpoint [checkpoint_id=ad540e83-25f0-4d38-9c0f-1bc56ff05448, expire_time=Some(2026-08-23T16:27:41.999210083Z)]
2026-08-23T16:17:51.956123Z  INFO slatedb::db_reader: refreshed checkpoint [checkpoint_id=ad540e83-25f0-4d38-9c0f-1bc56ff05448, expire_time=Some(2026-08-23T16:27:51.997871541Z)]
2026-08-23T16:18:01.961080Z  INFO slatedb::db_reader: refreshed checkpoint [checkpoint_id=ad540e83-25f0-4d38-9c0f-1bc56ff05448, expire_time=Some(2026-08-23T16:28:02.002783833Z)]
2026-08-23T16:18:11.964247Z  INFO slatedb::db_reader: refreshed checkpoint [checkpoint_id=ad540e83-25f0-4d38-9c0f-1bc56ff05448, expire_time=Some(2026-08-23T16:28:12.005792166Z)]
2026-08-23T16:18:21.964339Z  INFO slatedb::db_reader: refreshed checkpoint [checkpoint_id=ad540e83-25f0-4d38-9c0f-1bc56ff05448, expire_time=Some(2026-08-23T16:28:22.006013333Z)]
2026-08-23T16:18:31.965328Z  INFO slatedb::db_reader: refreshed checkpoint [checkpoint_id=ad540e83-25f0-4d38-9c0f-1bc56ff05448, expire_time=Some(2026-08-23T16:28:32.007001750Z)]
2026-08-23T16:18:41.971098Z  INFO slatedb::db_reader: refreshed checkpoint [checkpoint_id=ad540e83-25f0-4d38-9c0f-1bc56ff05448, expire_time=Some(2026-08-23T16:28:42.012561041Z)]
2026-08-23T16:18:51.966787Z  INFO slatedb::db_reader: refreshed checkpoint [checkpoint_id=ad540e83-25f0-4d38-9c0f-1bc56ff05448, expire_time=Some(2026-08-23T16:28:52.008326708Z)]
2026-08-23T16:19:01.967644Z  INFO slatedb::db_reader: refreshed checkpoint [checkpoint_id=ad540e83-25f0-4d38-9c0f-1bc56ff05448, expire_time=Some(2026-08-23T16:29:02.009295250Z)]
2026-08-23T16:19:11.969419Z  INFO slatedb::db_reader: refreshed checkpoint [checkpoint_id=ad540e83-25f0-4d38-9c0f-1bc56ff05448, expire_time=Some(2026-08-23T16:29:12.010994166Z)]
2026-08-23T16:19:21.972107Z  INFO slatedb::db_reader: refreshed checkpoint [checkpoint_id=ad540e83-25f0-4d38-9c0f-1bc56ff05448, expire_time=Some(2026-08-23T16:29:22.013633083Z)]
2026-08-23T16:19:31.972093Z  INFO slatedb::db_reader: refreshed checkpoint [checkpoint_id=ad540e83-25f0-4d38-9c0f-1bc56ff05448, expire_time=Some(2026-08-23T16:29:32.013768666Z)]
2026-08-23T16:19:41.973107Z  INFO slatedb::db_reader: refreshed checkpoint [checkpoint_id=ad540e83-25f0-4d38-9c0f-1bc56ff05448, expire_time=Some(2026-08-23T16:29:42.014724333Z)]
2026-08-23T16:19:51.977697Z  INFO slatedb::db_reader: refreshed checkpoint [checkpoint_id=ad540e83-25f0-4d38-9c0f-1bc56ff05448, expire_time=Some(2026-08-23T16:29:52.019287416Z)]
2026-08-23T16:20:01.982056Z  INFO slatedb::db_reader: refreshed checkpoint [checkpoint_id=ad540e83-25f0-4d38-9c0f-1bc56ff05448, expire_time=Some(2026-08-23T16:30:02.023583Z)]
2026-08-23T16:20:11.986116Z  INFO slatedb::db_reader: refreshed checkpoint [checkpoint_id=ad540e83-25f0-4d38-9c0f-1bc56ff05448, expire_time=Some(2026-08-23T16:30:12.027614625Z)]
2026-08-23T16:20:21.980982Z  INFO slatedb::db_reader: refreshed checkpoint [checkpoint_id=ad540e83-25f0-4d38-9c0f-1bc56ff05448, expire_time=Some(2026-08-23T16:30:22.022588750Z)]
2026-08-23T16:20:31.995325Z  INFO slatedb::db_reader: refreshed checkpoint [checkpoint_id=ad540e83-25f0-4d38-9c0f-1bc56ff05448, expire_time=Some(2026-08-23T16:30:32.036154291Z)]
2026-08-23T16:20:41.995031Z  INFO slatedb::db_reader: refreshed checkpoint [checkpoint_id=ad540e83-25f0-4d38-9c0f-1bc56ff05448, expire_time=Some(2026-08-23T16:30:42.036145666Z)]
2026-08-23T16:20:51.997920Z  INFO slatedb::db_reader: refreshed checkpoint [checkpoint_id=ad540e83-25f0-4d38-9c0f-1bc56ff05448, expire_time=Some(2026-08-23T16:30:52.039130041Z)]
2026-08-23T16:21:01.987814Z  INFO slatedb::db_reader: refreshed checkpoint [checkpoint_id=ad540e83-25f0-4d38-9c0f-1bc56ff05448, expire_time=Some(2026-08-23T16:31:02.028931125Z)]
2026-08-23T16:21:11.991909Z  INFO slatedb::db_reader: refreshed checkpoint [checkpoint_id=ad540e83-25f0-4d38-9c0f-1bc56ff05448, expire_time=Some(2026-08-23T16:31:12.032635250Z)]
2026-08-23T16:21:21.989518Z  INFO slatedb::db_reader: refreshed checkpoint [checkpoint_id=ad540e83-25f0-4d38-9c0f-1bc56ff05448, expire_time=Some(2026-08-23T16:31:22.030679791Z)]
2026-08-23T16:21:32.004292Z  INFO slatedb::db_reader: refreshed checkpoint [checkpoint_id=ad540e83-25f0-4d38-9c0f-1bc56ff05448, expire_time=Some(2026-08-23T16:31:32.045187458Z)]
2026-08-23T16:21:42.002022Z  INFO slatedb::db_reader: refreshed checkpoint [checkpoint_id=ad540e83-25f0-4d38-9c0f-1bc56ff05448, expire_time=Some(2026-08-23T16:31:42.043257250Z)]
2026-08-23T16:21:52.004679Z  INFO slatedb::db_reader: refreshed checkpoint [checkpoint_id=ad540e83-25f0-4d38-9c0f-1bc56ff05448, expire_time=Some(2026-08-23T16:31:52.045656458Z)]
2026-08-23T16:22:01.999132Z  INFO slatedb::db_reader: refreshed checkpoint [checkpoint_id=ad540e83-25f0-4d38-9c0f-1bc56ff05448, expire_time=Some(2026-08-23T16:32:02.040503666Z)]
2026-08-23T16:22:12.006946Z  INFO slatedb::db_reader: refreshed checkpoint [checkpoint_id=ad540e83-25f0-4d38-9c0f-1bc56ff05448, expire_time=Some(2026-08-23T16:32:12.048044Z)]
2026-08-23T16:22:22.004693Z  INFO slatedb::db_reader: refreshed checkpoint [checkpoint_id=ad540e83-25f0-4d38-9c0f-1bc56ff05448, expire_time=Some(2026-08-23T16:32:22.046020500Z)]
2026-08-23T16:22:32.016142Z  INFO slatedb::db_reader: refreshed checkpoint [checkpoint_id=ad540e83-25f0-4d38-9c0f-1bc56ff05448, expire_time=Some(2026-08-23T16:32:32.056982125Z)]
2026-08-23T16:22:42.021975Z  INFO slatedb::db_reader: refreshed checkpoint [checkpoint_id=ad540e83-25f0-4d38-9c0f-1bc56ff05448, expire_time=Some(2026-08-23T16:32:42.062803375Z)]
2026-08-23T16:22:44.723445Z  INFO rockstream_cli: shutdown signal received — stopping gateway
2026-08-23T16:22:44.755801Z  INFO rockstream: rockstream: node stopped cleanly audit=/var/folders/vq/593qxcm57l90w1dlpywl_7nw0000gn/T/rockstream-r1-local-rV8wnX/gateway/audit.jsonl bundle=/var/folders/vq/593qxcm57l90w1dlpywl_7nw0000gn/T/rockstream-r1-local-rV8wnX/gateway/support-bundle-1787502164724.json events=7
