2026-08-23T14:31:49.777678Z  INFO rockstream_cli: metrics server started metrics_addr=127.0.0.1:51700
2026-08-23T14:31:49.778108Z  INFO slatedb::db::builder: opening SlateDB database [path=gateway, settings={"flush_interval":"100ms","manifest_poll_interval":"1s","manifest_update_timeout":"300s","min_filter_keys":1000,"l0_sst_size_bytes":67108864,"max_wal_flushes_before_l0_flush":4096,"l0_max_ssts":8,"l0_max_ssts_per_key":8,"l0_flush_parallelism":4,"max_unflushed_bytes":1073741824,"compactor_options":{"poll_interval":"5s","manifest_update_timeout":"300s","max_sst_size":268435456,"max_concurrent_compactions":4,"max_fetch_tasks":4,"scheduler_options":{}},"compression_codec":null,"object_store_cache_options":{"root_folder":null,"max_cache_size_bytes":17179869184,"part_size_bytes":4194304,"cache_puts":false,"preload_disk_cache_on_startup":null,"scan_interval":"3600s","max_open_file_handles":1000},"garbage_collector_options":{"manifest_options":{"interval":"60s","min_age":"300s"},"wal_options":{"interval":"60s","min_age":"300s"},"compacted_options":{"interval":"60s","min_age":"300s"},"compactions_options":{"interval":"60s","min_age":"300s"},"detach_options":{"interval":"60s"}},"default_ttl":null}]
2026-08-23T14:31:49.780883Z  INFO slatedb::compactor_state_protocols: creating new compactions file [compactor_epoch=0]
2026-08-23T14:31:49.785933Z  INFO rockstream_cli: Gateway server starting with auth mode: off
2026-08-23T14:31:49.790481Z  INFO rockstream_cli: PostgreSQL wire gateway ready — connect with: psql -h 127.0.0.1 -p 51695 -U rockstream addr=127.0.0.1:51695
2026-08-23T14:36:49.864806Z  INFO slatedb::db_reader: refreshed checkpoint [checkpoint_id=a43482ec-9051-486f-95c7-deefd1a4399b, expire_time=Some(2026-08-23T14:46:49.867035542Z)]
2026-08-23T14:36:59.865076Z  INFO slatedb::db_reader: refreshed checkpoint [checkpoint_id=a43482ec-9051-486f-95c7-deefd1a4399b, expire_time=Some(2026-08-23T14:46:59.867631042Z)]
2026-08-23T14:37:09.880987Z  INFO slatedb::db_reader: refreshed checkpoint [checkpoint_id=a43482ec-9051-486f-95c7-deefd1a4399b, expire_time=Some(2026-08-23T14:47:09.882797084Z)]
2026-08-23T14:37:19.880666Z  INFO slatedb::db_reader: refreshed checkpoint [checkpoint_id=a43482ec-9051-486f-95c7-deefd1a4399b, expire_time=Some(2026-08-23T14:47:19.882303709Z)]
2026-08-23T14:37:29.882241Z  INFO slatedb::db_reader: refreshed checkpoint [checkpoint_id=a43482ec-9051-486f-95c7-deefd1a4399b, expire_time=Some(2026-08-23T14:47:29.884353959Z)]
2026-08-23T14:37:39.880141Z  INFO slatedb::db_reader: refreshed checkpoint [checkpoint_id=a43482ec-9051-486f-95c7-deefd1a4399b, expire_time=Some(2026-08-23T14:47:39.882295584Z)]
2026-08-23T14:37:49.880596Z  INFO slatedb::db_reader: refreshed checkpoint [checkpoint_id=a43482ec-9051-486f-95c7-deefd1a4399b, expire_time=Some(2026-08-23T14:47:49.883105584Z)]
2026-08-23T14:37:59.888643Z  INFO slatedb::db_reader: refreshed checkpoint [checkpoint_id=a43482ec-9051-486f-95c7-deefd1a4399b, expire_time=Some(2026-08-23T14:47:59.890699250Z)]
2026-08-23T14:38:09.893070Z  INFO slatedb::db_reader: refreshed checkpoint [checkpoint_id=a43482ec-9051-486f-95c7-deefd1a4399b, expire_time=Some(2026-08-23T14:48:09.895112917Z)]
2026-08-23T14:38:19.893687Z  INFO slatedb::db_reader: refreshed checkpoint [checkpoint_id=a43482ec-9051-486f-95c7-deefd1a4399b, expire_time=Some(2026-08-23T14:48:19.896207542Z)]
2026-08-23T14:38:29.904891Z  INFO slatedb::db_reader: refreshed checkpoint [checkpoint_id=a43482ec-9051-486f-95c7-deefd1a4399b, expire_time=Some(2026-08-23T14:48:29.907653625Z)]
2026-08-23T14:38:39.900227Z  INFO slatedb::db_reader: refreshed checkpoint [checkpoint_id=a43482ec-9051-486f-95c7-deefd1a4399b, expire_time=Some(2026-08-23T14:48:39.903143625Z)]
2026-08-23T14:38:49.898036Z  INFO slatedb::db_reader: refreshed checkpoint [checkpoint_id=a43482ec-9051-486f-95c7-deefd1a4399b, expire_time=Some(2026-08-23T14:48:49.901749084Z)]
2026-08-23T14:38:59.905813Z  INFO slatedb::db_reader: refreshed checkpoint [checkpoint_id=a43482ec-9051-486f-95c7-deefd1a4399b, expire_time=Some(2026-08-23T14:48:59.908903667Z)]
2026-08-23T14:39:09.911691Z  INFO slatedb::db_reader: refreshed checkpoint [checkpoint_id=a43482ec-9051-486f-95c7-deefd1a4399b, expire_time=Some(2026-08-23T14:49:09.915326584Z)]
2026-08-23T14:39:19.915686Z  INFO slatedb::db_reader: refreshed checkpoint [checkpoint_id=a43482ec-9051-486f-95c7-deefd1a4399b, expire_time=Some(2026-08-23T14:49:19.919041834Z)]
2026-08-23T14:39:29.920974Z  INFO slatedb::db_reader: refreshed checkpoint [checkpoint_id=a43482ec-9051-486f-95c7-deefd1a4399b, expire_time=Some(2026-08-23T14:49:29.923751500Z)]
2026-08-23T14:39:39.922541Z  INFO slatedb::db_reader: refreshed checkpoint [checkpoint_id=a43482ec-9051-486f-95c7-deefd1a4399b, expire_time=Some(2026-08-23T14:49:39.925565750Z)]
2026-08-23T14:39:49.908520Z  INFO slatedb::db_reader: refreshed checkpoint [checkpoint_id=a43482ec-9051-486f-95c7-deefd1a4399b, expire_time=Some(2026-08-23T14:49:49.913133167Z)]
2026-08-23T14:39:59.926767Z  INFO slatedb::db_reader: refreshed checkpoint [checkpoint_id=a43482ec-9051-486f-95c7-deefd1a4399b, expire_time=Some(2026-08-23T14:49:59.931252250Z)]
2026-08-23T14:40:09.941259Z  INFO slatedb::db_reader: refreshed checkpoint [checkpoint_id=a43482ec-9051-486f-95c7-deefd1a4399b, expire_time=Some(2026-08-23T14:50:09.945916959Z)]
2026-08-23T14:40:19.939127Z  INFO slatedb::db_reader: refreshed checkpoint [checkpoint_id=a43482ec-9051-486f-95c7-deefd1a4399b, expire_time=Some(2026-08-23T14:50:19.943188250Z)]
2026-08-23T14:40:29.939965Z  INFO slatedb::db_reader: refreshed checkpoint [checkpoint_id=a43482ec-9051-486f-95c7-deefd1a4399b, expire_time=Some(2026-08-23T14:50:29.943171167Z)]
2026-08-23T14:40:39.951299Z  INFO slatedb::db_reader: refreshed checkpoint [checkpoint_id=a43482ec-9051-486f-95c7-deefd1a4399b, expire_time=Some(2026-08-23T14:50:39.955813334Z)]
2026-08-23T14:40:49.935335Z  INFO slatedb::db_reader: refreshed checkpoint [checkpoint_id=a43482ec-9051-486f-95c7-deefd1a4399b, expire_time=Some(2026-08-23T14:50:49.940302667Z)]
2026-08-23T14:40:59.945213Z  INFO slatedb::db_reader: refreshed checkpoint [checkpoint_id=a43482ec-9051-486f-95c7-deefd1a4399b, expire_time=Some(2026-08-23T14:50:59.949677042Z)]
2026-08-23T14:41:09.975229Z  INFO slatedb::db_reader: refreshed checkpoint [checkpoint_id=a43482ec-9051-486f-95c7-deefd1a4399b, expire_time=Some(2026-08-23T14:51:09.966434709Z)]
2026-08-23T14:41:19.942269Z  INFO slatedb::db_reader: refreshed checkpoint [checkpoint_id=a43482ec-9051-486f-95c7-deefd1a4399b, expire_time=Some(2026-08-23T14:51:19.947302167Z)]
2026-08-23T14:41:29.955817Z  INFO slatedb::db_reader: refreshed checkpoint [checkpoint_id=a43482ec-9051-486f-95c7-deefd1a4399b, expire_time=Some(2026-08-23T14:51:29.961308709Z)]
2026-08-23T14:41:39.949801Z  INFO slatedb::db_reader: refreshed checkpoint [checkpoint_id=a43482ec-9051-486f-95c7-deefd1a4399b, expire_time=Some(2026-08-23T14:51:39.955223667Z)]
2026-08-23T14:41:49.948567Z  INFO slatedb::db_reader: refreshed checkpoint [checkpoint_id=a43482ec-9051-486f-95c7-deefd1a4399b, expire_time=Some(2026-08-23T14:51:49.953737875Z)]
2026-08-23T14:41:59.960943Z  INFO slatedb::db_reader: refreshed checkpoint [checkpoint_id=a43482ec-9051-486f-95c7-deefd1a4399b, expire_time=Some(2026-08-23T14:51:59.966374875Z)]
2026-08-23T14:42:09.965851Z  INFO slatedb::db_reader: refreshed checkpoint [checkpoint_id=a43482ec-9051-486f-95c7-deefd1a4399b, expire_time=Some(2026-08-23T14:52:09.971005084Z)]
2026-08-23T14:42:19.972125Z  INFO slatedb::db_reader: refreshed checkpoint [checkpoint_id=a43482ec-9051-486f-95c7-deefd1a4399b, expire_time=Some(2026-08-23T14:52:19.978056500Z)]
2026-08-23T14:42:29.971379Z  INFO slatedb::db_reader: refreshed checkpoint [checkpoint_id=a43482ec-9051-486f-95c7-deefd1a4399b, expire_time=Some(2026-08-23T14:52:29.976778209Z)]
2026-08-23T14:42:39.968997Z  INFO slatedb::db_reader: refreshed checkpoint [checkpoint_id=a43482ec-9051-486f-95c7-deefd1a4399b, expire_time=Some(2026-08-23T14:52:39.975514625Z)]
2026-08-23T14:42:49.968624Z  INFO slatedb::db_reader: refreshed checkpoint [checkpoint_id=a43482ec-9051-486f-95c7-deefd1a4399b, expire_time=Some(2026-08-23T14:52:49.974833459Z)]
2026-08-23T14:42:59.974209Z  INFO slatedb::db_reader: refreshed checkpoint [checkpoint_id=a43482ec-9051-486f-95c7-deefd1a4399b, expire_time=Some(2026-08-23T14:52:59.980507417Z)]
2026-08-23T14:43:09.971005Z  INFO slatedb::db_reader: refreshed checkpoint [checkpoint_id=a43482ec-9051-486f-95c7-deefd1a4399b, expire_time=Some(2026-08-23T14:53:09.977547167Z)]
2026-08-23T14:43:19.973251Z  INFO slatedb::db_reader: refreshed checkpoint [checkpoint_id=a43482ec-9051-486f-95c7-deefd1a4399b, expire_time=Some(2026-08-23T14:53:19.980026792Z)]
2026-08-23T14:43:29.972889Z  INFO slatedb::db_reader: refreshed checkpoint [checkpoint_id=a43482ec-9051-486f-95c7-deefd1a4399b, expire_time=Some(2026-08-23T14:53:29.980030959Z)]
2026-08-23T14:43:39.974417Z  INFO slatedb::db_reader: refreshed checkpoint [checkpoint_id=a43482ec-9051-486f-95c7-deefd1a4399b, expire_time=Some(2026-08-23T14:53:39.981815334Z)]
2026-08-23T14:43:49.973414Z  INFO slatedb::db_reader: refreshed checkpoint [checkpoint_id=a43482ec-9051-486f-95c7-deefd1a4399b, expire_time=Some(2026-08-23T14:53:49.980962750Z)]
2026-08-23T14:43:59.980723Z  INFO slatedb::db_reader: refreshed checkpoint [checkpoint_id=a43482ec-9051-486f-95c7-deefd1a4399b, expire_time=Some(2026-08-23T14:53:59.988190584Z)]
2026-08-23T14:44:09.986617Z  INFO slatedb::db_reader: refreshed checkpoint [checkpoint_id=a43482ec-9051-486f-95c7-deefd1a4399b, expire_time=Some(2026-08-23T14:54:09.994112084Z)]
2026-08-23T14:44:20.002991Z  INFO slatedb::db_reader: refreshed checkpoint [checkpoint_id=a43482ec-9051-486f-95c7-deefd1a4399b, expire_time=Some(2026-08-23T14:54:20.010017959Z)]
2026-08-23T14:44:30.000566Z  INFO slatedb::db_reader: refreshed checkpoint [checkpoint_id=a43482ec-9051-486f-95c7-deefd1a4399b, expire_time=Some(2026-08-23T14:54:30.007773667Z)]
2026-08-23T14:44:40.002933Z  INFO slatedb::db_reader: refreshed checkpoint [checkpoint_id=a43482ec-9051-486f-95c7-deefd1a4399b, expire_time=Some(2026-08-23T14:54:40.010506875Z)]
2026-08-23T14:44:50.010675Z  INFO slatedb::db_reader: refreshed checkpoint [checkpoint_id=a43482ec-9051-486f-95c7-deefd1a4399b, expire_time=Some(2026-08-23T14:54:50.017683209Z)]
2026-08-23T14:45:00.011693Z  INFO slatedb::db_reader: refreshed checkpoint [checkpoint_id=a43482ec-9051-486f-95c7-deefd1a4399b, expire_time=Some(2026-08-23T14:55:00.019983709Z)]
2026-08-23T14:45:10.020158Z  INFO slatedb::db_reader: refreshed checkpoint [checkpoint_id=a43482ec-9051-486f-95c7-deefd1a4399b, expire_time=Some(2026-08-23T14:55:10.027686042Z)]
2026-08-23T14:45:20.014347Z  INFO slatedb::db_reader: refreshed checkpoint [checkpoint_id=a43482ec-9051-486f-95c7-deefd1a4399b, expire_time=Some(2026-08-23T14:55:20.021827125Z)]
2026-08-23T14:45:30.009750Z  INFO slatedb::db_reader: refreshed checkpoint [checkpoint_id=a43482ec-9051-486f-95c7-deefd1a4399b, expire_time=Some(2026-08-23T14:55:30.017944584Z)]
2026-08-23T14:45:40.023222Z  INFO slatedb::db_reader: refreshed checkpoint [checkpoint_id=a43482ec-9051-486f-95c7-deefd1a4399b, expire_time=Some(2026-08-23T14:55:40.031194625Z)]
2026-08-23T14:45:50.021666Z  INFO slatedb::db_reader: refreshed checkpoint [checkpoint_id=a43482ec-9051-486f-95c7-deefd1a4399b, expire_time=Some(2026-08-23T14:55:50.030013917Z)]
2026-08-23T14:46:00.034866Z  INFO slatedb::db_reader: refreshed checkpoint [checkpoint_id=a43482ec-9051-486f-95c7-deefd1a4399b, expire_time=Some(2026-08-23T14:56:00.042716209Z)]
2026-08-23T14:46:10.032924Z  INFO slatedb::db_reader: refreshed checkpoint [checkpoint_id=a43482ec-9051-486f-95c7-deefd1a4399b, expire_time=Some(2026-08-23T14:56:10.041107584Z)]
2026-08-23T14:46:20.030578Z  INFO slatedb::db_reader: refreshed checkpoint [checkpoint_id=a43482ec-9051-486f-95c7-deefd1a4399b, expire_time=Some(2026-08-23T14:56:20.038934459Z)]
2026-08-23T14:46:30.037619Z  INFO slatedb::db_reader: refreshed checkpoint [checkpoint_id=a43482ec-9051-486f-95c7-deefd1a4399b, expire_time=Some(2026-08-23T14:56:30.046392167Z)]
2026-08-23T14:46:40.039328Z  INFO slatedb::db_reader: refreshed checkpoint [checkpoint_id=a43482ec-9051-486f-95c7-deefd1a4399b, expire_time=Some(2026-08-23T14:56:40.048046792Z)]
2026-08-23T14:46:50.035123Z  INFO slatedb::db_reader: refreshed checkpoint [checkpoint_id=a43482ec-9051-486f-95c7-deefd1a4399b, expire_time=Some(2026-08-23T14:56:50.044792042Z)]
2026-08-23T14:47:00.033715Z  INFO slatedb::db_reader: refreshed checkpoint [checkpoint_id=a43482ec-9051-486f-95c7-deefd1a4399b, expire_time=Some(2026-08-23T14:57:00.043143459Z)]
2026-08-23T14:47:10.047600Z  INFO slatedb::db_reader: refreshed checkpoint [checkpoint_id=a43482ec-9051-486f-95c7-deefd1a4399b, expire_time=Some(2026-08-23T14:57:10.056484042Z)]
2026-08-23T14:47:20.046174Z  INFO slatedb::db_reader: refreshed checkpoint [checkpoint_id=a43482ec-9051-486f-95c7-deefd1a4399b, expire_time=Some(2026-08-23T14:57:20.055389167Z)]
2026-08-23T14:47:30.051956Z  INFO slatedb::db_reader: refreshed checkpoint [checkpoint_id=a43482ec-9051-486f-95c7-deefd1a4399b, expire_time=Some(2026-08-23T14:57:30.061049417Z)]
2026-08-23T14:47:40.059170Z  INFO slatedb::db_reader: refreshed checkpoint [checkpoint_id=a43482ec-9051-486f-95c7-deefd1a4399b, expire_time=Some(2026-08-23T14:57:40.068486875Z)]
2026-08-23T14:47:50.049516Z  INFO slatedb::db_reader: refreshed checkpoint [checkpoint_id=a43482ec-9051-486f-95c7-deefd1a4399b, expire_time=Some(2026-08-23T14:57:50.059854750Z)]
2026-08-23T14:48:00.046625Z  INFO slatedb::db_reader: refreshed checkpoint [checkpoint_id=a43482ec-9051-486f-95c7-deefd1a4399b, expire_time=Some(2026-08-23T14:58:00.053718042Z)]
2026-08-23T14:48:10.054680Z  INFO slatedb::db_reader: refreshed checkpoint [checkpoint_id=a43482ec-9051-486f-95c7-deefd1a4399b, expire_time=Some(2026-08-23T14:58:10.064845542Z)]
2026-08-23T14:48:20.055846Z  INFO slatedb::db_reader: refreshed checkpoint [checkpoint_id=a43482ec-9051-486f-95c7-deefd1a4399b, expire_time=Some(2026-08-23T14:58:20.065919209Z)]
2026-08-23T14:48:30.057439Z  INFO slatedb::db_reader: refreshed checkpoint [checkpoint_id=a43482ec-9051-486f-95c7-deefd1a4399b, expire_time=Some(2026-08-23T14:58:30.068070417Z)]
2026-08-23T14:48:40.067593Z  INFO slatedb::db_reader: refreshed checkpoint [checkpoint_id=a43482ec-9051-486f-95c7-deefd1a4399b, expire_time=Some(2026-08-23T14:58:40.077470167Z)]
2026-08-23T14:48:50.068412Z  INFO slatedb::db_reader: refreshed checkpoint [checkpoint_id=a43482ec-9051-486f-95c7-deefd1a4399b, expire_time=Some(2026-08-23T14:58:50.079051542Z)]
2026-08-23T14:49:00.065716Z  INFO slatedb::db_reader: refreshed checkpoint [checkpoint_id=a43482ec-9051-486f-95c7-deefd1a4399b, expire_time=Some(2026-08-23T14:59:00.076366167Z)]
2026-08-23T14:49:10.078236Z  INFO slatedb::db_reader: refreshed checkpoint [checkpoint_id=a43482ec-9051-486f-95c7-deefd1a4399b, expire_time=Some(2026-08-23T14:59:10.088696084Z)]
2026-08-23T14:49:20.077286Z  INFO slatedb::db_reader: refreshed checkpoint [checkpoint_id=a43482ec-9051-486f-95c7-deefd1a4399b, expire_time=Some(2026-08-23T14:59:20.087810584Z)]
2026-08-23T14:49:30.061442Z  INFO slatedb::db_reader: refreshed checkpoint [checkpoint_id=a43482ec-9051-486f-95c7-deefd1a4399b, expire_time=Some(2026-08-23T14:59:30.072649Z)]
2026-08-23T14:49:40.076713Z  INFO slatedb::db_reader: refreshed checkpoint [checkpoint_id=a43482ec-9051-486f-95c7-deefd1a4399b, expire_time=Some(2026-08-23T14:59:40.087466167Z)]
2026-08-23T14:49:50.076590Z  INFO slatedb::db_reader: refreshed checkpoint [checkpoint_id=a43482ec-9051-486f-95c7-deefd1a4399b, expire_time=Some(2026-08-23T14:59:50.087689125Z)]
2026-08-23T14:50:00.093308Z  INFO slatedb::db_reader: refreshed checkpoint [checkpoint_id=a43482ec-9051-486f-95c7-deefd1a4399b, expire_time=Some(2026-08-23T15:00:00.104321459Z)]
2026-08-23T14:50:10.079714Z  INFO slatedb::db_reader: refreshed checkpoint [checkpoint_id=a43482ec-9051-486f-95c7-deefd1a4399b, expire_time=Some(2026-08-23T15:00:10.091114250Z)]
2026-08-23T14:50:20.071268Z  INFO slatedb::db_reader: refreshed checkpoint [checkpoint_id=a43482ec-9051-486f-95c7-deefd1a4399b, expire_time=Some(2026-08-23T15:00:20.083076500Z)]
2026-08-23T14:50:30.074603Z  INFO slatedb::db_reader: refreshed checkpoint [checkpoint_id=a43482ec-9051-486f-95c7-deefd1a4399b, expire_time=Some(2026-08-23T15:00:30.086512125Z)]
2026-08-23T14:50:40.079077Z  INFO slatedb::db_reader: refreshed checkpoint [checkpoint_id=a43482ec-9051-486f-95c7-deefd1a4399b, expire_time=Some(2026-08-23T15:00:40.091111875Z)]
2026-08-23T14:50:50.080522Z  INFO slatedb::db_reader: refreshed checkpoint [checkpoint_id=a43482ec-9051-486f-95c7-deefd1a4399b, expire_time=Some(2026-08-23T15:00:50.092845667Z)]
2026-08-23T14:51:00.080663Z  INFO slatedb::db_reader: refreshed checkpoint [checkpoint_id=a43482ec-9051-486f-95c7-deefd1a4399b, expire_time=Some(2026-08-23T15:01:00.093142500Z)]
2026-08-23T14:51:10.086298Z  INFO slatedb::db_reader: refreshed checkpoint [checkpoint_id=a43482ec-9051-486f-95c7-deefd1a4399b, expire_time=Some(2026-08-23T15:01:10.098859500Z)]
2026-08-23T14:51:20.092050Z  INFO slatedb::db_reader: refreshed checkpoint [checkpoint_id=a43482ec-9051-486f-95c7-deefd1a4399b, expire_time=Some(2026-08-23T15:01:20.104559209Z)]
2026-08-23T14:51:30.106592Z  INFO slatedb::db_reader: refreshed checkpoint [checkpoint_id=a43482ec-9051-486f-95c7-deefd1a4399b, expire_time=Some(2026-08-23T15:01:30.119127834Z)]
2026-08-23T14:51:40.119595Z  INFO slatedb::db_reader: refreshed checkpoint [checkpoint_id=a43482ec-9051-486f-95c7-deefd1a4399b, expire_time=Some(2026-08-23T15:01:40.131635500Z)]
2026-08-23T14:51:50.116554Z  INFO slatedb::db_reader: refreshed checkpoint [checkpoint_id=a43482ec-9051-486f-95c7-deefd1a4399b, expire_time=Some(2026-08-23T15:01:50.129010375Z)]
2026-08-23T14:52:00.123633Z  INFO slatedb::db_reader: refreshed checkpoint [checkpoint_id=a43482ec-9051-486f-95c7-deefd1a4399b, expire_time=Some(2026-08-23T15:02:00.135808250Z)]
2026-08-23T14:52:10.119526Z  INFO slatedb::db_reader: refreshed checkpoint [checkpoint_id=a43482ec-9051-486f-95c7-deefd1a4399b, expire_time=Some(2026-08-23T15:02:10.131989334Z)]
2026-08-23T14:52:20.122163Z  INFO slatedb::db_reader: refreshed checkpoint [checkpoint_id=a43482ec-9051-486f-95c7-deefd1a4399b, expire_time=Some(2026-08-23T15:02:20.135098167Z)]
2026-08-23T14:52:30.143983Z  INFO slatedb::db_reader: refreshed checkpoint [checkpoint_id=a43482ec-9051-486f-95c7-deefd1a4399b, expire_time=Some(2026-08-23T15:02:30.144414500Z)]
2026-08-23T14:52:40.150177Z  INFO slatedb::db_reader: refreshed checkpoint [checkpoint_id=a43482ec-9051-486f-95c7-deefd1a4399b, expire_time=Some(2026-08-23T15:02:40.143041917Z)]
2026-08-23T14:52:50.147800Z  INFO slatedb::db_reader: refreshed checkpoint [checkpoint_id=a43482ec-9051-486f-95c7-deefd1a4399b, expire_time=Some(2026-08-23T15:02:50.137755417Z)]
2026-08-23T14:53:00.162474Z  INFO slatedb::db_reader: refreshed checkpoint [checkpoint_id=a43482ec-9051-486f-95c7-deefd1a4399b, expire_time=Some(2026-08-23T15:03:00.149507167Z)]
2026-08-23T14:53:10.166439Z  INFO slatedb::db_reader: refreshed checkpoint [checkpoint_id=a43482ec-9051-486f-95c7-deefd1a4399b, expire_time=Some(2026-08-23T15:03:10.152621167Z)]
2026-08-23T14:53:20.168097Z  INFO slatedb::db_reader: refreshed checkpoint [checkpoint_id=a43482ec-9051-486f-95c7-deefd1a4399b, expire_time=Some(2026-08-23T15:03:20.149780584Z)]
2026-08-23T14:53:30.167087Z  INFO slatedb::db_reader: refreshed checkpoint [checkpoint_id=a43482ec-9051-486f-95c7-deefd1a4399b, expire_time=Some(2026-08-23T15:03:30.152269042Z)]
2026-08-23T14:53:40.171642Z  INFO slatedb::db_reader: refreshed checkpoint [checkpoint_id=a43482ec-9051-486f-95c7-deefd1a4399b, expire_time=Some(2026-08-23T15:03:40.156775250Z)]
2026-08-23T14:53:50.178292Z  INFO slatedb::db_reader: refreshed checkpoint [checkpoint_id=a43482ec-9051-486f-95c7-deefd1a4399b, expire_time=Some(2026-08-23T15:03:50.163865125Z)]
2026-08-23T14:54:00.179106Z  INFO slatedb::db_reader: refreshed checkpoint [checkpoint_id=a43482ec-9051-486f-95c7-deefd1a4399b, expire_time=Some(2026-08-23T15:04:00.163957500Z)]
2026-08-23T14:54:10.175697Z  INFO slatedb::db_reader: refreshed checkpoint [checkpoint_id=a43482ec-9051-486f-95c7-deefd1a4399b, expire_time=Some(2026-08-23T15:04:10.161258875Z)]
2026-08-23T14:54:20.179367Z  INFO slatedb::db_reader: refreshed checkpoint [checkpoint_id=a43482ec-9051-486f-95c7-deefd1a4399b, expire_time=Some(2026-08-23T15:04:20.164531750Z)]
2026-08-23T14:54:30.184419Z  INFO slatedb::db_reader: refreshed checkpoint [checkpoint_id=a43482ec-9051-486f-95c7-deefd1a4399b, expire_time=Some(2026-08-23T15:04:30.169475Z)]
2026-08-23T14:54:40.177106Z  INFO slatedb::db_reader: refreshed checkpoint [checkpoint_id=a43482ec-9051-486f-95c7-deefd1a4399b, expire_time=Some(2026-08-23T15:04:40.162522792Z)]
2026-08-23T14:54:50.185419Z  INFO slatedb::db_reader: refreshed checkpoint [checkpoint_id=a43482ec-9051-486f-95c7-deefd1a4399b, expire_time=Some(2026-08-23T15:04:50.170844125Z)]
2026-08-23T14:55:00.185157Z  INFO slatedb::db_reader: refreshed checkpoint [checkpoint_id=a43482ec-9051-486f-95c7-deefd1a4399b, expire_time=Some(2026-08-23T15:05:00.170450917Z)]
2026-08-23T14:55:10.186422Z  INFO slatedb::db_reader: refreshed checkpoint [checkpoint_id=a43482ec-9051-486f-95c7-deefd1a4399b, expire_time=Some(2026-08-23T15:05:10.171991167Z)]
2026-08-23T14:55:20.195451Z  INFO slatedb::db_reader: refreshed checkpoint [checkpoint_id=a43482ec-9051-486f-95c7-deefd1a4399b, expire_time=Some(2026-08-23T15:05:20.180784459Z)]
2026-08-23T14:55:30.199978Z  INFO slatedb::db_reader: refreshed checkpoint [checkpoint_id=a43482ec-9051-486f-95c7-deefd1a4399b, expire_time=Some(2026-08-23T15:05:30.185312667Z)]
2026-08-23T14:55:40.185577Z  INFO slatedb::db_reader: refreshed checkpoint [checkpoint_id=a43482ec-9051-486f-95c7-deefd1a4399b, expire_time=Some(2026-08-23T15:05:40.171097042Z)]
2026-08-23T14:55:50.186452Z  INFO slatedb::db_reader: refreshed checkpoint [checkpoint_id=a43482ec-9051-486f-95c7-deefd1a4399b, expire_time=Some(2026-08-23T15:05:50.172304209Z)]
2026-08-23T14:56:00.202880Z  INFO slatedb::db_reader: refreshed checkpoint [checkpoint_id=a43482ec-9051-486f-95c7-deefd1a4399b, expire_time=Some(2026-08-23T15:06:00.188308584Z)]
2026-08-23T14:56:10.196329Z  INFO slatedb::db_reader: refreshed checkpoint [checkpoint_id=a43482ec-9051-486f-95c7-deefd1a4399b, expire_time=Some(2026-08-23T15:06:10.182118625Z)]
2026-08-23T14:56:20.210659Z  INFO slatedb::db_reader: refreshed checkpoint [checkpoint_id=a43482ec-9051-486f-95c7-deefd1a4399b, expire_time=Some(2026-08-23T15:06:20.196186375Z)]
2026-08-23T14:56:30.206085Z  INFO slatedb::db_reader: refreshed checkpoint [checkpoint_id=a43482ec-9051-486f-95c7-deefd1a4399b, expire_time=Some(2026-08-23T15:06:30.191874500Z)]
2026-08-23T14:56:40.211208Z  INFO slatedb::db_reader: refreshed checkpoint [checkpoint_id=a43482ec-9051-486f-95c7-deefd1a4399b, expire_time=Some(2026-08-23T15:06:40.197157167Z)]
2026-08-23T14:56:50.198338Z  INFO slatedb::db_reader: refreshed checkpoint [checkpoint_id=a43482ec-9051-486f-95c7-deefd1a4399b, expire_time=Some(2026-08-23T15:06:50.184301917Z)]
2026-08-23T14:57:00.212978Z  INFO slatedb::db_reader: refreshed checkpoint [checkpoint_id=a43482ec-9051-486f-95c7-deefd1a4399b, expire_time=Some(2026-08-23T15:07:00.198536667Z)]
2026-08-23T14:57:10.223041Z  INFO slatedb::db_reader: refreshed checkpoint [checkpoint_id=a43482ec-9051-486f-95c7-deefd1a4399b, expire_time=Some(2026-08-23T15:07:10.208904417Z)]
2026-08-23T14:57:20.214035Z  INFO slatedb::db_reader: refreshed checkpoint [checkpoint_id=a43482ec-9051-486f-95c7-deefd1a4399b, expire_time=Some(2026-08-23T15:07:20.199848167Z)]
2026-08-23T14:57:30.214519Z  INFO slatedb::db_reader: refreshed checkpoint [checkpoint_id=a43482ec-9051-486f-95c7-deefd1a4399b, expire_time=Some(2026-08-23T15:07:30.200335750Z)]
2026-08-23T14:57:40.215971Z  INFO slatedb::db_reader: refreshed checkpoint [checkpoint_id=a43482ec-9051-486f-95c7-deefd1a4399b, expire_time=Some(2026-08-23T15:07:40.201947167Z)]
2026-08-23T14:57:50.208762Z  INFO slatedb::db_reader: refreshed checkpoint [checkpoint_id=a43482ec-9051-486f-95c7-deefd1a4399b, expire_time=Some(2026-08-23T15:07:50.195108542Z)]
2026-08-23T14:58:00.207581Z  INFO slatedb::db_reader: refreshed checkpoint [checkpoint_id=a43482ec-9051-486f-95c7-deefd1a4399b, expire_time=Some(2026-08-23T15:08:00.193796125Z)]
2026-08-23T14:58:10.208409Z  INFO slatedb::db_reader: refreshed checkpoint [checkpoint_id=a43482ec-9051-486f-95c7-deefd1a4399b, expire_time=Some(2026-08-23T15:08:10.194704417Z)]
2026-08-23T14:58:20.221628Z  INFO slatedb::db_reader: refreshed checkpoint [checkpoint_id=a43482ec-9051-486f-95c7-deefd1a4399b, expire_time=Some(2026-08-23T15:08:20.207898584Z)]
2026-08-23T14:58:30.230925Z  INFO slatedb::db_reader: refreshed checkpoint [checkpoint_id=a43482ec-9051-486f-95c7-deefd1a4399b, expire_time=Some(2026-08-23T15:08:30.217104709Z)]
2026-08-23T14:58:40.222398Z  INFO slatedb::db_reader: refreshed checkpoint [checkpoint_id=a43482ec-9051-486f-95c7-deefd1a4399b, expire_time=Some(2026-08-23T15:08:40.208975625Z)]
2026-08-23T14:58:50.226358Z  INFO slatedb::db_reader: refreshed checkpoint [checkpoint_id=a43482ec-9051-486f-95c7-deefd1a4399b, expire_time=Some(2026-08-23T15:08:50.212864459Z)]
2026-08-23T14:59:00.252457Z  INFO slatedb::db_reader: refreshed checkpoint [checkpoint_id=a43482ec-9051-486f-95c7-deefd1a4399b, expire_time=Some(2026-08-23T15:09:00.238306459Z)]
2026-08-23T14:59:10.253665Z  INFO slatedb::db_reader: refreshed checkpoint [checkpoint_id=a43482ec-9051-486f-95c7-deefd1a4399b, expire_time=Some(2026-08-23T15:09:10.239427917Z)]
2026-08-23T14:59:20.258871Z  INFO slatedb::db_reader: refreshed checkpoint [checkpoint_id=a43482ec-9051-486f-95c7-deefd1a4399b, expire_time=Some(2026-08-23T15:09:20.244902875Z)]
2026-08-23T14:59:30.260011Z  INFO slatedb::db_reader: refreshed checkpoint [checkpoint_id=a43482ec-9051-486f-95c7-deefd1a4399b, expire_time=Some(2026-08-23T15:09:30.245852042Z)]
2026-08-23T14:59:39.721641Z  INFO rockstream_cli: shutdown signal received — stopping gateway
2026-08-23T14:59:39.756685Z  INFO rockstream: rockstream: node stopped cleanly audit=/var/folders/vq/593qxcm57l90w1dlpywl_7nw0000gn/T/rockstream-r1-local-wGz5Bi/gateway/audit.jsonl bundle=/var/folders/vq/593qxcm57l90w1dlpywl_7nw0000gn/T/rockstream-r1-local-wGz5Bi/gateway/support-bundle-1787497179722.json events=7
