2026-08-23T14:59:45.902607Z  INFO rockstream_cli: metrics server started metrics_addr=127.0.0.1:60250
2026-08-23T14:59:45.903022Z  INFO slatedb::db::builder: opening SlateDB database [path=gateway, settings={"flush_interval":"100ms","manifest_poll_interval":"1s","manifest_update_timeout":"300s","min_filter_keys":1000,"l0_sst_size_bytes":67108864,"max_wal_flushes_before_l0_flush":4096,"l0_max_ssts":8,"l0_max_ssts_per_key":8,"l0_flush_parallelism":4,"max_unflushed_bytes":1073741824,"compactor_options":{"poll_interval":"5s","manifest_update_timeout":"300s","max_sst_size":268435456,"max_concurrent_compactions":4,"max_fetch_tasks":4,"scheduler_options":{}},"compression_codec":null,"object_store_cache_options":{"root_folder":null,"max_cache_size_bytes":17179869184,"part_size_bytes":4194304,"cache_puts":false,"preload_disk_cache_on_startup":null,"scan_interval":"3600s","max_open_file_handles":1000},"garbage_collector_options":{"manifest_options":{"interval":"60s","min_age":"300s"},"wal_options":{"interval":"60s","min_age":"300s"},"compacted_options":{"interval":"60s","min_age":"300s"},"compactions_options":{"interval":"60s","min_age":"300s"},"detach_options":{"interval":"60s"}},"default_ttl":null}]
2026-08-23T14:59:45.905919Z  INFO slatedb::compactor_state_protocols: creating new compactions file [compactor_epoch=0]
2026-08-23T14:59:45.911032Z  INFO rockstream_cli: Gateway server starting with auth mode: off
2026-08-23T14:59:45.911187Z  INFO rockstream_cli: PostgreSQL wire gateway ready — connect with: psql -h 127.0.0.1 -p 60244 -U rockstream addr=127.0.0.1:60244
2026-08-23T15:04:46.007697Z  INFO slatedb::db_reader: refreshed checkpoint [checkpoint_id=7a9352fc-932e-4acd-b3d2-3c7cef5fff7a, expire_time=Some(2026-08-23T15:14:46.006394917Z)]
2026-08-23T15:04:56.013313Z  INFO slatedb::db_reader: refreshed checkpoint [checkpoint_id=7a9352fc-932e-4acd-b3d2-3c7cef5fff7a, expire_time=Some(2026-08-23T15:14:56.011557542Z)]
2026-08-23T15:05:06.015040Z  INFO slatedb::db_reader: refreshed checkpoint [checkpoint_id=7a9352fc-932e-4acd-b3d2-3c7cef5fff7a, expire_time=Some(2026-08-23T15:15:06.013880084Z)]
2026-08-23T15:05:16.016193Z  INFO slatedb::db_reader: refreshed checkpoint [checkpoint_id=7a9352fc-932e-4acd-b3d2-3c7cef5fff7a, expire_time=Some(2026-08-23T15:15:16.015137Z)]
2026-08-23T15:05:26.017081Z  INFO slatedb::db_reader: refreshed checkpoint [checkpoint_id=7a9352fc-932e-4acd-b3d2-3c7cef5fff7a, expire_time=Some(2026-08-23T15:15:26.015870125Z)]
2026-08-23T15:05:36.021212Z  INFO slatedb::db_reader: refreshed checkpoint [checkpoint_id=7a9352fc-932e-4acd-b3d2-3c7cef5fff7a, expire_time=Some(2026-08-23T15:15:36.020153542Z)]
2026-08-23T15:05:46.026445Z  INFO slatedb::db_reader: refreshed checkpoint [checkpoint_id=7a9352fc-932e-4acd-b3d2-3c7cef5fff7a, expire_time=Some(2026-08-23T15:15:46.025027042Z)]
2026-08-23T15:05:56.030921Z  INFO slatedb::db_reader: refreshed checkpoint [checkpoint_id=7a9352fc-932e-4acd-b3d2-3c7cef5fff7a, expire_time=Some(2026-08-23T15:15:56.029650750Z)]
2026-08-23T15:06:06.029462Z  INFO slatedb::db_reader: refreshed checkpoint [checkpoint_id=7a9352fc-932e-4acd-b3d2-3c7cef5fff7a, expire_time=Some(2026-08-23T15:16:06.028372667Z)]
2026-08-23T15:06:16.031379Z  INFO slatedb::db_reader: refreshed checkpoint [checkpoint_id=7a9352fc-932e-4acd-b3d2-3c7cef5fff7a, expire_time=Some(2026-08-23T15:16:16.030308792Z)]
2026-08-23T15:06:26.041706Z  INFO slatedb::db_reader: refreshed checkpoint [checkpoint_id=7a9352fc-932e-4acd-b3d2-3c7cef5fff7a, expire_time=Some(2026-08-23T15:16:26.041390542Z)]
2026-08-23T15:06:36.036973Z  INFO slatedb::db_reader: refreshed checkpoint [checkpoint_id=7a9352fc-932e-4acd-b3d2-3c7cef5fff7a, expire_time=Some(2026-08-23T15:16:36.036057667Z)]
2026-08-23T15:06:46.037415Z  INFO slatedb::db_reader: refreshed checkpoint [checkpoint_id=7a9352fc-932e-4acd-b3d2-3c7cef5fff7a, expire_time=Some(2026-08-23T15:16:46.037219584Z)]
2026-08-23T15:06:56.045571Z  INFO slatedb::db_reader: refreshed checkpoint [checkpoint_id=7a9352fc-932e-4acd-b3d2-3c7cef5fff7a, expire_time=Some(2026-08-23T15:16:56.045261292Z)]
2026-08-23T15:07:06.049568Z  INFO slatedb::db_reader: refreshed checkpoint [checkpoint_id=7a9352fc-932e-4acd-b3d2-3c7cef5fff7a, expire_time=Some(2026-08-23T15:17:06.048642209Z)]
2026-08-23T15:07:16.049446Z  INFO slatedb::db_reader: refreshed checkpoint [checkpoint_id=7a9352fc-932e-4acd-b3d2-3c7cef5fff7a, expire_time=Some(2026-08-23T15:17:16.048951125Z)]
2026-08-23T15:07:26.056710Z  INFO slatedb::db_reader: refreshed checkpoint [checkpoint_id=7a9352fc-932e-4acd-b3d2-3c7cef5fff7a, expire_time=Some(2026-08-23T15:17:26.055684959Z)]
2026-08-23T15:07:36.060948Z  INFO slatedb::db_reader: refreshed checkpoint [checkpoint_id=7a9352fc-932e-4acd-b3d2-3c7cef5fff7a, expire_time=Some(2026-08-23T15:17:36.059925250Z)]
2026-08-23T15:07:46.056536Z  INFO slatedb::db_reader: refreshed checkpoint [checkpoint_id=7a9352fc-932e-4acd-b3d2-3c7cef5fff7a, expire_time=Some(2026-08-23T15:17:46.055659542Z)]
2026-08-23T15:07:56.063192Z  INFO slatedb::db_reader: refreshed checkpoint [checkpoint_id=7a9352fc-932e-4acd-b3d2-3c7cef5fff7a, expire_time=Some(2026-08-23T15:17:56.062611459Z)]
2026-08-23T15:08:06.065284Z  INFO slatedb::db_reader: refreshed checkpoint [checkpoint_id=7a9352fc-932e-4acd-b3d2-3c7cef5fff7a, expire_time=Some(2026-08-23T15:18:06.064897667Z)]
2026-08-23T15:08:16.064837Z  INFO slatedb::db_reader: refreshed checkpoint [checkpoint_id=7a9352fc-932e-4acd-b3d2-3c7cef5fff7a, expire_time=Some(2026-08-23T15:18:16.064206875Z)]
2026-08-23T15:08:26.071822Z  INFO slatedb::db_reader: refreshed checkpoint [checkpoint_id=7a9352fc-932e-4acd-b3d2-3c7cef5fff7a, expire_time=Some(2026-08-23T15:18:26.071094500Z)]
2026-08-23T15:08:36.069036Z  INFO slatedb::db_reader: refreshed checkpoint [checkpoint_id=7a9352fc-932e-4acd-b3d2-3c7cef5fff7a, expire_time=Some(2026-08-23T15:18:36.069351417Z)]
2026-08-23T15:08:46.069915Z  INFO slatedb::db_reader: refreshed checkpoint [checkpoint_id=7a9352fc-932e-4acd-b3d2-3c7cef5fff7a, expire_time=Some(2026-08-23T15:18:46.069888959Z)]
2026-08-23T15:08:56.077953Z  INFO slatedb::db_reader: refreshed checkpoint [checkpoint_id=7a9352fc-932e-4acd-b3d2-3c7cef5fff7a, expire_time=Some(2026-08-23T15:18:56.077527750Z)]
2026-08-23T15:09:06.078752Z  INFO slatedb::db_reader: refreshed checkpoint [checkpoint_id=7a9352fc-932e-4acd-b3d2-3c7cef5fff7a, expire_time=Some(2026-08-23T15:19:06.078583375Z)]
2026-08-23T15:09:16.067839Z  INFO slatedb::db_reader: refreshed checkpoint [checkpoint_id=7a9352fc-932e-4acd-b3d2-3c7cef5fff7a, expire_time=Some(2026-08-23T15:19:16.068414500Z)]
2026-08-23T15:09:26.073183Z  INFO slatedb::db_reader: refreshed checkpoint [checkpoint_id=7a9352fc-932e-4acd-b3d2-3c7cef5fff7a, expire_time=Some(2026-08-23T15:19:26.073412584Z)]
2026-08-23T15:09:36.072603Z  INFO slatedb::db_reader: refreshed checkpoint [checkpoint_id=7a9352fc-932e-4acd-b3d2-3c7cef5fff7a, expire_time=Some(2026-08-23T15:19:36.073076542Z)]
2026-08-23T15:09:46.075115Z  INFO slatedb::db_reader: refreshed checkpoint [checkpoint_id=7a9352fc-932e-4acd-b3d2-3c7cef5fff7a, expire_time=Some(2026-08-23T15:19:46.075705125Z)]
2026-08-23T15:09:56.076158Z  INFO slatedb::db_reader: refreshed checkpoint [checkpoint_id=7a9352fc-932e-4acd-b3d2-3c7cef5fff7a, expire_time=Some(2026-08-23T15:19:56.076905917Z)]
2026-08-23T15:10:06.077364Z  INFO slatedb::db_reader: refreshed checkpoint [checkpoint_id=7a9352fc-932e-4acd-b3d2-3c7cef5fff7a, expire_time=Some(2026-08-23T15:20:06.078154Z)]
2026-08-23T15:10:16.084005Z  INFO slatedb::db_reader: refreshed checkpoint [checkpoint_id=7a9352fc-932e-4acd-b3d2-3c7cef5fff7a, expire_time=Some(2026-08-23T15:20:16.084823917Z)]
2026-08-23T15:10:26.088898Z  INFO slatedb::db_reader: refreshed checkpoint [checkpoint_id=7a9352fc-932e-4acd-b3d2-3c7cef5fff7a, expire_time=Some(2026-08-23T15:20:26.089420125Z)]
2026-08-23T15:10:36.102520Z  INFO slatedb::db_reader: refreshed checkpoint [checkpoint_id=7a9352fc-932e-4acd-b3d2-3c7cef5fff7a, expire_time=Some(2026-08-23T15:20:36.102575709Z)]
2026-08-23T15:10:46.092513Z  INFO slatedb::db_reader: refreshed checkpoint [checkpoint_id=7a9352fc-932e-4acd-b3d2-3c7cef5fff7a, expire_time=Some(2026-08-23T15:20:46.093340834Z)]
2026-08-23T15:10:56.107868Z  INFO slatedb::db_reader: refreshed checkpoint [checkpoint_id=7a9352fc-932e-4acd-b3d2-3c7cef5fff7a, expire_time=Some(2026-08-23T15:20:56.107738667Z)]
2026-08-23T15:11:06.105625Z  INFO slatedb::db_reader: refreshed checkpoint [checkpoint_id=7a9352fc-932e-4acd-b3d2-3c7cef5fff7a, expire_time=Some(2026-08-23T15:21:06.106302709Z)]
2026-08-23T15:11:16.112092Z  INFO slatedb::db_reader: refreshed checkpoint [checkpoint_id=7a9352fc-932e-4acd-b3d2-3c7cef5fff7a, expire_time=Some(2026-08-23T15:21:16.112590167Z)]
2026-08-23T15:11:26.118063Z  INFO slatedb::db_reader: refreshed checkpoint [checkpoint_id=7a9352fc-932e-4acd-b3d2-3c7cef5fff7a, expire_time=Some(2026-08-23T15:21:26.118758584Z)]
2026-08-23T15:11:36.124509Z  INFO slatedb::db_reader: refreshed checkpoint [checkpoint_id=7a9352fc-932e-4acd-b3d2-3c7cef5fff7a, expire_time=Some(2026-08-23T15:21:36.124439292Z)]
2026-08-23T15:11:46.107754Z  INFO slatedb::db_reader: refreshed checkpoint [checkpoint_id=7a9352fc-932e-4acd-b3d2-3c7cef5fff7a, expire_time=Some(2026-08-23T15:21:46.108826334Z)]
2026-08-23T15:11:56.119882Z  INFO slatedb::db_reader: refreshed checkpoint [checkpoint_id=7a9352fc-932e-4acd-b3d2-3c7cef5fff7a, expire_time=Some(2026-08-23T15:21:56.120011042Z)]
2026-08-23T15:12:06.123331Z  INFO slatedb::db_reader: refreshed checkpoint [checkpoint_id=7a9352fc-932e-4acd-b3d2-3c7cef5fff7a, expire_time=Some(2026-08-23T15:22:06.123774750Z)]
2026-08-23T15:12:16.127154Z  INFO slatedb::db_reader: refreshed checkpoint [checkpoint_id=7a9352fc-932e-4acd-b3d2-3c7cef5fff7a, expire_time=Some(2026-08-23T15:22:16.128095125Z)]
2026-08-23T15:12:26.126146Z  INFO slatedb::db_reader: refreshed checkpoint [checkpoint_id=7a9352fc-932e-4acd-b3d2-3c7cef5fff7a, expire_time=Some(2026-08-23T15:22:26.127052500Z)]
2026-08-23T15:12:36.132024Z  INFO slatedb::db_reader: refreshed checkpoint [checkpoint_id=7a9352fc-932e-4acd-b3d2-3c7cef5fff7a, expire_time=Some(2026-08-23T15:22:36.132113834Z)]
2026-08-23T15:12:46.118123Z  INFO slatedb::db_reader: refreshed checkpoint [checkpoint_id=7a9352fc-932e-4acd-b3d2-3c7cef5fff7a, expire_time=Some(2026-08-23T15:22:46.119047417Z)]
2026-08-23T15:12:56.130942Z  INFO slatedb::db_reader: refreshed checkpoint [checkpoint_id=7a9352fc-932e-4acd-b3d2-3c7cef5fff7a, expire_time=Some(2026-08-23T15:22:56.131675Z)]
2026-08-23T15:13:06.135772Z  INFO slatedb::db_reader: refreshed checkpoint [checkpoint_id=7a9352fc-932e-4acd-b3d2-3c7cef5fff7a, expire_time=Some(2026-08-23T15:23:06.136394500Z)]
2026-08-23T15:13:16.140481Z  INFO slatedb::db_reader: refreshed checkpoint [checkpoint_id=7a9352fc-932e-4acd-b3d2-3c7cef5fff7a, expire_time=Some(2026-08-23T15:23:16.141004792Z)]
2026-08-23T15:13:26.149451Z  INFO slatedb::db_reader: refreshed checkpoint [checkpoint_id=7a9352fc-932e-4acd-b3d2-3c7cef5fff7a, expire_time=Some(2026-08-23T15:23:26.149801334Z)]
2026-08-23T15:13:36.145673Z  INFO slatedb::db_reader: refreshed checkpoint [checkpoint_id=7a9352fc-932e-4acd-b3d2-3c7cef5fff7a, expire_time=Some(2026-08-23T15:23:36.145884709Z)]
2026-08-23T15:13:46.135363Z  INFO slatedb::db_reader: refreshed checkpoint [checkpoint_id=7a9352fc-932e-4acd-b3d2-3c7cef5fff7a, expire_time=Some(2026-08-23T15:23:46.136220459Z)]
2026-08-23T15:13:56.151379Z  INFO slatedb::db_reader: refreshed checkpoint [checkpoint_id=7a9352fc-932e-4acd-b3d2-3c7cef5fff7a, expire_time=Some(2026-08-23T15:23:56.151828584Z)]
2026-08-23T15:14:06.151976Z  INFO slatedb::db_reader: refreshed checkpoint [checkpoint_id=7a9352fc-932e-4acd-b3d2-3c7cef5fff7a, expire_time=Some(2026-08-23T15:24:06.152674667Z)]
2026-08-23T15:14:16.139228Z  INFO slatedb::db_reader: refreshed checkpoint [checkpoint_id=7a9352fc-932e-4acd-b3d2-3c7cef5fff7a, expire_time=Some(2026-08-23T15:24:16.140637917Z)]
2026-08-23T15:14:26.164527Z  INFO slatedb::db_reader: refreshed checkpoint [checkpoint_id=7a9352fc-932e-4acd-b3d2-3c7cef5fff7a, expire_time=Some(2026-08-23T15:24:26.164813375Z)]
2026-08-23T15:14:36.162747Z  INFO slatedb::db_reader: refreshed checkpoint [checkpoint_id=7a9352fc-932e-4acd-b3d2-3c7cef5fff7a, expire_time=Some(2026-08-23T15:24:36.163772584Z)]
2026-08-23T15:14:46.152393Z  INFO slatedb::db_reader: refreshed checkpoint [checkpoint_id=7a9352fc-932e-4acd-b3d2-3c7cef5fff7a, expire_time=Some(2026-08-23T15:24:46.153366417Z)]
2026-08-23T15:14:56.167438Z  INFO slatedb::db_reader: refreshed checkpoint [checkpoint_id=7a9352fc-932e-4acd-b3d2-3c7cef5fff7a, expire_time=Some(2026-08-23T15:24:56.168014917Z)]
2026-08-23T15:15:06.165946Z  INFO slatedb::db_reader: refreshed checkpoint [checkpoint_id=7a9352fc-932e-4acd-b3d2-3c7cef5fff7a, expire_time=Some(2026-08-23T15:25:06.166948375Z)]
2026-08-23T15:15:16.171319Z  INFO slatedb::db_reader: refreshed checkpoint [checkpoint_id=7a9352fc-932e-4acd-b3d2-3c7cef5fff7a, expire_time=Some(2026-08-23T15:25:16.172431917Z)]
2026-08-23T15:15:26.176735Z  INFO slatedb::db_reader: refreshed checkpoint [checkpoint_id=7a9352fc-932e-4acd-b3d2-3c7cef5fff7a, expire_time=Some(2026-08-23T15:25:26.177661667Z)]
2026-08-23T15:15:36.177506Z  INFO slatedb::db_reader: refreshed checkpoint [checkpoint_id=7a9352fc-932e-4acd-b3d2-3c7cef5fff7a, expire_time=Some(2026-08-23T15:25:36.178482084Z)]
2026-08-23T15:15:46.165516Z  INFO slatedb::db_reader: refreshed checkpoint [checkpoint_id=7a9352fc-932e-4acd-b3d2-3c7cef5fff7a, expire_time=Some(2026-08-23T15:25:46.166710625Z)]
2026-08-23T15:15:56.178251Z  INFO slatedb::db_reader: refreshed checkpoint [checkpoint_id=7a9352fc-932e-4acd-b3d2-3c7cef5fff7a, expire_time=Some(2026-08-23T15:25:56.179171792Z)]
2026-08-23T15:16:06.184501Z  INFO slatedb::db_reader: refreshed checkpoint [checkpoint_id=7a9352fc-932e-4acd-b3d2-3c7cef5fff7a, expire_time=Some(2026-08-23T15:26:06.185444584Z)]
2026-08-23T15:16:16.179856Z  INFO slatedb::db_reader: refreshed checkpoint [checkpoint_id=7a9352fc-932e-4acd-b3d2-3c7cef5fff7a, expire_time=Some(2026-08-23T15:26:16.181489667Z)]
2026-08-23T15:16:26.183123Z  INFO slatedb::db_reader: refreshed checkpoint [checkpoint_id=7a9352fc-932e-4acd-b3d2-3c7cef5fff7a, expire_time=Some(2026-08-23T15:26:26.184270625Z)]
2026-08-23T15:16:36.181248Z  INFO slatedb::db_reader: refreshed checkpoint [checkpoint_id=7a9352fc-932e-4acd-b3d2-3c7cef5fff7a, expire_time=Some(2026-08-23T15:26:36.182577417Z)]
2026-08-23T15:16:46.178631Z  INFO slatedb::db_reader: refreshed checkpoint [checkpoint_id=7a9352fc-932e-4acd-b3d2-3c7cef5fff7a, expire_time=Some(2026-08-23T15:26:46.180332042Z)]
2026-08-23T15:16:56.181930Z  INFO slatedb::db_reader: refreshed checkpoint [checkpoint_id=7a9352fc-932e-4acd-b3d2-3c7cef5fff7a, expire_time=Some(2026-08-23T15:26:56.183587125Z)]
2026-08-23T15:17:06.184003Z  INFO slatedb::db_reader: refreshed checkpoint [checkpoint_id=7a9352fc-932e-4acd-b3d2-3c7cef5fff7a, expire_time=Some(2026-08-23T15:27:06.185816500Z)]
2026-08-23T15:17:16.187305Z  INFO slatedb::db_reader: refreshed checkpoint [checkpoint_id=7a9352fc-932e-4acd-b3d2-3c7cef5fff7a, expire_time=Some(2026-08-23T15:27:16.189112542Z)]
2026-08-23T15:17:26.186118Z  INFO slatedb::db_reader: refreshed checkpoint [checkpoint_id=7a9352fc-932e-4acd-b3d2-3c7cef5fff7a, expire_time=Some(2026-08-23T15:27:26.188084042Z)]
2026-08-23T15:17:36.193191Z  INFO slatedb::db_reader: refreshed checkpoint [checkpoint_id=7a9352fc-932e-4acd-b3d2-3c7cef5fff7a, expire_time=Some(2026-08-23T15:27:36.195081042Z)]
2026-08-23T15:17:46.191696Z  INFO slatedb::db_reader: refreshed checkpoint [checkpoint_id=7a9352fc-932e-4acd-b3d2-3c7cef5fff7a, expire_time=Some(2026-08-23T15:27:46.193707792Z)]
2026-08-23T15:17:56.212215Z  INFO slatedb::db_reader: refreshed checkpoint [checkpoint_id=7a9352fc-932e-4acd-b3d2-3c7cef5fff7a, expire_time=Some(2026-08-23T15:27:56.213625792Z)]
2026-08-23T15:18:06.218121Z  INFO slatedb::db_reader: refreshed checkpoint [checkpoint_id=7a9352fc-932e-4acd-b3d2-3c7cef5fff7a, expire_time=Some(2026-08-23T15:28:06.219477500Z)]
2026-08-23T15:18:16.219975Z  INFO slatedb::db_reader: refreshed checkpoint [checkpoint_id=7a9352fc-932e-4acd-b3d2-3c7cef5fff7a, expire_time=Some(2026-08-23T15:28:16.221590875Z)]
2026-08-23T15:18:26.218680Z  INFO slatedb::db_reader: refreshed checkpoint [checkpoint_id=7a9352fc-932e-4acd-b3d2-3c7cef5fff7a, expire_time=Some(2026-08-23T15:28:26.220035334Z)]
2026-08-23T15:18:36.225030Z  INFO slatedb::db_reader: refreshed checkpoint [checkpoint_id=7a9352fc-932e-4acd-b3d2-3c7cef5fff7a, expire_time=Some(2026-08-23T15:28:36.226761084Z)]
2026-08-23T15:18:46.215478Z  INFO slatedb::db_reader: refreshed checkpoint [checkpoint_id=7a9352fc-932e-4acd-b3d2-3c7cef5fff7a, expire_time=Some(2026-08-23T15:28:46.216974750Z)]
2026-08-23T15:18:56.231764Z  INFO slatedb::db_reader: refreshed checkpoint [checkpoint_id=7a9352fc-932e-4acd-b3d2-3c7cef5fff7a, expire_time=Some(2026-08-23T15:28:56.233021375Z)]
2026-08-23T15:19:06.217875Z  INFO slatedb::db_reader: refreshed checkpoint [checkpoint_id=7a9352fc-932e-4acd-b3d2-3c7cef5fff7a, expire_time=Some(2026-08-23T15:29:06.219895250Z)]
2026-08-23T15:19:16.234591Z  INFO slatedb::db_reader: refreshed checkpoint [checkpoint_id=7a9352fc-932e-4acd-b3d2-3c7cef5fff7a, expire_time=Some(2026-08-23T15:29:16.236161084Z)]
2026-08-23T15:19:26.229968Z  INFO slatedb::db_reader: refreshed checkpoint [checkpoint_id=7a9352fc-932e-4acd-b3d2-3c7cef5fff7a, expire_time=Some(2026-08-23T15:29:26.231071584Z)]
2026-08-23T15:19:36.234686Z  INFO slatedb::db_reader: refreshed checkpoint [checkpoint_id=7a9352fc-932e-4acd-b3d2-3c7cef5fff7a, expire_time=Some(2026-08-23T15:29:36.236618709Z)]
2026-08-23T15:19:46.229765Z  INFO slatedb::db_reader: refreshed checkpoint [checkpoint_id=7a9352fc-932e-4acd-b3d2-3c7cef5fff7a, expire_time=Some(2026-08-23T15:29:46.231495917Z)]
2026-08-23T15:19:56.242377Z  INFO slatedb::db_reader: refreshed checkpoint [checkpoint_id=7a9352fc-932e-4acd-b3d2-3c7cef5fff7a, expire_time=Some(2026-08-23T15:29:56.243976459Z)]
2026-08-23T15:20:06.240299Z  INFO slatedb::db_reader: refreshed checkpoint [checkpoint_id=7a9352fc-932e-4acd-b3d2-3c7cef5fff7a, expire_time=Some(2026-08-23T15:30:06.242239542Z)]
2026-08-23T15:20:16.250251Z  INFO slatedb::db_reader: refreshed checkpoint [checkpoint_id=7a9352fc-932e-4acd-b3d2-3c7cef5fff7a, expire_time=Some(2026-08-23T15:30:16.251716584Z)]
2026-08-23T15:20:26.251553Z  INFO slatedb::db_reader: refreshed checkpoint [checkpoint_id=7a9352fc-932e-4acd-b3d2-3c7cef5fff7a, expire_time=Some(2026-08-23T15:30:26.253253084Z)]
2026-08-23T15:20:36.245715Z  INFO slatedb::db_reader: refreshed checkpoint [checkpoint_id=7a9352fc-932e-4acd-b3d2-3c7cef5fff7a, expire_time=Some(2026-08-23T15:30:36.247769750Z)]
2026-08-23T15:20:46.247785Z  INFO slatedb::db_reader: refreshed checkpoint [checkpoint_id=7a9352fc-932e-4acd-b3d2-3c7cef5fff7a, expire_time=Some(2026-08-23T15:30:46.249492375Z)]
2026-08-23T15:20:56.258288Z  INFO slatedb::db_reader: refreshed checkpoint [checkpoint_id=7a9352fc-932e-4acd-b3d2-3c7cef5fff7a, expire_time=Some(2026-08-23T15:30:56.259850417Z)]
2026-08-23T15:21:06.259564Z  INFO slatedb::db_reader: refreshed checkpoint [checkpoint_id=7a9352fc-932e-4acd-b3d2-3c7cef5fff7a, expire_time=Some(2026-08-23T15:31:06.261015834Z)]
2026-08-23T15:21:16.252841Z  INFO slatedb::db_reader: refreshed checkpoint [checkpoint_id=7a9352fc-932e-4acd-b3d2-3c7cef5fff7a, expire_time=Some(2026-08-23T15:31:16.254633125Z)]
2026-08-23T15:21:26.261297Z  INFO slatedb::db_reader: refreshed checkpoint [checkpoint_id=7a9352fc-932e-4acd-b3d2-3c7cef5fff7a, expire_time=Some(2026-08-23T15:31:26.263241084Z)]
2026-08-23T15:21:36.258736Z  INFO slatedb::db_reader: refreshed checkpoint [checkpoint_id=7a9352fc-932e-4acd-b3d2-3c7cef5fff7a, expire_time=Some(2026-08-23T15:31:36.260884667Z)]
2026-08-23T15:21:46.259039Z  INFO slatedb::db_reader: refreshed checkpoint [checkpoint_id=7a9352fc-932e-4acd-b3d2-3c7cef5fff7a, expire_time=Some(2026-08-23T15:31:46.261058875Z)]
2026-08-23T15:21:56.274541Z  INFO slatedb::db_reader: refreshed checkpoint [checkpoint_id=7a9352fc-932e-4acd-b3d2-3c7cef5fff7a, expire_time=Some(2026-08-23T15:31:56.276571834Z)]
2026-08-23T15:22:06.269514Z  INFO slatedb::db_reader: refreshed checkpoint [checkpoint_id=7a9352fc-932e-4acd-b3d2-3c7cef5fff7a, expire_time=Some(2026-08-23T15:32:06.271836834Z)]
2026-08-23T15:22:16.281967Z  INFO slatedb::db_reader: refreshed checkpoint [checkpoint_id=7a9352fc-932e-4acd-b3d2-3c7cef5fff7a, expire_time=Some(2026-08-23T15:32:16.283970042Z)]
2026-08-23T15:22:26.279897Z  INFO slatedb::db_reader: refreshed checkpoint [checkpoint_id=7a9352fc-932e-4acd-b3d2-3c7cef5fff7a, expire_time=Some(2026-08-23T15:32:26.281922542Z)]
2026-08-23T15:22:36.277146Z  INFO slatedb::db_reader: refreshed checkpoint [checkpoint_id=7a9352fc-932e-4acd-b3d2-3c7cef5fff7a, expire_time=Some(2026-08-23T15:32:36.279481500Z)]
2026-08-23T15:22:46.277599Z  INFO slatedb::db_reader: refreshed checkpoint [checkpoint_id=7a9352fc-932e-4acd-b3d2-3c7cef5fff7a, expire_time=Some(2026-08-23T15:32:46.279881792Z)]
2026-08-23T15:22:56.288250Z  INFO slatedb::db_reader: refreshed checkpoint [checkpoint_id=7a9352fc-932e-4acd-b3d2-3c7cef5fff7a, expire_time=Some(2026-08-23T15:32:56.290296Z)]
2026-08-23T15:23:06.293452Z  INFO slatedb::db_reader: refreshed checkpoint [checkpoint_id=7a9352fc-932e-4acd-b3d2-3c7cef5fff7a, expire_time=Some(2026-08-23T15:33:06.295728250Z)]
2026-08-23T15:23:16.294364Z  INFO slatedb::db_reader: refreshed checkpoint [checkpoint_id=7a9352fc-932e-4acd-b3d2-3c7cef5fff7a, expire_time=Some(2026-08-23T15:33:16.296773250Z)]
2026-08-23T15:23:26.289483Z  INFO slatedb::db_reader: refreshed checkpoint [checkpoint_id=7a9352fc-932e-4acd-b3d2-3c7cef5fff7a, expire_time=Some(2026-08-23T15:33:26.291822209Z)]
2026-08-23T15:23:36.279166Z  INFO slatedb::db_reader: refreshed checkpoint [checkpoint_id=7a9352fc-932e-4acd-b3d2-3c7cef5fff7a, expire_time=Some(2026-08-23T15:33:36.282029292Z)]
2026-08-23T15:23:46.283716Z  INFO slatedb::db_reader: refreshed checkpoint [checkpoint_id=7a9352fc-932e-4acd-b3d2-3c7cef5fff7a, expire_time=Some(2026-08-23T15:33:46.286565792Z)]
2026-08-23T15:23:56.286389Z  INFO slatedb::db_reader: refreshed checkpoint [checkpoint_id=7a9352fc-932e-4acd-b3d2-3c7cef5fff7a, expire_time=Some(2026-08-23T15:33:56.289098709Z)]
2026-08-23T15:24:06.287597Z  INFO slatedb::db_reader: refreshed checkpoint [checkpoint_id=7a9352fc-932e-4acd-b3d2-3c7cef5fff7a, expire_time=Some(2026-08-23T15:34:06.290351417Z)]
2026-08-23T15:24:16.290051Z  INFO slatedb::db_reader: refreshed checkpoint [checkpoint_id=7a9352fc-932e-4acd-b3d2-3c7cef5fff7a, expire_time=Some(2026-08-23T15:34:16.292993292Z)]
2026-08-23T15:24:26.349102Z  INFO slatedb::db_reader: refreshed checkpoint [checkpoint_id=7a9352fc-932e-4acd-b3d2-3c7cef5fff7a, expire_time=Some(2026-08-23T15:34:26.295713292Z)]
2026-08-23T15:24:36.358443Z  INFO slatedb::db_reader: refreshed checkpoint [checkpoint_id=7a9352fc-932e-4acd-b3d2-3c7cef5fff7a, expire_time=Some(2026-08-23T15:34:36.304803167Z)]
2026-08-23T15:24:46.371713Z  INFO slatedb::db_reader: refreshed checkpoint [checkpoint_id=7a9352fc-932e-4acd-b3d2-3c7cef5fff7a, expire_time=Some(2026-08-23T15:34:46.317865584Z)]
2026-08-23T15:24:56.378150Z  INFO slatedb::db_reader: refreshed checkpoint [checkpoint_id=7a9352fc-932e-4acd-b3d2-3c7cef5fff7a, expire_time=Some(2026-08-23T15:34:56.323823542Z)]
2026-08-23T15:25:06.358156Z  INFO slatedb::db_reader: refreshed checkpoint [checkpoint_id=7a9352fc-932e-4acd-b3d2-3c7cef5fff7a, expire_time=Some(2026-08-23T15:35:06.304097625Z)]
2026-08-23T15:25:16.369316Z  INFO slatedb::db_reader: refreshed checkpoint [checkpoint_id=7a9352fc-932e-4acd-b3d2-3c7cef5fff7a, expire_time=Some(2026-08-23T15:35:16.314991500Z)]
2026-08-23T15:25:26.365137Z  INFO slatedb::db_reader: refreshed checkpoint [checkpoint_id=7a9352fc-932e-4acd-b3d2-3c7cef5fff7a, expire_time=Some(2026-08-23T15:35:26.310968292Z)]
2026-08-23T15:25:36.363393Z  INFO slatedb::db_reader: refreshed checkpoint [checkpoint_id=7a9352fc-932e-4acd-b3d2-3c7cef5fff7a, expire_time=Some(2026-08-23T15:35:36.309000709Z)]
2026-08-23T15:25:46.367072Z  INFO slatedb::db_reader: refreshed checkpoint [checkpoint_id=7a9352fc-932e-4acd-b3d2-3c7cef5fff7a, expire_time=Some(2026-08-23T15:35:46.312478667Z)]
2026-08-23T15:25:56.365076Z  INFO slatedb::db_reader: refreshed checkpoint [checkpoint_id=7a9352fc-932e-4acd-b3d2-3c7cef5fff7a, expire_time=Some(2026-08-23T15:35:56.310395959Z)]
2026-08-23T15:26:06.370530Z  INFO slatedb::db_reader: refreshed checkpoint [checkpoint_id=7a9352fc-932e-4acd-b3d2-3c7cef5fff7a, expire_time=Some(2026-08-23T15:36:06.315599500Z)]
2026-08-23T15:26:16.392247Z  INFO slatedb::db_reader: refreshed checkpoint [checkpoint_id=7a9352fc-932e-4acd-b3d2-3c7cef5fff7a, expire_time=Some(2026-08-23T15:36:16.336872584Z)]
2026-08-23T15:26:26.378510Z  INFO slatedb::db_reader: refreshed checkpoint [checkpoint_id=7a9352fc-932e-4acd-b3d2-3c7cef5fff7a, expire_time=Some(2026-08-23T15:36:26.322758834Z)]
2026-08-23T15:26:36.383465Z  INFO slatedb::db_reader: refreshed checkpoint [checkpoint_id=7a9352fc-932e-4acd-b3d2-3c7cef5fff7a, expire_time=Some(2026-08-23T15:36:36.328097959Z)]
2026-08-23T15:26:46.385151Z  INFO slatedb::db_reader: refreshed checkpoint [checkpoint_id=7a9352fc-932e-4acd-b3d2-3c7cef5fff7a, expire_time=Some(2026-08-23T15:36:46.329622292Z)]
2026-08-23T15:26:56.408820Z  INFO slatedb::db_reader: refreshed checkpoint [checkpoint_id=7a9352fc-932e-4acd-b3d2-3c7cef5fff7a, expire_time=Some(2026-08-23T15:36:56.352432625Z)]
2026-08-23T15:27:06.402937Z  INFO slatedb::db_reader: refreshed checkpoint [checkpoint_id=7a9352fc-932e-4acd-b3d2-3c7cef5fff7a, expire_time=Some(2026-08-23T15:37:06.346505834Z)]
2026-08-23T15:27:16.400573Z  INFO slatedb::db_reader: refreshed checkpoint [checkpoint_id=7a9352fc-932e-4acd-b3d2-3c7cef5fff7a, expire_time=Some(2026-08-23T15:37:16.344121375Z)]
2026-08-23T15:27:26.395972Z  INFO slatedb::db_reader: refreshed checkpoint [checkpoint_id=7a9352fc-932e-4acd-b3d2-3c7cef5fff7a, expire_time=Some(2026-08-23T15:37:26.339652959Z)]
2026-08-23T15:27:36.389473Z  INFO slatedb::db_reader: refreshed checkpoint [checkpoint_id=7a9352fc-932e-4acd-b3d2-3c7cef5fff7a, expire_time=Some(2026-08-23T15:37:36.333200500Z)]
2026-08-23T15:27:46.392671Z  INFO slatedb::db_reader: refreshed checkpoint [checkpoint_id=7a9352fc-932e-4acd-b3d2-3c7cef5fff7a, expire_time=Some(2026-08-23T15:37:46.336211167Z)]
2026-08-23T15:27:50.399582Z  INFO rockstream_cli: shutdown signal received — stopping gateway
2026-08-23T15:27:50.438505Z  INFO rockstream: rockstream: node stopped cleanly audit=/var/folders/vq/593qxcm57l90w1dlpywl_7nw0000gn/T/rockstream-r1-local-jHr3B5/gateway/audit.jsonl bundle=/var/folders/vq/593qxcm57l90w1dlpywl_7nw0000gn/T/rockstream-r1-local-jHr3B5/gateway/support-bundle-1787498870400.json events=7
