2026-08-23T16:56:38.729704Z  INFO rockstream_cli: metrics server started metrics_addr=127.0.0.1:53963
2026-08-23T16:56:38.730059Z  INFO slatedb::db::builder: opening SlateDB database [path=gateway, settings={"flush_interval":"100ms","manifest_poll_interval":"1s","manifest_update_timeout":"300s","min_filter_keys":1000,"l0_sst_size_bytes":67108864,"max_wal_flushes_before_l0_flush":4096,"l0_max_ssts":8,"l0_max_ssts_per_key":8,"l0_flush_parallelism":4,"max_unflushed_bytes":1073741824,"compactor_options":{"poll_interval":"5s","manifest_update_timeout":"300s","max_sst_size":268435456,"max_concurrent_compactions":4,"max_fetch_tasks":4,"scheduler_options":{}},"compression_codec":null,"object_store_cache_options":{"root_folder":null,"max_cache_size_bytes":17179869184,"part_size_bytes":4194304,"cache_puts":false,"preload_disk_cache_on_startup":null,"scan_interval":"3600s","max_open_file_handles":1000},"garbage_collector_options":{"manifest_options":{"interval":"60s","min_age":"300s"},"wal_options":{"interval":"60s","min_age":"300s"},"compacted_options":{"interval":"60s","min_age":"300s"},"compactions_options":{"interval":"60s","min_age":"300s"},"detach_options":{"interval":"60s"}},"default_ttl":null}]
2026-08-23T16:56:38.732690Z  INFO slatedb::compactor_state_protocols: creating new compactions file [compactor_epoch=0]
2026-08-23T16:56:38.737561Z  INFO rockstream_cli: Gateway server starting with auth mode: off
2026-08-23T16:56:38.737706Z  INFO rockstream_cli: PostgreSQL wire gateway ready — connect with: psql -h 127.0.0.1 -p 53958 -U rockstream addr=127.0.0.1:53958
2026-08-23T17:01:38.803685Z  INFO slatedb::db_reader: refreshed checkpoint [checkpoint_id=d2123ddf-9c8d-4759-a535-4ed917b5911d, expire_time=Some(2026-08-23T17:11:38.800683500Z)]
2026-08-23T17:01:48.805200Z  INFO slatedb::db_reader: refreshed checkpoint [checkpoint_id=d2123ddf-9c8d-4759-a535-4ed917b5911d, expire_time=Some(2026-08-23T17:11:48.802113292Z)]
2026-08-23T17:01:58.806474Z  INFO slatedb::db_reader: refreshed checkpoint [checkpoint_id=d2123ddf-9c8d-4759-a535-4ed917b5911d, expire_time=Some(2026-08-23T17:11:58.803461375Z)]
2026-08-23T17:02:08.809981Z  INFO slatedb::db_reader: refreshed checkpoint [checkpoint_id=d2123ddf-9c8d-4759-a535-4ed917b5911d, expire_time=Some(2026-08-23T17:12:08.806559042Z)]
2026-08-23T17:02:18.825880Z  INFO slatedb::db_reader: refreshed checkpoint [checkpoint_id=d2123ddf-9c8d-4759-a535-4ed917b5911d, expire_time=Some(2026-08-23T17:12:18.821725Z)]
2026-08-23T17:02:28.812936Z  INFO slatedb::db_reader: refreshed checkpoint [checkpoint_id=d2123ddf-9c8d-4759-a535-4ed917b5911d, expire_time=Some(2026-08-23T17:12:28.809670958Z)]
2026-08-23T17:02:38.816722Z  INFO slatedb::db_reader: refreshed checkpoint [checkpoint_id=d2123ddf-9c8d-4759-a535-4ed917b5911d, expire_time=Some(2026-08-23T17:12:38.813189125Z)]
2026-08-23T17:02:48.821434Z  INFO slatedb::db_reader: refreshed checkpoint [checkpoint_id=d2123ddf-9c8d-4759-a535-4ed917b5911d, expire_time=Some(2026-08-23T17:12:48.817456750Z)]
2026-08-23T17:02:58.821897Z  INFO slatedb::db_reader: refreshed checkpoint [checkpoint_id=d2123ddf-9c8d-4759-a535-4ed917b5911d, expire_time=Some(2026-08-23T17:12:58.818005083Z)]
2026-08-23T17:03:08.826041Z  INFO slatedb::db_reader: refreshed checkpoint [checkpoint_id=d2123ddf-9c8d-4759-a535-4ed917b5911d, expire_time=Some(2026-08-23T17:13:08.822063958Z)]
2026-08-23T17:03:18.827096Z  INFO slatedb::db_reader: refreshed checkpoint [checkpoint_id=d2123ddf-9c8d-4759-a535-4ed917b5911d, expire_time=Some(2026-08-23T17:13:18.823069667Z)]
2026-08-23T17:03:28.828011Z  INFO slatedb::db_reader: refreshed checkpoint [checkpoint_id=d2123ddf-9c8d-4759-a535-4ed917b5911d, expire_time=Some(2026-08-23T17:13:28.823919333Z)]
2026-08-23T17:03:38.829356Z  INFO slatedb::db_reader: refreshed checkpoint [checkpoint_id=d2123ddf-9c8d-4759-a535-4ed917b5911d, expire_time=Some(2026-08-23T17:13:38.825211208Z)]
2026-08-23T17:03:48.834714Z  INFO slatedb::db_reader: refreshed checkpoint [checkpoint_id=d2123ddf-9c8d-4759-a535-4ed917b5911d, expire_time=Some(2026-08-23T17:13:48.830194750Z)]
2026-08-23T17:03:58.842585Z  INFO slatedb::db_reader: refreshed checkpoint [checkpoint_id=d2123ddf-9c8d-4759-a535-4ed917b5911d, expire_time=Some(2026-08-23T17:13:58.837640458Z)]
2026-08-23T17:04:08.842689Z  INFO slatedb::db_reader: refreshed checkpoint [checkpoint_id=d2123ddf-9c8d-4759-a535-4ed917b5911d, expire_time=Some(2026-08-23T17:14:08.838003917Z)]
2026-08-23T17:04:18.844018Z  INFO slatedb::db_reader: refreshed checkpoint [checkpoint_id=d2123ddf-9c8d-4759-a535-4ed917b5911d, expire_time=Some(2026-08-23T17:14:18.839441542Z)]
2026-08-23T17:04:28.848171Z  INFO slatedb::db_reader: refreshed checkpoint [checkpoint_id=d2123ddf-9c8d-4759-a535-4ed917b5911d, expire_time=Some(2026-08-23T17:14:28.843281917Z)]
2026-08-23T17:04:38.844859Z  INFO slatedb::db_reader: refreshed checkpoint [checkpoint_id=d2123ddf-9c8d-4759-a535-4ed917b5911d, expire_time=Some(2026-08-23T17:14:38.840002500Z)]
2026-08-23T17:04:48.846410Z  INFO slatedb::db_reader: refreshed checkpoint [checkpoint_id=d2123ddf-9c8d-4759-a535-4ed917b5911d, expire_time=Some(2026-08-23T17:14:48.841553250Z)]
2026-08-23T17:04:58.845796Z  INFO slatedb::db_reader: refreshed checkpoint [checkpoint_id=d2123ddf-9c8d-4759-a535-4ed917b5911d, expire_time=Some(2026-08-23T17:14:58.841093333Z)]
2026-08-23T17:05:08.850685Z  INFO slatedb::db_reader: refreshed checkpoint [checkpoint_id=d2123ddf-9c8d-4759-a535-4ed917b5911d, expire_time=Some(2026-08-23T17:15:08.845535167Z)]
2026-08-23T17:05:18.845263Z  INFO slatedb::db_reader: refreshed checkpoint [checkpoint_id=d2123ddf-9c8d-4759-a535-4ed917b5911d, expire_time=Some(2026-08-23T17:15:18.840736917Z)]
2026-08-23T17:05:28.850255Z  INFO slatedb::db_reader: refreshed checkpoint [checkpoint_id=d2123ddf-9c8d-4759-a535-4ed917b5911d, expire_time=Some(2026-08-23T17:15:28.845428833Z)]
2026-08-23T17:05:38.853285Z  INFO slatedb::db_reader: refreshed checkpoint [checkpoint_id=d2123ddf-9c8d-4759-a535-4ed917b5911d, expire_time=Some(2026-08-23T17:15:38.848265375Z)]
2026-08-23T17:05:48.854998Z  INFO slatedb::db_reader: refreshed checkpoint [checkpoint_id=d2123ddf-9c8d-4759-a535-4ed917b5911d, expire_time=Some(2026-08-23T17:15:48.849806542Z)]
2026-08-23T17:05:58.861106Z  INFO slatedb::db_reader: refreshed checkpoint [checkpoint_id=d2123ddf-9c8d-4759-a535-4ed917b5911d, expire_time=Some(2026-08-23T17:15:58.855468500Z)]
2026-08-23T17:06:08.862689Z  INFO slatedb::db_reader: refreshed checkpoint [checkpoint_id=d2123ddf-9c8d-4759-a535-4ed917b5911d, expire_time=Some(2026-08-23T17:16:08.857137083Z)]
2026-08-23T17:06:18.864406Z  INFO slatedb::db_reader: refreshed checkpoint [checkpoint_id=d2123ddf-9c8d-4759-a535-4ed917b5911d, expire_time=Some(2026-08-23T17:16:18.858686333Z)]
2026-08-23T17:06:28.863259Z  INFO slatedb::db_reader: refreshed checkpoint [checkpoint_id=d2123ddf-9c8d-4759-a535-4ed917b5911d, expire_time=Some(2026-08-23T17:16:28.857394750Z)]
2026-08-23T17:06:38.864708Z  INFO slatedb::db_reader: refreshed checkpoint [checkpoint_id=d2123ddf-9c8d-4759-a535-4ed917b5911d, expire_time=Some(2026-08-23T17:16:38.859257375Z)]
2026-08-23T17:06:48.874512Z  INFO slatedb::db_reader: refreshed checkpoint [checkpoint_id=d2123ddf-9c8d-4759-a535-4ed917b5911d, expire_time=Some(2026-08-23T17:16:48.868706542Z)]
2026-08-23T17:06:58.865416Z  INFO slatedb::db_reader: refreshed checkpoint [checkpoint_id=d2123ddf-9c8d-4759-a535-4ed917b5911d, expire_time=Some(2026-08-23T17:16:58.860128708Z)]
2026-08-23T17:07:08.871665Z  INFO slatedb::db_reader: refreshed checkpoint [checkpoint_id=d2123ddf-9c8d-4759-a535-4ed917b5911d, expire_time=Some(2026-08-23T17:17:08.865880500Z)]
2026-08-23T17:07:18.878191Z  INFO slatedb::db_reader: refreshed checkpoint [checkpoint_id=d2123ddf-9c8d-4759-a535-4ed917b5911d, expire_time=Some(2026-08-23T17:17:18.872522250Z)]
2026-08-23T17:07:28.879924Z  INFO slatedb::db_reader: refreshed checkpoint [checkpoint_id=d2123ddf-9c8d-4759-a535-4ed917b5911d, expire_time=Some(2026-08-23T17:17:28.873782542Z)]
2026-08-23T17:07:38.875523Z  INFO slatedb::db_reader: refreshed checkpoint [checkpoint_id=d2123ddf-9c8d-4759-a535-4ed917b5911d, expire_time=Some(2026-08-23T17:17:38.869856250Z)]
2026-08-23T17:07:48.898558Z  INFO slatedb::db_reader: refreshed checkpoint [checkpoint_id=d2123ddf-9c8d-4759-a535-4ed917b5911d, expire_time=Some(2026-08-23T17:17:48.892145125Z)]
2026-08-23T17:07:58.906611Z  INFO slatedb::db_reader: refreshed checkpoint [checkpoint_id=d2123ddf-9c8d-4759-a535-4ed917b5911d, expire_time=Some(2026-08-23T17:17:58.890789375Z)]
2026-08-23T17:08:08.887648Z  INFO slatedb::db_reader: refreshed checkpoint [checkpoint_id=d2123ddf-9c8d-4759-a535-4ed917b5911d, expire_time=Some(2026-08-23T17:18:08.881523708Z)]
2026-08-23T17:08:18.918385Z  INFO slatedb::db_reader: refreshed checkpoint [checkpoint_id=d2123ddf-9c8d-4759-a535-4ed917b5911d, expire_time=Some(2026-08-23T17:18:18.911977083Z)]
2026-08-23T17:08:28.888735Z  INFO slatedb::db_reader: refreshed checkpoint [checkpoint_id=d2123ddf-9c8d-4759-a535-4ed917b5911d, expire_time=Some(2026-08-23T17:18:28.882598292Z)]
2026-08-23T17:08:38.892211Z  INFO slatedb::db_reader: refreshed checkpoint [checkpoint_id=d2123ddf-9c8d-4759-a535-4ed917b5911d, expire_time=Some(2026-08-23T17:18:38.885849917Z)]
2026-08-23T17:08:48.902923Z  INFO slatedb::db_reader: refreshed checkpoint [checkpoint_id=d2123ddf-9c8d-4759-a535-4ed917b5911d, expire_time=Some(2026-08-23T17:18:48.896501750Z)]
2026-08-23T17:08:58.894286Z  INFO slatedb::db_reader: refreshed checkpoint [checkpoint_id=d2123ddf-9c8d-4759-a535-4ed917b5911d, expire_time=Some(2026-08-23T17:18:58.888020875Z)]
2026-08-23T17:09:08.895536Z  INFO slatedb::db_reader: refreshed checkpoint [checkpoint_id=d2123ddf-9c8d-4759-a535-4ed917b5911d, expire_time=Some(2026-08-23T17:19:08.889310Z)]
2026-08-23T17:09:18.896864Z  INFO slatedb::db_reader: refreshed checkpoint [checkpoint_id=d2123ddf-9c8d-4759-a535-4ed917b5911d, expire_time=Some(2026-08-23T17:19:18.890601625Z)]
2026-08-23T17:09:28.900447Z  INFO slatedb::db_reader: refreshed checkpoint [checkpoint_id=d2123ddf-9c8d-4759-a535-4ed917b5911d, expire_time=Some(2026-08-23T17:19:28.894051583Z)]
2026-08-23T17:09:38.906975Z  INFO slatedb::db_reader: refreshed checkpoint [checkpoint_id=d2123ddf-9c8d-4759-a535-4ed917b5911d, expire_time=Some(2026-08-23T17:19:38.900274625Z)]
2026-08-23T17:09:48.906710Z  INFO slatedb::db_reader: refreshed checkpoint [checkpoint_id=d2123ddf-9c8d-4759-a535-4ed917b5911d, expire_time=Some(2026-08-23T17:19:48.900016583Z)]
2026-08-23T17:09:58.909196Z  INFO slatedb::db_reader: refreshed checkpoint [checkpoint_id=d2123ddf-9c8d-4759-a535-4ed917b5911d, expire_time=Some(2026-08-23T17:19:58.902438583Z)]
2026-08-23T17:10:08.910817Z  INFO slatedb::db_reader: refreshed checkpoint [checkpoint_id=d2123ddf-9c8d-4759-a535-4ed917b5911d, expire_time=Some(2026-08-23T17:20:08.903827333Z)]
2026-08-23T17:10:18.914437Z  INFO slatedb::db_reader: refreshed checkpoint [checkpoint_id=d2123ddf-9c8d-4759-a535-4ed917b5911d, expire_time=Some(2026-08-23T17:20:18.907398083Z)]
2026-08-23T17:10:28.911834Z  INFO slatedb::db_reader: refreshed checkpoint [checkpoint_id=d2123ddf-9c8d-4759-a535-4ed917b5911d, expire_time=Some(2026-08-23T17:20:28.904821333Z)]
2026-08-23T17:10:38.912876Z  INFO slatedb::db_reader: refreshed checkpoint [checkpoint_id=d2123ddf-9c8d-4759-a535-4ed917b5911d, expire_time=Some(2026-08-23T17:20:38.905855417Z)]
2026-08-23T17:10:48.935091Z  INFO slatedb::db_reader: refreshed checkpoint [checkpoint_id=d2123ddf-9c8d-4759-a535-4ed917b5911d, expire_time=Some(2026-08-23T17:20:48.926764083Z)]
2026-08-23T17:10:58.928585Z  INFO slatedb::db_reader: refreshed checkpoint [checkpoint_id=d2123ddf-9c8d-4759-a535-4ed917b5911d, expire_time=Some(2026-08-23T17:20:58.920439208Z)]
2026-08-23T17:11:08.918355Z  INFO slatedb::db_reader: refreshed checkpoint [checkpoint_id=d2123ddf-9c8d-4759-a535-4ed917b5911d, expire_time=Some(2026-08-23T17:21:08.911232167Z)]
2026-08-23T17:11:18.921075Z  INFO slatedb::db_reader: refreshed checkpoint [checkpoint_id=d2123ddf-9c8d-4759-a535-4ed917b5911d, expire_time=Some(2026-08-23T17:21:18.913812208Z)]
2026-08-23T17:11:28.929111Z  INFO slatedb::db_reader: refreshed checkpoint [checkpoint_id=d2123ddf-9c8d-4759-a535-4ed917b5911d, expire_time=Some(2026-08-23T17:21:28.921621917Z)]
2026-08-23T17:11:38.931597Z  INFO slatedb::db_reader: refreshed checkpoint [checkpoint_id=d2123ddf-9c8d-4759-a535-4ed917b5911d, expire_time=Some(2026-08-23T17:21:38.924140Z)]
2026-08-23T17:11:48.941873Z  INFO slatedb::db_reader: refreshed checkpoint [checkpoint_id=d2123ddf-9c8d-4759-a535-4ed917b5911d, expire_time=Some(2026-08-23T17:21:48.933957208Z)]
2026-08-23T17:11:58.940604Z  INFO slatedb::db_reader: refreshed checkpoint [checkpoint_id=d2123ddf-9c8d-4759-a535-4ed917b5911d, expire_time=Some(2026-08-23T17:21:58.932588792Z)]
2026-08-23T17:12:08.936453Z  INFO slatedb::db_reader: refreshed checkpoint [checkpoint_id=d2123ddf-9c8d-4759-a535-4ed917b5911d, expire_time=Some(2026-08-23T17:22:08.928551042Z)]
2026-08-23T17:12:18.941822Z  INFO slatedb::db_reader: refreshed checkpoint [checkpoint_id=d2123ddf-9c8d-4759-a535-4ed917b5911d, expire_time=Some(2026-08-23T17:22:18.933568625Z)]
2026-08-23T17:12:28.945157Z  INFO slatedb::db_reader: refreshed checkpoint [checkpoint_id=d2123ddf-9c8d-4759-a535-4ed917b5911d, expire_time=Some(2026-08-23T17:22:28.936841792Z)]
2026-08-23T17:12:38.948420Z  INFO slatedb::db_reader: refreshed checkpoint [checkpoint_id=d2123ddf-9c8d-4759-a535-4ed917b5911d, expire_time=Some(2026-08-23T17:22:38.940032292Z)]
2026-08-23T17:12:48.951119Z  INFO slatedb::db_reader: refreshed checkpoint [checkpoint_id=d2123ddf-9c8d-4759-a535-4ed917b5911d, expire_time=Some(2026-08-23T17:22:48.942450708Z)]
2026-08-23T17:12:58.951462Z  INFO slatedb::db_reader: refreshed checkpoint [checkpoint_id=d2123ddf-9c8d-4759-a535-4ed917b5911d, expire_time=Some(2026-08-23T17:22:58.942877250Z)]
2026-08-23T17:13:08.951693Z  INFO slatedb::db_reader: refreshed checkpoint [checkpoint_id=d2123ddf-9c8d-4759-a535-4ed917b5911d, expire_time=Some(2026-08-23T17:23:08.943192542Z)]
2026-08-23T17:13:18.947856Z  INFO slatedb::db_reader: refreshed checkpoint [checkpoint_id=d2123ddf-9c8d-4759-a535-4ed917b5911d, expire_time=Some(2026-08-23T17:23:18.939495Z)]
2026-08-23T17:13:28.965432Z  INFO slatedb::db_reader: refreshed checkpoint [checkpoint_id=d2123ddf-9c8d-4759-a535-4ed917b5911d, expire_time=Some(2026-08-23T17:23:28.955982333Z)]
2026-08-23T17:13:38.951957Z  INFO slatedb::db_reader: refreshed checkpoint [checkpoint_id=d2123ddf-9c8d-4759-a535-4ed917b5911d, expire_time=Some(2026-08-23T17:23:38.942527750Z)]
2026-08-23T17:13:48.954340Z  INFO slatedb::db_reader: refreshed checkpoint [checkpoint_id=d2123ddf-9c8d-4759-a535-4ed917b5911d, expire_time=Some(2026-08-23T17:23:48.945897792Z)]
2026-08-23T17:13:58.958947Z  INFO slatedb::db_reader: refreshed checkpoint [checkpoint_id=d2123ddf-9c8d-4759-a535-4ed917b5911d, expire_time=Some(2026-08-23T17:23:58.949997750Z)]
2026-08-23T17:14:08.983802Z  INFO slatedb::db_reader: refreshed checkpoint [checkpoint_id=d2123ddf-9c8d-4759-a535-4ed917b5911d, expire_time=Some(2026-08-23T17:24:08.972616125Z)]
2026-08-23T17:14:18.970842Z  INFO slatedb::db_reader: refreshed checkpoint [checkpoint_id=d2123ddf-9c8d-4759-a535-4ed917b5911d, expire_time=Some(2026-08-23T17:24:18.960613875Z)]
2026-08-23T17:14:28.966472Z  INFO slatedb::db_reader: refreshed checkpoint [checkpoint_id=d2123ddf-9c8d-4759-a535-4ed917b5911d, expire_time=Some(2026-08-23T17:24:28.957821375Z)]
2026-08-23T17:14:38.965277Z  INFO slatedb::db_reader: refreshed checkpoint [checkpoint_id=d2123ddf-9c8d-4759-a535-4ed917b5911d, expire_time=Some(2026-08-23T17:24:38.955904792Z)]
2026-08-23T17:14:48.967818Z  INFO slatedb::db_reader: refreshed checkpoint [checkpoint_id=d2123ddf-9c8d-4759-a535-4ed917b5911d, expire_time=Some(2026-08-23T17:24:48.958953125Z)]
2026-08-23T17:14:58.994957Z  INFO slatedb::db_reader: refreshed checkpoint [checkpoint_id=d2123ddf-9c8d-4759-a535-4ed917b5911d, expire_time=Some(2026-08-23T17:24:58.973941500Z)]
2026-08-23T17:15:08.988041Z  INFO slatedb::db_reader: refreshed checkpoint [checkpoint_id=d2123ddf-9c8d-4759-a535-4ed917b5911d, expire_time=Some(2026-08-23T17:25:08.960737333Z)]
2026-08-23T17:15:18.993222Z  INFO slatedb::db_reader: refreshed checkpoint [checkpoint_id=d2123ddf-9c8d-4759-a535-4ed917b5911d, expire_time=Some(2026-08-23T17:25:18.961996875Z)]
2026-08-23T17:15:28.996368Z  INFO slatedb::db_reader: refreshed checkpoint [checkpoint_id=d2123ddf-9c8d-4759-a535-4ed917b5911d, expire_time=Some(2026-08-23T17:25:28.963027833Z)]
2026-08-23T17:15:39.001004Z  INFO slatedb::db_reader: refreshed checkpoint [checkpoint_id=d2123ddf-9c8d-4759-a535-4ed917b5911d, expire_time=Some(2026-08-23T17:25:38.966448750Z)]
2026-08-23T17:15:49.002489Z  INFO slatedb::db_reader: refreshed checkpoint [checkpoint_id=d2123ddf-9c8d-4759-a535-4ed917b5911d, expire_time=Some(2026-08-23T17:25:48.967240792Z)]
2026-08-23T17:15:59.005937Z  INFO slatedb::db_reader: refreshed checkpoint [checkpoint_id=d2123ddf-9c8d-4759-a535-4ed917b5911d, expire_time=Some(2026-08-23T17:25:58.970211917Z)]
2026-08-23T17:16:09.007650Z  INFO slatedb::db_reader: refreshed checkpoint [checkpoint_id=d2123ddf-9c8d-4759-a535-4ed917b5911d, expire_time=Some(2026-08-23T17:26:08.971583167Z)]
2026-08-23T17:16:19.016199Z  INFO slatedb::db_reader: refreshed checkpoint [checkpoint_id=d2123ddf-9c8d-4759-a535-4ed917b5911d, expire_time=Some(2026-08-23T17:26:18.979924042Z)]
2026-08-23T17:16:29.017815Z  INFO slatedb::db_reader: refreshed checkpoint [checkpoint_id=d2123ddf-9c8d-4759-a535-4ed917b5911d, expire_time=Some(2026-08-23T17:26:28.981257083Z)]
2026-08-23T17:16:39.020292Z  INFO slatedb::db_reader: refreshed checkpoint [checkpoint_id=d2123ddf-9c8d-4759-a535-4ed917b5911d, expire_time=Some(2026-08-23T17:26:38.983469583Z)]
2026-08-23T17:16:49.025024Z  INFO slatedb::db_reader: refreshed checkpoint [checkpoint_id=d2123ddf-9c8d-4759-a535-4ed917b5911d, expire_time=Some(2026-08-23T17:26:48.987697667Z)]
2026-08-23T17:16:59.027064Z  INFO slatedb::db_reader: refreshed checkpoint [checkpoint_id=d2123ddf-9c8d-4759-a535-4ed917b5911d, expire_time=Some(2026-08-23T17:26:58.989657Z)]
2026-08-23T17:17:09.033198Z  INFO slatedb::db_reader: refreshed checkpoint [checkpoint_id=d2123ddf-9c8d-4759-a535-4ed917b5911d, expire_time=Some(2026-08-23T17:27:08.995640708Z)]
2026-08-23T17:17:19.021944Z  INFO slatedb::db_reader: refreshed checkpoint [checkpoint_id=d2123ddf-9c8d-4759-a535-4ed917b5911d, expire_time=Some(2026-08-23T17:27:18.984364417Z)]
2026-08-23T17:17:29.034220Z  INFO slatedb::db_reader: refreshed checkpoint [checkpoint_id=d2123ddf-9c8d-4759-a535-4ed917b5911d, expire_time=Some(2026-08-23T17:27:28.995947042Z)]
2026-08-23T17:17:39.031151Z  INFO slatedb::db_reader: refreshed checkpoint [checkpoint_id=d2123ddf-9c8d-4759-a535-4ed917b5911d, expire_time=Some(2026-08-23T17:27:38.993251250Z)]
2026-08-23T17:17:49.036908Z  INFO slatedb::db_reader: refreshed checkpoint [checkpoint_id=d2123ddf-9c8d-4759-a535-4ed917b5911d, expire_time=Some(2026-08-23T17:27:48.997513333Z)]
2026-08-23T17:17:59.042663Z  INFO slatedb::db_reader: refreshed checkpoint [checkpoint_id=d2123ddf-9c8d-4759-a535-4ed917b5911d, expire_time=Some(2026-08-23T17:27:59.003711292Z)]
2026-08-23T17:18:09.047174Z  INFO slatedb::db_reader: refreshed checkpoint [checkpoint_id=d2123ddf-9c8d-4759-a535-4ed917b5911d, expire_time=Some(2026-08-23T17:28:09.007027292Z)]
2026-08-23T17:18:19.035246Z  INFO slatedb::db_reader: refreshed checkpoint [checkpoint_id=d2123ddf-9c8d-4759-a535-4ed917b5911d, expire_time=Some(2026-08-23T17:28:18.996904708Z)]
2026-08-23T17:18:29.036469Z  INFO slatedb::db_reader: refreshed checkpoint [checkpoint_id=d2123ddf-9c8d-4759-a535-4ed917b5911d, expire_time=Some(2026-08-23T17:28:28.998009583Z)]
2026-08-23T17:18:39.037195Z  INFO slatedb::db_reader: refreshed checkpoint [checkpoint_id=d2123ddf-9c8d-4759-a535-4ed917b5911d, expire_time=Some(2026-08-23T17:28:38.998556Z)]
2026-08-23T17:18:49.039387Z  INFO slatedb::db_reader: refreshed checkpoint [checkpoint_id=d2123ddf-9c8d-4759-a535-4ed917b5911d, expire_time=Some(2026-08-23T17:28:49.000538208Z)]
2026-08-23T17:18:59.043060Z  INFO slatedb::db_reader: refreshed checkpoint [checkpoint_id=d2123ddf-9c8d-4759-a535-4ed917b5911d, expire_time=Some(2026-08-23T17:28:59.003955458Z)]
2026-08-23T17:19:09.046041Z  INFO slatedb::db_reader: refreshed checkpoint [checkpoint_id=d2123ddf-9c8d-4759-a535-4ed917b5911d, expire_time=Some(2026-08-23T17:29:09.006882167Z)]
2026-08-23T17:19:19.055183Z  INFO slatedb::db_reader: refreshed checkpoint [checkpoint_id=d2123ddf-9c8d-4759-a535-4ed917b5911d, expire_time=Some(2026-08-23T17:29:19.015610167Z)]
2026-08-23T17:19:29.069511Z  INFO slatedb::db_reader: refreshed checkpoint [checkpoint_id=d2123ddf-9c8d-4759-a535-4ed917b5911d, expire_time=Some(2026-08-23T17:29:29.029960083Z)]
2026-08-23T17:19:39.052274Z  INFO slatedb::db_reader: refreshed checkpoint [checkpoint_id=d2123ddf-9c8d-4759-a535-4ed917b5911d, expire_time=Some(2026-08-23T17:29:39.012572333Z)]
2026-08-23T17:19:49.054258Z  INFO slatedb::db_reader: refreshed checkpoint [checkpoint_id=d2123ddf-9c8d-4759-a535-4ed917b5911d, expire_time=Some(2026-08-23T17:29:49.014456875Z)]
2026-08-23T17:19:59.061581Z  INFO slatedb::db_reader: refreshed checkpoint [checkpoint_id=d2123ddf-9c8d-4759-a535-4ed917b5911d, expire_time=Some(2026-08-23T17:29:59.021489042Z)]
2026-08-23T17:20:09.061896Z  INFO slatedb::db_reader: refreshed checkpoint [checkpoint_id=d2123ddf-9c8d-4759-a535-4ed917b5911d, expire_time=Some(2026-08-23T17:30:09.021663375Z)]
2026-08-23T17:20:19.064556Z  INFO slatedb::db_reader: refreshed checkpoint [checkpoint_id=d2123ddf-9c8d-4759-a535-4ed917b5911d, expire_time=Some(2026-08-23T17:30:19.024071625Z)]
2026-08-23T17:20:29.066675Z  INFO slatedb::db_reader: refreshed checkpoint [checkpoint_id=d2123ddf-9c8d-4759-a535-4ed917b5911d, expire_time=Some(2026-08-23T17:30:29.026189208Z)]
2026-08-23T17:20:39.065526Z  INFO slatedb::db_reader: refreshed checkpoint [checkpoint_id=d2123ddf-9c8d-4759-a535-4ed917b5911d, expire_time=Some(2026-08-23T17:30:39.024898125Z)]
2026-08-23T17:20:49.068237Z  INFO slatedb::db_reader: refreshed checkpoint [checkpoint_id=d2123ddf-9c8d-4759-a535-4ed917b5911d, expire_time=Some(2026-08-23T17:30:49.027500833Z)]
2026-08-23T17:20:59.070235Z  INFO slatedb::db_reader: refreshed checkpoint [checkpoint_id=d2123ddf-9c8d-4759-a535-4ed917b5911d, expire_time=Some(2026-08-23T17:30:59.029310750Z)]
2026-08-23T17:21:09.071576Z  INFO slatedb::db_reader: refreshed checkpoint [checkpoint_id=d2123ddf-9c8d-4759-a535-4ed917b5911d, expire_time=Some(2026-08-23T17:31:09.030492875Z)]
2026-08-23T17:21:19.079061Z  INFO slatedb::db_reader: refreshed checkpoint [checkpoint_id=d2123ddf-9c8d-4759-a535-4ed917b5911d, expire_time=Some(2026-08-23T17:31:19.037886208Z)]
2026-08-23T17:21:29.080900Z  INFO slatedb::db_reader: refreshed checkpoint [checkpoint_id=d2123ddf-9c8d-4759-a535-4ed917b5911d, expire_time=Some(2026-08-23T17:31:29.039488583Z)]
2026-08-23T17:21:39.079592Z  INFO slatedb::db_reader: refreshed checkpoint [checkpoint_id=d2123ddf-9c8d-4759-a535-4ed917b5911d, expire_time=Some(2026-08-23T17:31:39.037929083Z)]
2026-08-23T17:21:49.084544Z  INFO slatedb::db_reader: refreshed checkpoint [checkpoint_id=d2123ddf-9c8d-4759-a535-4ed917b5911d, expire_time=Some(2026-08-23T17:31:49.042672875Z)]
2026-08-23T17:21:59.082719Z  INFO slatedb::db_reader: refreshed checkpoint [checkpoint_id=d2123ddf-9c8d-4759-a535-4ed917b5911d, expire_time=Some(2026-08-23T17:31:59.040910708Z)]
2026-08-23T17:22:09.098732Z  INFO slatedb::db_reader: refreshed checkpoint [checkpoint_id=d2123ddf-9c8d-4759-a535-4ed917b5911d, expire_time=Some(2026-08-23T17:32:09.056308792Z)]
2026-08-23T17:22:19.087798Z  INFO slatedb::db_reader: refreshed checkpoint [checkpoint_id=d2123ddf-9c8d-4759-a535-4ed917b5911d, expire_time=Some(2026-08-23T17:32:19.045482458Z)]
2026-08-23T17:22:29.088835Z  INFO slatedb::db_reader: refreshed checkpoint [checkpoint_id=d2123ddf-9c8d-4759-a535-4ed917b5911d, expire_time=Some(2026-08-23T17:32:29.046473750Z)]
2026-08-23T17:22:39.102318Z  INFO slatedb::db_reader: refreshed checkpoint [checkpoint_id=d2123ddf-9c8d-4759-a535-4ed917b5911d, expire_time=Some(2026-08-23T17:32:39.059443667Z)]
2026-08-23T17:22:49.091698Z  INFO slatedb::db_reader: refreshed checkpoint [checkpoint_id=d2123ddf-9c8d-4759-a535-4ed917b5911d, expire_time=Some(2026-08-23T17:32:49.048584958Z)]
2026-08-23T17:22:59.097439Z  INFO slatedb::db_reader: refreshed checkpoint [checkpoint_id=d2123ddf-9c8d-4759-a535-4ed917b5911d, expire_time=Some(2026-08-23T17:32:59.053658375Z)]
2026-08-23T17:23:09.103047Z  INFO slatedb::db_reader: refreshed checkpoint [checkpoint_id=d2123ddf-9c8d-4759-a535-4ed917b5911d, expire_time=Some(2026-08-23T17:33:09.059804250Z)]
2026-08-23T17:23:19.111908Z  INFO slatedb::db_reader: refreshed checkpoint [checkpoint_id=d2123ddf-9c8d-4759-a535-4ed917b5911d, expire_time=Some(2026-08-23T17:33:19.068430292Z)]
2026-08-23T17:23:29.111393Z  INFO slatedb::db_reader: refreshed checkpoint [checkpoint_id=d2123ddf-9c8d-4759-a535-4ed917b5911d, expire_time=Some(2026-08-23T17:33:29.067566625Z)]
2026-08-23T17:23:39.110254Z  INFO slatedb::db_reader: refreshed checkpoint [checkpoint_id=d2123ddf-9c8d-4759-a535-4ed917b5911d, expire_time=Some(2026-08-23T17:33:39.066622417Z)]
2026-08-23T17:23:49.120476Z  INFO slatedb::db_reader: refreshed checkpoint [checkpoint_id=d2123ddf-9c8d-4759-a535-4ed917b5911d, expire_time=Some(2026-08-23T17:33:49.076445833Z)]
2026-08-23T17:23:59.122860Z  INFO slatedb::db_reader: refreshed checkpoint [checkpoint_id=d2123ddf-9c8d-4759-a535-4ed917b5911d, expire_time=Some(2026-08-23T17:33:59.078652958Z)]
2026-08-23T17:24:09.124178Z  INFO slatedb::db_reader: refreshed checkpoint [checkpoint_id=d2123ddf-9c8d-4759-a535-4ed917b5911d, expire_time=Some(2026-08-23T17:34:09.079749125Z)]
2026-08-23T17:24:19.127072Z  INFO slatedb::db_reader: refreshed checkpoint [checkpoint_id=d2123ddf-9c8d-4759-a535-4ed917b5911d, expire_time=Some(2026-08-23T17:34:19.082607375Z)]
2026-08-23T17:24:22.314402Z  INFO rockstream_cli: shutdown signal received — stopping gateway
2026-08-23T17:24:22.353367Z  INFO rockstream: rockstream: node stopped cleanly audit=/var/folders/vq/593qxcm57l90w1dlpywl_7nw0000gn/T/rockstream-r1-local-xovH0g/gateway/audit.jsonl bundle=/var/folders/vq/593qxcm57l90w1dlpywl_7nw0000gn/T/rockstream-r1-local-xovH0g/gateway/support-bundle-1787505862315.json events=7
