2026-08-23T16:29:25.627336Z  INFO rockstream_cli: metrics server started metrics_addr=127.0.0.1:61332
2026-08-23T16:29:25.627807Z  INFO slatedb::db::builder: opening SlateDB database [path=gateway, settings={"flush_interval":"100ms","manifest_poll_interval":"1s","manifest_update_timeout":"300s","min_filter_keys":1000,"l0_sst_size_bytes":67108864,"max_wal_flushes_before_l0_flush":4096,"l0_max_ssts":8,"l0_max_ssts_per_key":8,"l0_flush_parallelism":4,"max_unflushed_bytes":1073741824,"compactor_options":{"poll_interval":"5s","manifest_update_timeout":"300s","max_sst_size":268435456,"max_concurrent_compactions":4,"max_fetch_tasks":4,"scheduler_options":{}},"compression_codec":null,"object_store_cache_options":{"root_folder":null,"max_cache_size_bytes":17179869184,"part_size_bytes":4194304,"cache_puts":false,"preload_disk_cache_on_startup":null,"scan_interval":"3600s","max_open_file_handles":1000},"garbage_collector_options":{"manifest_options":{"interval":"60s","min_age":"300s"},"wal_options":{"interval":"60s","min_age":"300s"},"compacted_options":{"interval":"60s","min_age":"300s"},"compactions_options":{"interval":"60s","min_age":"300s"},"detach_options":{"interval":"60s"}},"default_ttl":null}]
2026-08-23T16:29:25.631217Z  INFO slatedb::compactor_state_protocols: creating new compactions file [compactor_epoch=0]
2026-08-23T16:29:25.739699Z  INFO rockstream_cli: Gateway server starting with auth mode: off
2026-08-23T16:29:25.739947Z  INFO rockstream_cli: PostgreSQL wire gateway ready — connect with: psql -h 127.0.0.1 -p 61327 -U rockstream addr=127.0.0.1:61327
2026-08-23T16:34:25.799798Z  INFO slatedb::db_reader: refreshed checkpoint [checkpoint_id=d2a11aaf-8513-4629-bcc6-8e16d01531f7, expire_time=Some(2026-08-23T16:44:25.798376917Z)]
2026-08-23T16:34:35.802325Z  INFO slatedb::db_reader: refreshed checkpoint [checkpoint_id=d2a11aaf-8513-4629-bcc6-8e16d01531f7, expire_time=Some(2026-08-23T16:44:35.800890458Z)]
2026-08-23T16:34:45.802202Z  INFO slatedb::db_reader: refreshed checkpoint [checkpoint_id=d2a11aaf-8513-4629-bcc6-8e16d01531f7, expire_time=Some(2026-08-23T16:44:45.801051250Z)]
2026-08-23T16:34:55.804988Z  INFO slatedb::db_reader: refreshed checkpoint [checkpoint_id=d2a11aaf-8513-4629-bcc6-8e16d01531f7, expire_time=Some(2026-08-23T16:44:55.803658750Z)]
2026-08-23T16:35:05.807397Z  INFO slatedb::db_reader: refreshed checkpoint [checkpoint_id=d2a11aaf-8513-4629-bcc6-8e16d01531f7, expire_time=Some(2026-08-23T16:45:05.805995500Z)]
2026-08-23T16:35:15.810379Z  INFO slatedb::db_reader: refreshed checkpoint [checkpoint_id=d2a11aaf-8513-4629-bcc6-8e16d01531f7, expire_time=Some(2026-08-23T16:45:15.808943250Z)]
2026-08-23T16:35:25.810074Z  INFO slatedb::db_reader: refreshed checkpoint [checkpoint_id=d2a11aaf-8513-4629-bcc6-8e16d01531f7, expire_time=Some(2026-08-23T16:45:25.808906333Z)]
2026-08-23T16:35:35.812124Z  INFO slatedb::db_reader: refreshed checkpoint [checkpoint_id=d2a11aaf-8513-4629-bcc6-8e16d01531f7, expire_time=Some(2026-08-23T16:45:35.810410792Z)]
2026-08-23T16:35:45.814724Z  INFO slatedb::db_reader: refreshed checkpoint [checkpoint_id=d2a11aaf-8513-4629-bcc6-8e16d01531f7, expire_time=Some(2026-08-23T16:45:45.813367833Z)]
2026-08-23T16:35:55.818621Z  INFO slatedb::db_reader: refreshed checkpoint [checkpoint_id=d2a11aaf-8513-4629-bcc6-8e16d01531f7, expire_time=Some(2026-08-23T16:45:55.817190625Z)]
2026-08-23T16:36:05.821185Z  INFO slatedb::db_reader: refreshed checkpoint [checkpoint_id=d2a11aaf-8513-4629-bcc6-8e16d01531f7, expire_time=Some(2026-08-23T16:46:05.819078875Z)]
2026-08-23T16:36:15.842633Z  INFO slatedb::db_reader: refreshed checkpoint [checkpoint_id=d2a11aaf-8513-4629-bcc6-8e16d01531f7, expire_time=Some(2026-08-23T16:46:15.839882667Z)]
2026-08-23T16:36:25.826896Z  INFO slatedb::db_reader: refreshed checkpoint [checkpoint_id=d2a11aaf-8513-4629-bcc6-8e16d01531f7, expire_time=Some(2026-08-23T16:46:25.825452875Z)]
2026-08-23T16:36:35.842089Z  INFO slatedb::db_reader: refreshed checkpoint [checkpoint_id=d2a11aaf-8513-4629-bcc6-8e16d01531f7, expire_time=Some(2026-08-23T16:46:35.839439625Z)]
2026-08-23T16:36:45.838589Z  INFO slatedb::db_reader: refreshed checkpoint [checkpoint_id=d2a11aaf-8513-4629-bcc6-8e16d01531f7, expire_time=Some(2026-08-23T16:46:45.837162292Z)]
2026-08-23T16:36:55.843413Z  INFO slatedb::db_reader: refreshed checkpoint [checkpoint_id=d2a11aaf-8513-4629-bcc6-8e16d01531f7, expire_time=Some(2026-08-23T16:46:55.840625083Z)]
2026-08-23T16:37:05.833613Z  INFO slatedb::db_reader: refreshed checkpoint [checkpoint_id=d2a11aaf-8513-4629-bcc6-8e16d01531f7, expire_time=Some(2026-08-23T16:47:05.831983292Z)]
2026-08-23T16:37:15.838553Z  INFO slatedb::db_reader: refreshed checkpoint [checkpoint_id=d2a11aaf-8513-4629-bcc6-8e16d01531f7, expire_time=Some(2026-08-23T16:47:15.836316167Z)]
2026-08-23T16:37:25.842205Z  INFO slatedb::db_reader: refreshed checkpoint [checkpoint_id=d2a11aaf-8513-4629-bcc6-8e16d01531f7, expire_time=Some(2026-08-23T16:47:25.839748292Z)]
2026-08-23T16:37:35.841632Z  INFO slatedb::db_reader: refreshed checkpoint [checkpoint_id=d2a11aaf-8513-4629-bcc6-8e16d01531f7, expire_time=Some(2026-08-23T16:47:35.839663250Z)]
2026-08-23T16:37:45.840843Z  INFO slatedb::db_reader: refreshed checkpoint [checkpoint_id=d2a11aaf-8513-4629-bcc6-8e16d01531f7, expire_time=Some(2026-08-23T16:47:45.839274125Z)]
2026-08-23T16:37:55.841007Z  INFO slatedb::db_reader: refreshed checkpoint [checkpoint_id=d2a11aaf-8513-4629-bcc6-8e16d01531f7, expire_time=Some(2026-08-23T16:47:55.839472083Z)]
2026-08-23T16:38:05.842994Z  INFO slatedb::db_reader: refreshed checkpoint [checkpoint_id=d2a11aaf-8513-4629-bcc6-8e16d01531f7, expire_time=Some(2026-08-23T16:48:05.841395333Z)]
2026-08-23T16:38:15.849610Z  INFO slatedb::db_reader: refreshed checkpoint [checkpoint_id=d2a11aaf-8513-4629-bcc6-8e16d01531f7, expire_time=Some(2026-08-23T16:48:15.847413500Z)]
2026-08-23T16:38:25.849387Z  INFO slatedb::db_reader: refreshed checkpoint [checkpoint_id=d2a11aaf-8513-4629-bcc6-8e16d01531f7, expire_time=Some(2026-08-23T16:48:25.847372875Z)]
2026-08-23T16:38:35.856654Z  INFO slatedb::db_reader: refreshed checkpoint [checkpoint_id=d2a11aaf-8513-4629-bcc6-8e16d01531f7, expire_time=Some(2026-08-23T16:48:35.854301292Z)]
2026-08-23T16:38:45.853373Z  INFO slatedb::db_reader: refreshed checkpoint [checkpoint_id=d2a11aaf-8513-4629-bcc6-8e16d01531f7, expire_time=Some(2026-08-23T16:48:45.851268875Z)]
2026-08-23T16:38:55.870318Z  INFO slatedb::db_reader: refreshed checkpoint [checkpoint_id=d2a11aaf-8513-4629-bcc6-8e16d01531f7, expire_time=Some(2026-08-23T16:48:55.867398583Z)]
2026-08-23T16:39:05.873272Z  INFO slatedb::db_reader: refreshed checkpoint [checkpoint_id=d2a11aaf-8513-4629-bcc6-8e16d01531f7, expire_time=Some(2026-08-23T16:49:05.870790208Z)]
2026-08-23T16:39:15.868725Z  INFO slatedb::db_reader: refreshed checkpoint [checkpoint_id=d2a11aaf-8513-4629-bcc6-8e16d01531f7, expire_time=Some(2026-08-23T16:49:15.866519458Z)]
2026-08-23T16:39:25.857149Z  INFO slatedb::db_reader: refreshed checkpoint [checkpoint_id=d2a11aaf-8513-4629-bcc6-8e16d01531f7, expire_time=Some(2026-08-23T16:49:25.855459875Z)]
2026-08-23T16:39:35.872982Z  INFO slatedb::db_reader: refreshed checkpoint [checkpoint_id=d2a11aaf-8513-4629-bcc6-8e16d01531f7, expire_time=Some(2026-08-23T16:49:35.870254292Z)]
2026-08-23T16:39:45.862828Z  INFO slatedb::db_reader: refreshed checkpoint [checkpoint_id=d2a11aaf-8513-4629-bcc6-8e16d01531f7, expire_time=Some(2026-08-23T16:49:45.860556Z)]
2026-08-23T16:39:55.862577Z  INFO slatedb::db_reader: refreshed checkpoint [checkpoint_id=d2a11aaf-8513-4629-bcc6-8e16d01531f7, expire_time=Some(2026-08-23T16:49:55.860858333Z)]
2026-08-23T16:40:05.870267Z  INFO slatedb::db_reader: refreshed checkpoint [checkpoint_id=d2a11aaf-8513-4629-bcc6-8e16d01531f7, expire_time=Some(2026-08-23T16:50:05.868415917Z)]
2026-08-23T16:40:15.867085Z  INFO slatedb::db_reader: refreshed checkpoint [checkpoint_id=d2a11aaf-8513-4629-bcc6-8e16d01531f7, expire_time=Some(2026-08-23T16:50:15.865071917Z)]
2026-08-23T16:40:25.868540Z  INFO slatedb::db_reader: refreshed checkpoint [checkpoint_id=d2a11aaf-8513-4629-bcc6-8e16d01531f7, expire_time=Some(2026-08-23T16:50:25.866539292Z)]
2026-08-23T16:40:35.884143Z  INFO slatedb::db_reader: refreshed checkpoint [checkpoint_id=d2a11aaf-8513-4629-bcc6-8e16d01531f7, expire_time=Some(2026-08-23T16:50:35.881261917Z)]
2026-08-23T16:40:45.883189Z  INFO slatedb::db_reader: refreshed checkpoint [checkpoint_id=d2a11aaf-8513-4629-bcc6-8e16d01531f7, expire_time=Some(2026-08-23T16:50:45.880653333Z)]
2026-08-23T16:40:55.887780Z  INFO slatedb::db_reader: refreshed checkpoint [checkpoint_id=d2a11aaf-8513-4629-bcc6-8e16d01531f7, expire_time=Some(2026-08-23T16:50:55.884912583Z)]
2026-08-23T16:41:05.887951Z  INFO slatedb::db_reader: refreshed checkpoint [checkpoint_id=d2a11aaf-8513-4629-bcc6-8e16d01531f7, expire_time=Some(2026-08-23T16:51:05.885217625Z)]
2026-08-23T16:41:15.890450Z  INFO slatedb::db_reader: refreshed checkpoint [checkpoint_id=d2a11aaf-8513-4629-bcc6-8e16d01531f7, expire_time=Some(2026-08-23T16:51:15.887656542Z)]
2026-08-23T16:41:25.889989Z  INFO slatedb::db_reader: refreshed checkpoint [checkpoint_id=d2a11aaf-8513-4629-bcc6-8e16d01531f7, expire_time=Some(2026-08-23T16:51:25.887418583Z)]
2026-08-23T16:41:35.891838Z  INFO slatedb::db_reader: refreshed checkpoint [checkpoint_id=d2a11aaf-8513-4629-bcc6-8e16d01531f7, expire_time=Some(2026-08-23T16:51:35.889715417Z)]
2026-08-23T16:41:45.895956Z  INFO slatedb::db_reader: refreshed checkpoint [checkpoint_id=d2a11aaf-8513-4629-bcc6-8e16d01531f7, expire_time=Some(2026-08-23T16:51:45.893766708Z)]
2026-08-23T16:41:55.897253Z  INFO slatedb::db_reader: refreshed checkpoint [checkpoint_id=d2a11aaf-8513-4629-bcc6-8e16d01531f7, expire_time=Some(2026-08-23T16:51:55.895152958Z)]
2026-08-23T16:42:05.900788Z  INFO slatedb::db_reader: refreshed checkpoint [checkpoint_id=d2a11aaf-8513-4629-bcc6-8e16d01531f7, expire_time=Some(2026-08-23T16:52:05.898098125Z)]
2026-08-23T16:42:15.902283Z  INFO slatedb::db_reader: refreshed checkpoint [checkpoint_id=d2a11aaf-8513-4629-bcc6-8e16d01531f7, expire_time=Some(2026-08-23T16:52:15.900056708Z)]
2026-08-23T16:42:25.906123Z  INFO slatedb::db_reader: refreshed checkpoint [checkpoint_id=d2a11aaf-8513-4629-bcc6-8e16d01531f7, expire_time=Some(2026-08-23T16:52:25.903896417Z)]
2026-08-23T16:42:35.913547Z  INFO slatedb::db_reader: refreshed checkpoint [checkpoint_id=d2a11aaf-8513-4629-bcc6-8e16d01531f7, expire_time=Some(2026-08-23T16:52:35.910582042Z)]
2026-08-23T16:42:45.911864Z  INFO slatedb::db_reader: refreshed checkpoint [checkpoint_id=d2a11aaf-8513-4629-bcc6-8e16d01531f7, expire_time=Some(2026-08-23T16:52:45.908915667Z)]
2026-08-23T16:42:55.914781Z  INFO slatedb::db_reader: refreshed checkpoint [checkpoint_id=d2a11aaf-8513-4629-bcc6-8e16d01531f7, expire_time=Some(2026-08-23T16:52:55.911965417Z)]
2026-08-23T16:43:05.924788Z  INFO slatedb::db_reader: refreshed checkpoint [checkpoint_id=d2a11aaf-8513-4629-bcc6-8e16d01531f7, expire_time=Some(2026-08-23T16:53:05.915235125Z)]
2026-08-23T16:43:15.922315Z  INFO slatedb::db_reader: refreshed checkpoint [checkpoint_id=d2a11aaf-8513-4629-bcc6-8e16d01531f7, expire_time=Some(2026-08-23T16:53:15.906214708Z)]
2026-08-23T16:43:25.924790Z  INFO slatedb::db_reader: refreshed checkpoint [checkpoint_id=d2a11aaf-8513-4629-bcc6-8e16d01531f7, expire_time=Some(2026-08-23T16:53:25.905345292Z)]
2026-08-23T16:43:35.931808Z  INFO slatedb::db_reader: refreshed checkpoint [checkpoint_id=d2a11aaf-8513-4629-bcc6-8e16d01531f7, expire_time=Some(2026-08-23T16:53:35.910328083Z)]
2026-08-23T16:43:45.935824Z  INFO slatedb::db_reader: refreshed checkpoint [checkpoint_id=d2a11aaf-8513-4629-bcc6-8e16d01531f7, expire_time=Some(2026-08-23T16:53:45.913322208Z)]
2026-08-23T16:43:55.935464Z  INFO slatedb::db_reader: refreshed checkpoint [checkpoint_id=d2a11aaf-8513-4629-bcc6-8e16d01531f7, expire_time=Some(2026-08-23T16:53:55.912593625Z)]
2026-08-23T16:44:05.934651Z  INFO slatedb::db_reader: refreshed checkpoint [checkpoint_id=d2a11aaf-8513-4629-bcc6-8e16d01531f7, expire_time=Some(2026-08-23T16:54:05.911746292Z)]
2026-08-23T16:44:15.935071Z  INFO slatedb::db_reader: refreshed checkpoint [checkpoint_id=d2a11aaf-8513-4629-bcc6-8e16d01531f7, expire_time=Some(2026-08-23T16:54:15.912024750Z)]
2026-08-23T16:44:25.936758Z  INFO slatedb::db_reader: refreshed checkpoint [checkpoint_id=d2a11aaf-8513-4629-bcc6-8e16d01531f7, expire_time=Some(2026-08-23T16:54:25.913494625Z)]
2026-08-23T16:44:35.935777Z  INFO slatedb::db_reader: refreshed checkpoint [checkpoint_id=d2a11aaf-8513-4629-bcc6-8e16d01531f7, expire_time=Some(2026-08-23T16:54:35.912473292Z)]
2026-08-23T16:44:45.936588Z  INFO slatedb::db_reader: refreshed checkpoint [checkpoint_id=d2a11aaf-8513-4629-bcc6-8e16d01531f7, expire_time=Some(2026-08-23T16:54:45.913287Z)]
2026-08-23T16:44:55.938132Z  INFO slatedb::db_reader: refreshed checkpoint [checkpoint_id=d2a11aaf-8513-4629-bcc6-8e16d01531f7, expire_time=Some(2026-08-23T16:54:55.914780167Z)]
2026-08-23T16:45:05.944802Z  INFO slatedb::db_reader: refreshed checkpoint [checkpoint_id=d2a11aaf-8513-4629-bcc6-8e16d01531f7, expire_time=Some(2026-08-23T16:55:05.921282125Z)]
2026-08-23T16:45:15.948909Z  INFO slatedb::db_reader: refreshed checkpoint [checkpoint_id=d2a11aaf-8513-4629-bcc6-8e16d01531f7, expire_time=Some(2026-08-23T16:55:15.925305292Z)]
2026-08-23T16:45:25.946525Z  INFO slatedb::db_reader: refreshed checkpoint [checkpoint_id=d2a11aaf-8513-4629-bcc6-8e16d01531f7, expire_time=Some(2026-08-23T16:55:25.922841667Z)]
2026-08-23T16:45:35.957862Z  INFO slatedb::db_reader: refreshed checkpoint [checkpoint_id=d2a11aaf-8513-4629-bcc6-8e16d01531f7, expire_time=Some(2026-08-23T16:55:35.933897333Z)]
2026-08-23T16:45:45.954948Z  INFO slatedb::db_reader: refreshed checkpoint [checkpoint_id=d2a11aaf-8513-4629-bcc6-8e16d01531f7, expire_time=Some(2026-08-23T16:55:45.930746875Z)]
2026-08-23T16:45:55.959457Z  INFO slatedb::db_reader: refreshed checkpoint [checkpoint_id=d2a11aaf-8513-4629-bcc6-8e16d01531f7, expire_time=Some(2026-08-23T16:55:55.934965917Z)]
2026-08-23T16:46:05.960193Z  INFO slatedb::db_reader: refreshed checkpoint [checkpoint_id=d2a11aaf-8513-4629-bcc6-8e16d01531f7, expire_time=Some(2026-08-23T16:56:05.935912917Z)]
2026-08-23T16:46:15.961693Z  INFO slatedb::db_reader: refreshed checkpoint [checkpoint_id=d2a11aaf-8513-4629-bcc6-8e16d01531f7, expire_time=Some(2026-08-23T16:56:15.937252917Z)]
2026-08-23T16:46:25.960424Z  INFO slatedb::db_reader: refreshed checkpoint [checkpoint_id=d2a11aaf-8513-4629-bcc6-8e16d01531f7, expire_time=Some(2026-08-23T16:56:25.936135750Z)]
2026-08-23T16:46:35.966822Z  INFO slatedb::db_reader: refreshed checkpoint [checkpoint_id=d2a11aaf-8513-4629-bcc6-8e16d01531f7, expire_time=Some(2026-08-23T16:56:35.942055833Z)]
2026-08-23T16:46:45.965691Z  INFO slatedb::db_reader: refreshed checkpoint [checkpoint_id=d2a11aaf-8513-4629-bcc6-8e16d01531f7, expire_time=Some(2026-08-23T16:56:45.941290792Z)]
2026-08-23T16:46:55.969564Z  INFO slatedb::db_reader: refreshed checkpoint [checkpoint_id=d2a11aaf-8513-4629-bcc6-8e16d01531f7, expire_time=Some(2026-08-23T16:56:55.944700667Z)]
2026-08-23T16:47:05.966012Z  INFO slatedb::db_reader: refreshed checkpoint [checkpoint_id=d2a11aaf-8513-4629-bcc6-8e16d01531f7, expire_time=Some(2026-08-23T16:57:05.941609708Z)]
2026-08-23T16:47:15.967268Z  INFO slatedb::db_reader: refreshed checkpoint [checkpoint_id=d2a11aaf-8513-4629-bcc6-8e16d01531f7, expire_time=Some(2026-08-23T16:57:15.942831542Z)]
2026-08-23T16:47:25.973428Z  INFO slatedb::db_reader: refreshed checkpoint [checkpoint_id=d2a11aaf-8513-4629-bcc6-8e16d01531f7, expire_time=Some(2026-08-23T16:57:25.948781875Z)]
2026-08-23T16:47:35.982621Z  INFO slatedb::db_reader: refreshed checkpoint [checkpoint_id=d2a11aaf-8513-4629-bcc6-8e16d01531f7, expire_time=Some(2026-08-23T16:57:35.957489875Z)]
2026-08-23T16:47:45.995996Z  INFO slatedb::db_reader: refreshed checkpoint [checkpoint_id=d2a11aaf-8513-4629-bcc6-8e16d01531f7, expire_time=Some(2026-08-23T16:57:45.971095667Z)]
2026-08-23T16:47:55.989079Z  INFO slatedb::db_reader: refreshed checkpoint [checkpoint_id=d2a11aaf-8513-4629-bcc6-8e16d01531f7, expire_time=Some(2026-08-23T16:57:55.963885333Z)]
2026-08-23T16:48:05.987546Z  INFO slatedb::db_reader: refreshed checkpoint [checkpoint_id=d2a11aaf-8513-4629-bcc6-8e16d01531f7, expire_time=Some(2026-08-23T16:58:05.962280500Z)]
2026-08-23T16:48:15.994619Z  INFO slatedb::db_reader: refreshed checkpoint [checkpoint_id=d2a11aaf-8513-4629-bcc6-8e16d01531f7, expire_time=Some(2026-08-23T16:58:15.969260500Z)]
2026-08-23T16:48:25.989736Z  INFO slatedb::db_reader: refreshed checkpoint [checkpoint_id=d2a11aaf-8513-4629-bcc6-8e16d01531f7, expire_time=Some(2026-08-23T16:58:25.964516583Z)]
2026-08-23T16:48:35.995175Z  INFO slatedb::db_reader: refreshed checkpoint [checkpoint_id=d2a11aaf-8513-4629-bcc6-8e16d01531f7, expire_time=Some(2026-08-23T16:58:35.969809542Z)]
2026-08-23T16:48:46.000096Z  INFO slatedb::db_reader: refreshed checkpoint [checkpoint_id=d2a11aaf-8513-4629-bcc6-8e16d01531f7, expire_time=Some(2026-08-23T16:58:45.974341833Z)]
2026-08-23T16:48:56.000138Z  INFO slatedb::db_reader: refreshed checkpoint [checkpoint_id=d2a11aaf-8513-4629-bcc6-8e16d01531f7, expire_time=Some(2026-08-23T16:58:55.974394792Z)]
2026-08-23T16:49:06.004393Z  INFO slatedb::db_reader: refreshed checkpoint [checkpoint_id=d2a11aaf-8513-4629-bcc6-8e16d01531f7, expire_time=Some(2026-08-23T16:59:05.978696292Z)]
2026-08-23T16:49:16.003183Z  INFO slatedb::db_reader: refreshed checkpoint [checkpoint_id=d2a11aaf-8513-4629-bcc6-8e16d01531f7, expire_time=Some(2026-08-23T16:59:15.977398167Z)]
2026-08-23T16:49:25.996330Z  INFO slatedb::db_reader: refreshed checkpoint [checkpoint_id=d2a11aaf-8513-4629-bcc6-8e16d01531f7, expire_time=Some(2026-08-23T16:59:25.970810625Z)]
2026-08-23T16:49:36.007716Z  INFO slatedb::db_reader: refreshed checkpoint [checkpoint_id=d2a11aaf-8513-4629-bcc6-8e16d01531f7, expire_time=Some(2026-08-23T16:59:35.981628500Z)]
2026-08-23T16:49:46.011611Z  INFO slatedb::db_reader: refreshed checkpoint [checkpoint_id=d2a11aaf-8513-4629-bcc6-8e16d01531f7, expire_time=Some(2026-08-23T16:59:45.985495167Z)]
2026-08-23T16:49:56.007860Z  INFO slatedb::db_reader: refreshed checkpoint [checkpoint_id=d2a11aaf-8513-4629-bcc6-8e16d01531f7, expire_time=Some(2026-08-23T16:59:55.981760Z)]
2026-08-23T16:50:06.014186Z  INFO slatedb::db_reader: refreshed checkpoint [checkpoint_id=d2a11aaf-8513-4629-bcc6-8e16d01531f7, expire_time=Some(2026-08-23T17:00:05.988215792Z)]
2026-08-23T16:50:16.015677Z  INFO slatedb::db_reader: refreshed checkpoint [checkpoint_id=d2a11aaf-8513-4629-bcc6-8e16d01531f7, expire_time=Some(2026-08-23T17:00:15.989598375Z)]
2026-08-23T16:50:26.009225Z  INFO slatedb::db_reader: refreshed checkpoint [checkpoint_id=d2a11aaf-8513-4629-bcc6-8e16d01531f7, expire_time=Some(2026-08-23T17:00:25.983228500Z)]
2026-08-23T16:50:36.021399Z  INFO slatedb::db_reader: refreshed checkpoint [checkpoint_id=d2a11aaf-8513-4629-bcc6-8e16d01531f7, expire_time=Some(2026-08-23T17:00:35.995063375Z)]
2026-08-23T16:50:46.019872Z  INFO slatedb::db_reader: refreshed checkpoint [checkpoint_id=d2a11aaf-8513-4629-bcc6-8e16d01531f7, expire_time=Some(2026-08-23T17:00:45.993324250Z)]
2026-08-23T16:50:56.026386Z  INFO slatedb::db_reader: refreshed checkpoint [checkpoint_id=d2a11aaf-8513-4629-bcc6-8e16d01531f7, expire_time=Some(2026-08-23T17:00:55.999661042Z)]
2026-08-23T16:51:06.037829Z  INFO slatedb::db_reader: refreshed checkpoint [checkpoint_id=d2a11aaf-8513-4629-bcc6-8e16d01531f7, expire_time=Some(2026-08-23T17:01:06.010852667Z)]
2026-08-23T16:51:16.038286Z  INFO slatedb::db_reader: refreshed checkpoint [checkpoint_id=d2a11aaf-8513-4629-bcc6-8e16d01531f7, expire_time=Some(2026-08-23T17:01:16.011319375Z)]
2026-08-23T16:51:26.020034Z  INFO slatedb::db_reader: refreshed checkpoint [checkpoint_id=d2a11aaf-8513-4629-bcc6-8e16d01531f7, expire_time=Some(2026-08-23T17:01:25.993540083Z)]
2026-08-23T16:51:36.047307Z  INFO slatedb::db_reader: refreshed checkpoint [checkpoint_id=d2a11aaf-8513-4629-bcc6-8e16d01531f7, expire_time=Some(2026-08-23T17:01:36.020016958Z)]
2026-08-23T16:51:46.026656Z  INFO slatedb::db_reader: refreshed checkpoint [checkpoint_id=d2a11aaf-8513-4629-bcc6-8e16d01531f7, expire_time=Some(2026-08-23T17:01:46.000269083Z)]
2026-08-23T16:51:56.029312Z  INFO slatedb::db_reader: refreshed checkpoint [checkpoint_id=d2a11aaf-8513-4629-bcc6-8e16d01531f7, expire_time=Some(2026-08-23T17:01:56.002365083Z)]
2026-08-23T16:52:06.027791Z  INFO slatedb::db_reader: refreshed checkpoint [checkpoint_id=d2a11aaf-8513-4629-bcc6-8e16d01531f7, expire_time=Some(2026-08-23T17:02:06.001193042Z)]
2026-08-23T16:52:16.040936Z  INFO slatedb::db_reader: refreshed checkpoint [checkpoint_id=d2a11aaf-8513-4629-bcc6-8e16d01531f7, expire_time=Some(2026-08-23T17:02:16.013865583Z)]
2026-08-23T16:52:26.030816Z  INFO slatedb::db_reader: refreshed checkpoint [checkpoint_id=d2a11aaf-8513-4629-bcc6-8e16d01531f7, expire_time=Some(2026-08-23T17:02:26.003949542Z)]
2026-08-23T16:52:36.051977Z  INFO slatedb::db_reader: refreshed checkpoint [checkpoint_id=d2a11aaf-8513-4629-bcc6-8e16d01531f7, expire_time=Some(2026-08-23T17:02:36.024366792Z)]
2026-08-23T16:52:46.046200Z  INFO slatedb::db_reader: refreshed checkpoint [checkpoint_id=d2a11aaf-8513-4629-bcc6-8e16d01531f7, expire_time=Some(2026-08-23T17:02:46.018905958Z)]
2026-08-23T16:52:56.034174Z  INFO slatedb::db_reader: refreshed checkpoint [checkpoint_id=d2a11aaf-8513-4629-bcc6-8e16d01531f7, expire_time=Some(2026-08-23T17:02:56.006942208Z)]
2026-08-23T16:53:06.035816Z  INFO slatedb::db_reader: refreshed checkpoint [checkpoint_id=d2a11aaf-8513-4629-bcc6-8e16d01531f7, expire_time=Some(2026-08-23T17:03:06.008757458Z)]
2026-08-23T16:53:16.039799Z  INFO slatedb::db_reader: refreshed checkpoint [checkpoint_id=d2a11aaf-8513-4629-bcc6-8e16d01531f7, expire_time=Some(2026-08-23T17:03:16.012681417Z)]
2026-08-23T16:53:26.042163Z  INFO slatedb::db_reader: refreshed checkpoint [checkpoint_id=d2a11aaf-8513-4629-bcc6-8e16d01531f7, expire_time=Some(2026-08-23T17:03:26.014932250Z)]
2026-08-23T16:53:36.048024Z  INFO slatedb::db_reader: refreshed checkpoint [checkpoint_id=d2a11aaf-8513-4629-bcc6-8e16d01531f7, expire_time=Some(2026-08-23T17:03:36.020543750Z)]
2026-08-23T16:53:46.047149Z  INFO slatedb::db_reader: refreshed checkpoint [checkpoint_id=d2a11aaf-8513-4629-bcc6-8e16d01531f7, expire_time=Some(2026-08-23T17:03:46.019736208Z)]
2026-08-23T16:53:56.050758Z  INFO slatedb::db_reader: refreshed checkpoint [checkpoint_id=d2a11aaf-8513-4629-bcc6-8e16d01531f7, expire_time=Some(2026-08-23T17:03:56.023262958Z)]
2026-08-23T16:54:06.051472Z  INFO slatedb::db_reader: refreshed checkpoint [checkpoint_id=d2a11aaf-8513-4629-bcc6-8e16d01531f7, expire_time=Some(2026-08-23T17:04:06.023927Z)]
2026-08-23T16:54:16.049619Z  INFO slatedb::db_reader: refreshed checkpoint [checkpoint_id=d2a11aaf-8513-4629-bcc6-8e16d01531f7, expire_time=Some(2026-08-23T17:04:16.022102292Z)]
2026-08-23T16:54:26.053678Z  INFO slatedb::db_reader: refreshed checkpoint [checkpoint_id=d2a11aaf-8513-4629-bcc6-8e16d01531f7, expire_time=Some(2026-08-23T17:04:26.026078208Z)]
2026-08-23T16:54:36.056936Z  INFO slatedb::db_reader: refreshed checkpoint [checkpoint_id=d2a11aaf-8513-4629-bcc6-8e16d01531f7, expire_time=Some(2026-08-23T17:04:36.029265708Z)]
2026-08-23T16:54:46.065381Z  INFO slatedb::db_reader: refreshed checkpoint [checkpoint_id=d2a11aaf-8513-4629-bcc6-8e16d01531f7, expire_time=Some(2026-08-23T17:04:46.037415667Z)]
2026-08-23T16:54:56.055353Z  INFO slatedb::db_reader: refreshed checkpoint [checkpoint_id=d2a11aaf-8513-4629-bcc6-8e16d01531f7, expire_time=Some(2026-08-23T17:04:56.027351708Z)]
2026-08-23T16:55:06.057697Z  INFO slatedb::db_reader: refreshed checkpoint [checkpoint_id=d2a11aaf-8513-4629-bcc6-8e16d01531f7, expire_time=Some(2026-08-23T17:05:06.029645Z)]
2026-08-23T16:55:16.073713Z  INFO slatedb::db_reader: refreshed checkpoint [checkpoint_id=d2a11aaf-8513-4629-bcc6-8e16d01531f7, expire_time=Some(2026-08-23T17:05:16.045450625Z)]
2026-08-23T16:55:26.068657Z  INFO slatedb::db_reader: refreshed checkpoint [checkpoint_id=d2a11aaf-8513-4629-bcc6-8e16d01531f7, expire_time=Some(2026-08-23T17:05:26.040378625Z)]
2026-08-23T16:55:36.065497Z  INFO slatedb::db_reader: refreshed checkpoint [checkpoint_id=d2a11aaf-8513-4629-bcc6-8e16d01531f7, expire_time=Some(2026-08-23T17:05:36.037288167Z)]
2026-08-23T16:55:46.079390Z  INFO slatedb::db_reader: refreshed checkpoint [checkpoint_id=d2a11aaf-8513-4629-bcc6-8e16d01531f7, expire_time=Some(2026-08-23T17:05:46.050816542Z)]
2026-08-23T16:55:56.082084Z  INFO slatedb::db_reader: refreshed checkpoint [checkpoint_id=d2a11aaf-8513-4629-bcc6-8e16d01531f7, expire_time=Some(2026-08-23T17:05:56.053491667Z)]
2026-08-23T16:56:06.081194Z  INFO slatedb::db_reader: refreshed checkpoint [checkpoint_id=d2a11aaf-8513-4629-bcc6-8e16d01531f7, expire_time=Some(2026-08-23T17:06:06.052454333Z)]
2026-08-23T16:56:16.083866Z  INFO slatedb::db_reader: refreshed checkpoint [checkpoint_id=d2a11aaf-8513-4629-bcc6-8e16d01531f7, expire_time=Some(2026-08-23T17:06:16.055134792Z)]
2026-08-23T16:56:26.074437Z  INFO slatedb::db_reader: refreshed checkpoint [checkpoint_id=d2a11aaf-8513-4629-bcc6-8e16d01531f7, expire_time=Some(2026-08-23T17:06:26.045896542Z)]
2026-08-23T16:56:32.389058Z  INFO rockstream_cli: shutdown signal received — stopping gateway
2026-08-23T16:56:32.418351Z  INFO rockstream: rockstream: node stopped cleanly audit=/var/folders/vq/593qxcm57l90w1dlpywl_7nw0000gn/T/rockstream-r1-local-LL1aXu/gateway/audit.jsonl bundle=/var/folders/vq/593qxcm57l90w1dlpywl_7nw0000gn/T/rockstream-r1-local-LL1aXu/gateway/support-bundle-1787504192390.json events=7
